[4.299s] Invoking command in '/home/unitree/106a_final/src/aruco_node': PYTHONPATH=/home/unitree/106a_final/build/aruco_node/prefix_override:/home/unitree/106a_final/install/aruco_node/lib/python3.8/site-packages:${PYTHONPATH} /usr/bin/python3 setup.py egg_info --egg-base ../../build/aruco_node build --build-base /home/unitree/106a_final/build/aruco_node/build install --record /home/unitree/106a_final/build/aruco_node/install.log --single-version-externally-managed
[4.926s] running egg_info
[4.928s] writing ../../build/aruco_node/aruco_node.egg-info/PKG-INFO
[4.942s] writing dependency_links to ../../build/aruco_node/aruco_node.egg-info/dependency_links.txt
[4.942s] writing entry points to ../../build/aruco_node/aruco_node.egg-info/entry_points.txt
[4.942s] writing requirements to ../../build/aruco_node/aruco_node.egg-info/requires.txt
[4.942s] writing top-level names to ../../build/aruco_node/aruco_node.egg-info/top_level.txt
[5.062s] reading manifest file '../../build/aruco_node/aruco_node.egg-info/SOURCES.txt'
[5.071s] writing manifest file '../../build/aruco_node/aruco_node.egg-info/SOURCES.txt'
[5.073s] running build
[5.073s] running build_py
[5.086s] running install
[5.088s] running install_lib
[5.091s] running install_data
[5.101s] running install_egg_info
[5.105s] removing '/home/unitree/106a_final/install/aruco_node/lib/python3.8/site-packages/aruco_node-0.0.0-py3.8.egg-info' (and everything under it)
[5.106s] Copying ../../build/aruco_node/aruco_node.egg-info to /home/unitree/106a_final/install/aruco_node/lib/python3.8/site-packages/aruco_node-0.0.0-py3.8.egg-info
[5.118s] running install_scripts
[5.199s] Installing aruco script to /home/unitree/106a_final/install/aruco_node/lib/aruco_node
[5.208s] writing list of installed files to '/home/unitree/106a_final/build/aruco_node/install.log'
[6.913s] Invoked command in '/home/unitree/106a_final/src/aruco_node' returned '0': PYTHONPATH=/home/unitree/106a_final/build/aruco_node/prefix_override:/home/unitree/106a_final/install/aruco_node/lib/python3.8/site-packages:${PYTHONPATH} /usr/bin/python3 setup.py egg_info --egg-base ../../build/aruco_node build --build-base /home/unitree/106a_final/build/aruco_node/build install --record /home/unitree/106a_final/build/aruco_node/install.log --single-version-externally-managed
