[11.553s] Invoking command in '/home/unitree/106a_final/src/navigation_return_node': PYTHONPATH=/home/unitree/106a_final/build/navigation_return_node/prefix_override:/home/unitree/106a_final/install/navigation_return_node/lib/python3.8/site-packages:${PYTHONPATH} /usr/bin/python3 setup.py egg_info --egg-base ../../build/navigation_return_node build --build-base /home/unitree/106a_final/build/navigation_return_node/build install --record /home/unitree/106a_final/build/navigation_return_node/install.log --install-scripts $base/lib/navigation_return_node --single-version-externally-managed
[12.617s] running egg_info
[12.623s] writing ../../build/navigation_return_node/navigation_return_node.egg-info/PKG-INFO
[12.628s] writing dependency_links to ../../build/navigation_return_node/navigation_return_node.egg-info/dependency_links.txt
[12.630s] writing entry points to ../../build/navigation_return_node/navigation_return_node.egg-info/entry_points.txt
[12.632s] writing requirements to ../../build/navigation_return_node/navigation_return_node.egg-info/requires.txt
[12.632s] writing top-level names to ../../build/navigation_return_node/navigation_return_node.egg-info/top_level.txt
[12.769s] reading manifest file '../../build/navigation_return_node/navigation_return_node.egg-info/SOURCES.txt'
[12.771s] writing manifest file '../../build/navigation_return_node/navigation_return_node.egg-info/SOURCES.txt'
[12.771s] running build
[12.772s] running build_py
[12.772s] copying navigation_return_node/return_navigator.py -> /home/unitree/106a_final/build/navigation_return_node/build/lib/navigation_return_node
[12.772s] copying navigation_return_node/gripper_release_node.py -> /home/unitree/106a_final/build/navigation_return_node/build/lib/navigation_return_node
[12.773s] running install
[12.775s] running install_lib
[12.778s] copying /home/unitree/106a_final/build/navigation_return_node/build/lib/navigation_return_node/return_navigator.py -> /home/unitree/106a_final/install/navigation_return_node/lib/python3.8/site-packages/navigation_return_node
[12.778s] copying /home/unitree/106a_final/build/navigation_return_node/build/lib/navigation_return_node/gripper_release_node.py -> /home/unitree/106a_final/install/navigation_return_node/lib/python3.8/site-packages/navigation_return_node
[12.780s] byte-compiling /home/unitree/106a_final/install/navigation_return_node/lib/python3.8/site-packages/navigation_return_node/return_navigator.py to return_navigator.cpython-38.pyc
[12.785s] byte-compiling /home/unitree/106a_final/install/navigation_return_node/lib/python3.8/site-packages/navigation_return_node/gripper_release_node.py to gripper_release_node.cpython-38.pyc
[12.786s] running install_data
[12.788s] running install_egg_info
[12.792s] removing '/home/unitree/106a_final/install/navigation_return_node/lib/python3.8/site-packages/navigation_return_node-0.0.0-py3.8.egg-info' (and everything under it)
[12.794s] Copying ../../build/navigation_return_node/navigation_return_node.egg-info to /home/unitree/106a_final/install/navigation_return_node/lib/python3.8/site-packages/navigation_return_node-0.0.0-py3.8.egg-info
[12.795s] running install_scripts
[12.860s] Installing gripper_release_node script to /home/unitree/106a_final/install/navigation_return_node/lib/navigation_return_node
[12.860s] Installing return_navigator script to /home/unitree/106a_final/install/navigation_return_node/lib/navigation_return_node
[12.861s] writing list of installed files to '/home/unitree/106a_final/build/navigation_return_node/install.log'
[14.089s] Invoked command in '/home/unitree/106a_final/src/navigation_return_node' returned '0': PYTHONPATH=/home/unitree/106a_final/build/navigation_return_node/prefix_override:/home/unitree/106a_final/install/navigation_return_node/lib/python3.8/site-packages:${PYTHONPATH} /usr/bin/python3 setup.py egg_info --egg-base ../../build/navigation_return_node build --build-base /home/unitree/106a_final/build/navigation_return_node/build install --record /home/unitree/106a_final/build/navigation_return_node/install.log --install-scripts $base/lib/navigation_return_node --single-version-externally-managed
