[19.742s] Invoking command in '/home/unitree/106a_final/src/navigation_node_three': PYTHONPATH=/home/unitree/106a_final/build/navigation_node_three/prefix_override:/home/unitree/106a_final/install/navigation_node_three/lib/python3.8/site-packages:${PYTHONPATH} /usr/bin/python3 setup.py egg_info --egg-base ../../build/navigation_node_three build --build-base /home/unitree/106a_final/build/navigation_node_three/build install --record /home/unitree/106a_final/build/navigation_node_three/install.log --install-scripts $base/lib/navigation_node_three --single-version-externally-managed
[20.476s] running egg_info
[20.488s] writing ../../build/navigation_node_three/navigation_node_three.egg-info/PKG-INFO
[20.492s] writing dependency_links to ../../build/navigation_node_three/navigation_node_three.egg-info/dependency_links.txt
[20.497s] writing entry points to ../../build/navigation_node_three/navigation_node_three.egg-info/entry_points.txt
[20.500s] writing requirements to ../../build/navigation_node_three/navigation_node_three.egg-info/requires.txt
[20.502s] writing top-level names to ../../build/navigation_node_three/navigation_node_three.egg-info/top_level.txt
[20.679s] reading manifest file '../../build/navigation_node_three/navigation_node_three.egg-info/SOURCES.txt'
[20.715s] writing manifest file '../../build/navigation_node_three/navigation_node_three.egg-info/SOURCES.txt'
[20.718s] running build
[20.719s] running build_py
[20.724s] running install
[20.735s] running install_lib
[20.742s] running install_data
[20.746s] running install_egg_info
[20.755s] removing '/home/unitree/106a_final/install/navigation_node_three/lib/python3.8/site-packages/navigation_node_three-0.0.0-py3.8.egg-info' (and everything under it)
[20.757s] Copying ../../build/navigation_node_three/navigation_node_three.egg-info to /home/unitree/106a_final/install/navigation_node_three/lib/python3.8/site-packages/navigation_node_three-0.0.0-py3.8.egg-info
[20.764s] running install_scripts
[20.822s] Installing navigator script to /home/unitree/106a_final/install/navigation_node_three/lib/navigation_node_three
[20.824s] writing list of installed files to '/home/unitree/106a_final/build/navigation_node_three/install.log'
[20.945s] Invoked command in '/home/unitree/106a_final/src/navigation_node_three' returned '0': PYTHONPATH=/home/unitree/106a_final/build/navigation_node_three/prefix_override:/home/unitree/106a_final/install/navigation_node_three/lib/python3.8/site-packages:${PYTHONPATH} /usr/bin/python3 setup.py egg_info --egg-base ../../build/navigation_node_three build --build-base /home/unitree/106a_final/build/navigation_node_three/build install --record /home/unitree/106a_final/build/navigation_node_three/install.log --install-scripts $base/lib/navigation_node_three --single-version-externally-managed
