[10.712s] Invoking command in '/home/unitree/106a_final/src/navigation_node': PYTHONPATH=/home/unitree/106a_final/build/navigation_node/prefix_override:/home/unitree/106a_final/install/navigation_node/lib/python3.8/site-packages:${PYTHONPATH} /usr/bin/python3 setup.py egg_info --egg-base ../../build/navigation_node build --build-base /home/unitree/106a_final/build/navigation_node/build install --record /home/unitree/106a_final/build/navigation_node/install.log --install-scripts $base/lib/navigation_node --single-version-externally-managed
[12.196s] running egg_info
[12.198s] writing ../../build/navigation_node/navigation_node.egg-info/PKG-INFO
[12.200s] writing dependency_links to ../../build/navigation_node/navigation_node.egg-info/dependency_links.txt
[12.200s] writing entry points to ../../build/navigation_node/navigation_node.egg-info/entry_points.txt
[12.200s] writing requirements to ../../build/navigation_node/navigation_node.egg-info/requires.txt
[12.201s] writing top-level names to ../../build/navigation_node/navigation_node.egg-info/top_level.txt
[12.282s] reading manifest file '../../build/navigation_node/navigation_node.egg-info/SOURCES.txt'
[12.284s] writing manifest file '../../build/navigation_node/navigation_node.egg-info/SOURCES.txt'
[12.285s] running build
[12.285s] running build_py
[12.285s] running install
[12.289s] running install_lib
[12.293s] running install_data
[12.295s] running install_egg_info
[12.299s] removing '/home/unitree/106a_final/install/navigation_node/lib/python3.8/site-packages/navigation_node-0.0.0-py3.8.egg-info' (and everything under it)
[12.303s] Copying ../../build/navigation_node/navigation_node.egg-info to /home/unitree/106a_final/install/navigation_node/lib/python3.8/site-packages/navigation_node-0.0.0-py3.8.egg-info
[12.303s] running install_scripts
[12.358s] Installing nav_node_go script to /home/unitree/106a_final/install/navigation_node/lib/navigation_node
[12.359s] writing list of installed files to '/home/unitree/106a_final/build/navigation_node/install.log'
[14.120s] Invoked command in '/home/unitree/106a_final/src/navigation_node' returned '0': PYTHONPATH=/home/unitree/106a_final/build/navigation_node/prefix_override:/home/unitree/106a_final/install/navigation_node/lib/python3.8/site-packages:${PYTHONPATH} /usr/bin/python3 setup.py egg_info --egg-base ../../build/navigation_node build --build-base /home/unitree/106a_final/build/navigation_node/build install --record /home/unitree/106a_final/build/navigation_node/install.log --install-scripts $base/lib/navigation_node --single-version-externally-managed
