[3.147s] Invoking command in '/home/unitree/106a_final/src/arm_control': PYTHONPATH=/home/unitree/106a_final/build/arm_control/prefix_override:/home/unitree/106a_final/install/arm_control/lib/python3.8/site-packages:${PYTHONPATH} /usr/bin/python3 setup.py egg_info --egg-base ../../build/arm_control build --build-base /home/unitree/106a_final/build/arm_control/build install --record /home/unitree/106a_final/build/arm_control/install.log --install-scripts $base/lib/arm_control --single-version-externally-managed
[3.739s] running egg_info
[3.741s] creating ../../build/arm_control/arm_control.egg-info
[3.742s] writing ../../build/arm_control/arm_control.egg-info/PKG-INFO
[3.742s] writing dependency_links to ../../build/arm_control/arm_control.egg-info/dependency_links.txt
[3.743s] writing entry points to ../../build/arm_control/arm_control.egg-info/entry_points.txt
[3.743s] writing requirements to ../../build/arm_control/arm_control.egg-info/requires.txt
[3.743s] writing top-level names to ../../build/arm_control/arm_control.egg-info/top_level.txt
[3.747s] writing manifest file '../../build/arm_control/arm_control.egg-info/SOURCES.txt'
[3.816s] reading manifest file '../../build/arm_control/arm_control.egg-info/SOURCES.txt'
[3.817s] writing manifest file '../../build/arm_control/arm_control.egg-info/SOURCES.txt'
[3.818s] running build
[3.818s] running build_py
[3.818s] creating /home/unitree/106a_final/build/arm_control/build
[3.819s] creating /home/unitree/106a_final/build/arm_control/build/lib
[3.819s] creating /home/unitree/106a_final/build/arm_control/build/lib/arm_control
[3.819s] copying arm_control/arm_node.py -> /home/unitree/106a_final/build/arm_control/build/lib/arm_control
[3.820s] copying arm_control/ik_solver.py -> /home/unitree/106a_final/build/arm_control/build/lib/arm_control
[3.821s] copying arm_control/__init__.py -> /home/unitree/106a_final/build/arm_control/build/lib/arm_control
[3.822s] running install
[3.825s] running install_lib
[3.828s] creating /home/unitree/106a_final/install/arm_control/lib/python3.8/site-packages/arm_control
[3.829s] copying /home/unitree/106a_final/build/arm_control/build/lib/arm_control/arm_node.py -> /home/unitree/106a_final/install/arm_control/lib/python3.8/site-packages/arm_control
[3.830s] copying /home/unitree/106a_final/build/arm_control/build/lib/arm_control/ik_solver.py -> /home/unitree/106a_final/install/arm_control/lib/python3.8/site-packages/arm_control
[3.831s] copying /home/unitree/106a_final/build/arm_control/build/lib/arm_control/__init__.py -> /home/unitree/106a_final/install/arm_control/lib/python3.8/site-packages/arm_control
[3.833s] byte-compiling /home/unitree/106a_final/install/arm_control/lib/python3.8/site-packages/arm_control/arm_node.py to arm_node.cpython-38.pyc
[3.838s] byte-compiling /home/unitree/106a_final/install/arm_control/lib/python3.8/site-packages/arm_control/ik_solver.py to ik_solver.cpython-38.pyc
[3.839s] byte-compiling /home/unitree/106a_final/install/arm_control/lib/python3.8/site-packages/arm_control/__init__.py to __init__.cpython-38.pyc
[3.839s] running install_data
[3.840s] creating /home/unitree/106a_final/install/arm_control/share/ament_index
[3.841s] creating /home/unitree/106a_final/install/arm_control/share/ament_index/resource_index
[3.841s] creating /home/unitree/106a_final/install/arm_control/share/ament_index/resource_index/packages
[3.841s] copying resource/arm_control -> /home/unitree/106a_final/install/arm_control/share/ament_index/resource_index/packages
[3.841s] copying package.xml -> /home/unitree/106a_final/install/arm_control/share/arm_control
[3.841s] creating /home/unitree/106a_final/install/arm_control/share/arm_control/launch
[3.842s] creating /home/unitree/106a_final/install/arm_control/share/arm_control/urdf
[3.842s] copying urdf/d1.urdf -> /home/unitree/106a_final/install/arm_control/share/arm_control/urdf
[3.842s] running install_egg_info
[3.846s] Copying ../../build/arm_control/arm_control.egg-info to /home/unitree/106a_final/install/arm_control/lib/python3.8/site-packages/arm_control-0.0.0-py3.8.egg-info
[3.848s] running install_scripts
[3.895s] Installing arm_node script to /home/unitree/106a_final/install/arm_control/lib/arm_control
[3.895s] Installing servo_driver script to /home/unitree/106a_final/install/arm_control/lib/arm_control
[3.896s] writing list of installed files to '/home/unitree/106a_final/build/arm_control/install.log'
[3.982s] Invoked command in '/home/unitree/106a_final/src/arm_control' returned '0': PYTHONPATH=/home/unitree/106a_final/build/arm_control/prefix_override:/home/unitree/106a_final/install/arm_control/lib/python3.8/site-packages:${PYTHONPATH} /usr/bin/python3 setup.py egg_info --egg-base ../../build/arm_control build --build-base /home/unitree/106a_final/build/arm_control/build install --record /home/unitree/106a_final/build/arm_control/install.log --install-scripts $base/lib/arm_control --single-version-externally-managed
