[5.946s] Invoking command in '/home/unitree/106a_final/src/navigation_node': PYTHONPATH=/home/unitree/106a_final/build/navigation_node/prefix_override:/home/unitree/106a_final/install/navigation_node/lib/python3.8/site-packages:${PYTHONPATH} /usr/bin/python3 setup.py egg_info --egg-base ../../build/navigation_node build --build-base /home/unitree/106a_final/build/navigation_node/build install --record /home/unitree/106a_final/build/navigation_node/install.log --install-scripts $base/lib/navigation_node --single-version-externally-managed
[7.044s] running egg_info
[7.046s] writing ../../build/navigation_node/navigation_node.egg-info/PKG-INFO
[7.046s] writing dependency_links to ../../build/navigation_node/navigation_node.egg-info/dependency_links.txt
[7.046s] writing entry points to ../../build/navigation_node/navigation_node.egg-info/entry_points.txt
[7.047s] writing requirements to ../../build/navigation_node/navigation_node.egg-info/requires.txt
[7.047s] writing top-level names to ../../build/navigation_node/navigation_node.egg-info/top_level.txt
[7.120s] reading manifest file '../../build/navigation_node/navigation_node.egg-info/SOURCES.txt'
[7.122s] writing manifest file '../../build/navigation_node/navigation_node.egg-info/SOURCES.txt'
[7.122s] running build
[7.122s] running build_py
[7.123s] running install
[7.125s] running install_lib
[7.129s] running install_data
[7.131s] running install_egg_info
[7.135s] removing '/home/unitree/106a_final/install/navigation_node/lib/python3.8/site-packages/navigation_node-0.0.0-py3.8.egg-info' (and everything under it)
[7.136s] Copying ../../build/navigation_node/navigation_node.egg-info to /home/unitree/106a_final/install/navigation_node/lib/python3.8/site-packages/navigation_node-0.0.0-py3.8.egg-info
[7.138s] running install_scripts
[7.183s] Installing nav_node_go script to /home/unitree/106a_final/install/navigation_node/lib/navigation_node
[7.184s] writing list of installed files to '/home/unitree/106a_final/build/navigation_node/install.log'
[7.475s] Invoked command in '/home/unitree/106a_final/src/navigation_node' returned '0': PYTHONPATH=/home/unitree/106a_final/build/navigation_node/prefix_override:/home/unitree/106a_final/install/navigation_node/lib/python3.8/site-packages:${PYTHONPATH} /usr/bin/python3 setup.py egg_info --egg-base ../../build/navigation_node build --build-base /home/unitree/106a_final/build/navigation_node/build install --record /home/unitree/106a_final/build/navigation_node/install.log --install-scripts $base/lib/navigation_node --single-version-externally-managed
