[6.020s] Invoking command in '/home/unitree/106a_final/src/navigation_node_three': PYTHONPATH=/home/unitree/106a_final/build/navigation_node_three/prefix_override:/home/unitree/106a_final/install/navigation_node_three/lib/python3.8/site-packages:${PYTHONPATH} /usr/bin/python3 setup.py egg_info --egg-base ../../build/navigation_node_three build --build-base /home/unitree/106a_final/build/navigation_node_three/build install --record /home/unitree/106a_final/build/navigation_node_three/install.log --install-scripts $base/lib/navigation_node_three --single-version-externally-managed
[6.501s] running egg_info
[6.502s] writing ../../build/navigation_node_three/navigation_node_three.egg-info/PKG-INFO
[6.503s] writing dependency_links to ../../build/navigation_node_three/navigation_node_three.egg-info/dependency_links.txt
[6.503s] writing entry points to ../../build/navigation_node_three/navigation_node_three.egg-info/entry_points.txt
[6.504s] writing requirements to ../../build/navigation_node_three/navigation_node_three.egg-info/requires.txt
[6.504s] writing top-level names to ../../build/navigation_node_three/navigation_node_three.egg-info/top_level.txt
[6.568s] reading manifest file '../../build/navigation_node_three/navigation_node_three.egg-info/SOURCES.txt'
[6.570s] writing manifest file '../../build/navigation_node_three/navigation_node_three.egg-info/SOURCES.txt'
[6.571s] running build
[6.571s] running build_py
[6.572s] running install
[6.573s] running install_lib
[6.577s] byte-compiling /home/unitree/106a_final/install/navigation_node_three/lib/python3.8/site-packages/navigation_node_three/navigator.py to navigator.cpython-38.pyc
[6.581s] running install_data
[6.582s] running install_egg_info
[6.586s] removing '/home/unitree/106a_final/install/navigation_node_three/lib/python3.8/site-packages/navigation_node_three-0.0.0-py3.8.egg-info' (and everything under it)
[6.587s] Copying ../../build/navigation_node_three/navigation_node_three.egg-info to /home/unitree/106a_final/install/navigation_node_three/lib/python3.8/site-packages/navigation_node_three-0.0.0-py3.8.egg-info
[6.589s] running install_scripts
[6.628s] Installing navigator script to /home/unitree/106a_final/install/navigation_node_three/lib/navigation_node_three
[6.629s] writing list of installed files to '/home/unitree/106a_final/build/navigation_node_three/install.log'
[6.708s] Invoked command in '/home/unitree/106a_final/src/navigation_node_three' returned '0': PYTHONPATH=/home/unitree/106a_final/build/navigation_node_three/prefix_override:/home/unitree/106a_final/install/navigation_node_three/lib/python3.8/site-packages:${PYTHONPATH} /usr/bin/python3 setup.py egg_info --egg-base ../../build/navigation_node_three build --build-base /home/unitree/106a_final/build/navigation_node_three/build install --record /home/unitree/106a_final/build/navigation_node_three/install.log --install-scripts $base/lib/navigation_node_three --single-version-externally-managed
