[14.869s] Invoking command in '/home/unitree/106a_final/src/navigation_node_three': PYTHONPATH=/home/unitree/106a_final/build/navigation_node_three/prefix_override:/home/unitree/106a_final/install/navigation_node_three/lib/python3.8/site-packages:${PYTHONPATH} /usr/bin/python3 setup.py egg_info --egg-base ../../build/navigation_node_three build --build-base /home/unitree/106a_final/build/navigation_node_three/build install --record /home/unitree/106a_final/build/navigation_node_three/install.log --install-scripts $base/lib/navigation_node_three --single-version-externally-managed
[15.472s] running egg_info
[15.481s] writing ../../build/navigation_node_three/navigation_node_three.egg-info/PKG-INFO
[15.489s] writing dependency_links to ../../build/navigation_node_three/navigation_node_three.egg-info/dependency_links.txt
[15.492s] writing entry points to ../../build/navigation_node_three/navigation_node_three.egg-info/entry_points.txt
[15.498s] writing requirements to ../../build/navigation_node_three/navigation_node_three.egg-info/requires.txt
[15.504s] writing top-level names to ../../build/navigation_node_three/navigation_node_three.egg-info/top_level.txt
[15.685s] reading manifest file '../../build/navigation_node_three/navigation_node_three.egg-info/SOURCES.txt'
[15.686s] writing manifest file '../../build/navigation_node_three/navigation_node_three.egg-info/SOURCES.txt'
[15.687s] running build
[15.687s] running build_py
[15.687s] running install
[15.690s] running install_lib
[15.693s] running install_data
[15.694s] running install_egg_info
[15.698s] removing '/home/unitree/106a_final/install/navigation_node_three/lib/python3.8/site-packages/navigation_node_three-0.0.0-py3.8.egg-info' (and everything under it)
[15.698s] Copying ../../build/navigation_node_three/navigation_node_three.egg-info to /home/unitree/106a_final/install/navigation_node_three/lib/python3.8/site-packages/navigation_node_three-0.0.0-py3.8.egg-info
[15.701s] running install_scripts
[15.803s] Installing navigator script to /home/unitree/106a_final/install/navigation_node_three/lib/navigation_node_three
[15.804s] writing list of installed files to '/home/unitree/106a_final/build/navigation_node_three/install.log'
[15.901s] Invoked command in '/home/unitree/106a_final/src/navigation_node_three' returned '0': PYTHONPATH=/home/unitree/106a_final/build/navigation_node_three/prefix_override:/home/unitree/106a_final/install/navigation_node_three/lib/python3.8/site-packages:${PYTHONPATH} /usr/bin/python3 setup.py egg_info --egg-base ../../build/navigation_node_three build --build-base /home/unitree/106a_final/build/navigation_node_three/build install --record /home/unitree/106a_final/build/navigation_node_three/install.log --install-scripts $base/lib/navigation_node_three --single-version-externally-managed
