[5.422s] Invoking command in '/home/unitree/106a_final/src/aruco_node': PYTHONPATH=/home/unitree/106a_final/build/aruco_node/prefix_override:/home/unitree/106a_final/install/aruco_node/lib/python3.8/site-packages:${PYTHONPATH} /usr/bin/python3 setup.py egg_info --egg-base ../../build/aruco_node build --build-base /home/unitree/106a_final/build/aruco_node/build install --record /home/unitree/106a_final/build/aruco_node/install.log --single-version-externally-managed
[7.037s] running egg_info
[7.039s] writing ../../build/aruco_node/aruco_node.egg-info/PKG-INFO
[7.039s] writing dependency_links to ../../build/aruco_node/aruco_node.egg-info/dependency_links.txt
[7.039s] writing entry points to ../../build/aruco_node/aruco_node.egg-info/entry_points.txt
[7.039s] writing requirements to ../../build/aruco_node/aruco_node.egg-info/requires.txt
[7.039s] writing top-level names to ../../build/aruco_node/aruco_node.egg-info/top_level.txt
[7.040s] reading manifest file '../../build/aruco_node/aruco_node.egg-info/SOURCES.txt'
[7.040s] writing manifest file '../../build/aruco_node/aruco_node.egg-info/SOURCES.txt'
[7.040s] running build
[7.040s] running build_py
[7.045s] running install
[7.045s] running install_lib
[7.046s] running install_data
[7.046s] running install_egg_info
[7.047s] removing '/home/unitree/106a_final/install/aruco_node/lib/python3.8/site-packages/aruco_node-0.0.0-py3.8.egg-info' (and everything under it)
[7.047s] Copying ../../build/aruco_node/aruco_node.egg-info to /home/unitree/106a_final/install/aruco_node/lib/python3.8/site-packages/aruco_node-0.0.0-py3.8.egg-info
[7.048s] running install_scripts
[7.048s] Installing aruco script to /home/unitree/106a_final/install/aruco_node/lib/aruco_node
[7.048s] writing list of installed files to '/home/unitree/106a_final/build/aruco_node/install.log'
[7.783s] Invoked command in '/home/unitree/106a_final/src/aruco_node' returned '0': PYTHONPATH=/home/unitree/106a_final/build/aruco_node/prefix_override:/home/unitree/106a_final/install/aruco_node/lib/python3.8/site-packages:${PYTHONPATH} /usr/bin/python3 setup.py egg_info --egg-base ../../build/aruco_node build --build-base /home/unitree/106a_final/build/aruco_node/build install --record /home/unitree/106a_final/build/aruco_node/install.log --single-version-externally-managed
