[6.743s] Invoking command in '/home/unitree/106a_final/src/aruco_node': PYTHONPATH=/home/unitree/106a_final/build/aruco_node/prefix_override:/home/unitree/106a_final/install/aruco_node/lib/python3.8/site-packages:${PYTHONPATH} /usr/bin/python3 setup.py egg_info --egg-base ../../build/aruco_node build --build-base /home/unitree/106a_final/build/aruco_node/build install --record /home/unitree/106a_final/build/aruco_node/install.log --single-version-externally-managed
[8.056s] running egg_info
[8.056s] writing ../../build/aruco_node/aruco_node.egg-info/PKG-INFO
[8.056s] writing dependency_links to ../../build/aruco_node/aruco_node.egg-info/dependency_links.txt
[8.057s] writing entry points to ../../build/aruco_node/aruco_node.egg-info/entry_points.txt
[8.058s] writing requirements to ../../build/aruco_node/aruco_node.egg-info/requires.txt
[8.058s] writing top-level names to ../../build/aruco_node/aruco_node.egg-info/top_level.txt
[8.212s] reading manifest file '../../build/aruco_node/aruco_node.egg-info/SOURCES.txt'
[8.213s] writing manifest file '../../build/aruco_node/aruco_node.egg-info/SOURCES.txt'
[8.214s] running build
[8.214s] running build_py
[8.215s] running install
[8.217s] running install_lib
[8.223s] running install_data
[8.224s] running install_egg_info
[8.244s] removing '/home/unitree/106a_final/install/aruco_node/lib/python3.8/site-packages/aruco_node-0.0.0-py3.8.egg-info' (and everything under it)
[8.244s] Copying ../../build/aruco_node/aruco_node.egg-info to /home/unitree/106a_final/install/aruco_node/lib/python3.8/site-packages/aruco_node-0.0.0-py3.8.egg-info
[8.247s] running install_scripts
[8.291s] Installing aruco script to /home/unitree/106a_final/install/aruco_node/lib/aruco_node
[8.291s] writing list of installed files to '/home/unitree/106a_final/build/aruco_node/install.log'
[8.623s] Invoked command in '/home/unitree/106a_final/src/aruco_node' returned '0': PYTHONPATH=/home/unitree/106a_final/build/aruco_node/prefix_override:/home/unitree/106a_final/install/aruco_node/lib/python3.8/site-packages:${PYTHONPATH} /usr/bin/python3 setup.py egg_info --egg-base ../../build/aruco_node build --build-base /home/unitree/106a_final/build/aruco_node/build install --record /home/unitree/106a_final/build/aruco_node/install.log --single-version-externally-managed
