[6.861s] Invoking command in '/home/unitree/106a_final/src/vision_node': PYTHONPATH=/home/unitree/106a_final/build/vision_node/prefix_override:/home/unitree/106a_final/install/vision_node/lib/python3.8/site-packages:${PYTHONPATH} /usr/bin/python3 setup.py egg_info --egg-base ../../build/vision_node build --build-base /home/unitree/106a_final/build/vision_node/build install --record /home/unitree/106a_final/build/vision_node/install.log --install-scripts $base/lib/vision_node --single-version-externally-managed
[7.702s] running egg_info
[7.706s] writing ../../build/vision_node/vision_node.egg-info/PKG-INFO
[7.711s] writing dependency_links to ../../build/vision_node/vision_node.egg-info/dependency_links.txt
[7.720s] writing entry points to ../../build/vision_node/vision_node.egg-info/entry_points.txt
[7.721s] writing requirements to ../../build/vision_node/vision_node.egg-info/requires.txt
[7.722s] writing top-level names to ../../build/vision_node/vision_node.egg-info/top_level.txt
[7.902s] reading manifest file '../../build/vision_node/vision_node.egg-info/SOURCES.txt'
[7.912s] writing manifest file '../../build/vision_node/vision_node.egg-info/SOURCES.txt'
[7.913s] running build
[7.913s] running build_py
[7.914s] copying vision_node/arm_aruco.py -> /home/unitree/106a_final/build/vision_node/build/lib/vision_node
[7.915s] running install
[7.918s] running install_lib
[7.928s] copying /home/unitree/106a_final/build/vision_node/build/lib/vision_node/arm_aruco.py -> /home/unitree/106a_final/install/vision_node/lib/python3.8/site-packages/vision_node
[7.936s] byte-compiling /home/unitree/106a_final/install/vision_node/lib/python3.8/site-packages/vision_node/arm_aruco.py to arm_aruco.cpython-38.pyc
[7.939s] running install_data
[7.951s] running install_egg_info
[7.962s] removing '/home/unitree/106a_final/install/vision_node/lib/python3.8/site-packages/vision_node-0.0.0-py3.8.egg-info' (and everything under it)
[7.963s] Copying ../../build/vision_node/vision_node.egg-info to /home/unitree/106a_final/install/vision_node/lib/python3.8/site-packages/vision_node-0.0.0-py3.8.egg-info
[7.975s] running install_scripts
[8.114s] Installing pingpong_node script to /home/unitree/106a_final/install/vision_node/lib/vision_node
[8.116s] writing list of installed files to '/home/unitree/106a_final/build/vision_node/install.log'
[9.286s] Invoked command in '/home/unitree/106a_final/src/vision_node' returned '0': PYTHONPATH=/home/unitree/106a_final/build/vision_node/prefix_override:/home/unitree/106a_final/install/vision_node/lib/python3.8/site-packages:${PYTHONPATH} /usr/bin/python3 setup.py egg_info --egg-base ../../build/vision_node build --build-base /home/unitree/106a_final/build/vision_node/build install --record /home/unitree/106a_final/build/vision_node/install.log --install-scripts $base/lib/vision_node --single-version-externally-managed
