[10.603s] Invoking command in '/home/unitree/106a_final/src/vision_node': PYTHONPATH=/home/unitree/106a_final/build/vision_node/prefix_override:/home/unitree/106a_final/install/vision_node/lib/python3.8/site-packages:${PYTHONPATH} /usr/bin/python3 setup.py egg_info --egg-base ../../build/vision_node build --build-base /home/unitree/106a_final/build/vision_node/build install --record /home/unitree/106a_final/build/vision_node/install.log --install-scripts $base/lib/vision_node --single-version-externally-managed
[12.371s] running egg_info
[12.372s] writing ../../build/vision_node/vision_node.egg-info/PKG-INFO
[12.372s] writing dependency_links to ../../build/vision_node/vision_node.egg-info/dependency_links.txt
[12.372s] writing entry points to ../../build/vision_node/vision_node.egg-info/entry_points.txt
[12.372s] writing requirements to ../../build/vision_node/vision_node.egg-info/requires.txt
[12.372s] writing top-level names to ../../build/vision_node/vision_node.egg-info/top_level.txt
[12.651s] reading manifest file '../../build/vision_node/vision_node.egg-info/SOURCES.txt'
[12.661s] writing manifest file '../../build/vision_node/vision_node.egg-info/SOURCES.txt'
[12.661s] running build
[12.662s] running build_py
[12.662s] running install
[12.671s] running install_lib
[12.671s] running install_data
[12.672s] running install_egg_info
[12.694s] removing '/home/unitree/106a_final/install/vision_node/lib/python3.8/site-packages/vision_node-0.0.0-py3.8.egg-info' (and everything under it)
[12.695s] Copying ../../build/vision_node/vision_node.egg-info to /home/unitree/106a_final/install/vision_node/lib/python3.8/site-packages/vision_node-0.0.0-py3.8.egg-info
[12.707s] running install_scripts
[12.810s] Installing arm_aruco script to /home/unitree/106a_final/install/vision_node/lib/vision_node
[12.810s] Installing pingpong_node script to /home/unitree/106a_final/install/vision_node/lib/vision_node
[12.810s] writing list of installed files to '/home/unitree/106a_final/build/vision_node/install.log'
[13.863s] Invoked command in '/home/unitree/106a_final/src/vision_node' returned '0': PYTHONPATH=/home/unitree/106a_final/build/vision_node/prefix_override:/home/unitree/106a_final/install/vision_node/lib/python3.8/site-packages:${PYTHONPATH} /usr/bin/python3 setup.py egg_info --egg-base ../../build/vision_node build --build-base /home/unitree/106a_final/build/vision_node/build install --record /home/unitree/106a_final/build/vision_node/install.log --install-scripts $base/lib/vision_node --single-version-externally-managed
