[4.078s] Invoking command in '/home/unitree/106a_final/src/vision_node': PYTHONPATH=/home/unitree/106a_final/build/vision_node/prefix_override:/home/unitree/106a_final/install/vision_node/lib/python3.8/site-packages:${PYTHONPATH} /usr/bin/python3 setup.py egg_info --egg-base ../../build/vision_node build --build-base /home/unitree/106a_final/build/vision_node/build install --record /home/unitree/106a_final/build/vision_node/install.log --install-scripts $base/lib/vision_node --single-version-externally-managed
[4.734s] running egg_info
[4.735s] writing ../../build/vision_node/vision_node.egg-info/PKG-INFO
[4.735s] writing dependency_links to ../../build/vision_node/vision_node.egg-info/dependency_links.txt
[4.736s] writing entry points to ../../build/vision_node/vision_node.egg-info/entry_points.txt
[4.736s] writing requirements to ../../build/vision_node/vision_node.egg-info/requires.txt
[4.736s] writing top-level names to ../../build/vision_node/vision_node.egg-info/top_level.txt
[4.801s] reading manifest file '../../build/vision_node/vision_node.egg-info/SOURCES.txt'
[4.803s] writing manifest file '../../build/vision_node/vision_node.egg-info/SOURCES.txt'
[4.804s] running build
[4.804s] running build_py
[4.805s] running install
[4.807s] running install_lib
[4.811s] byte-compiling /home/unitree/106a_final/install/vision_node/lib/python3.8/site-packages/vision_node/arm_aruco.py to arm_aruco.cpython-38.pyc
[4.813s] running install_data
[4.815s] running install_egg_info
[4.819s] removing '/home/unitree/106a_final/install/vision_node/lib/python3.8/site-packages/vision_node-0.0.0-py3.8.egg-info' (and everything under it)
[4.819s] Copying ../../build/vision_node/vision_node.egg-info to /home/unitree/106a_final/install/vision_node/lib/python3.8/site-packages/vision_node-0.0.0-py3.8.egg-info
[4.822s] running install_scripts
[4.865s] Installing pingpong_node script to /home/unitree/106a_final/install/vision_node/lib/vision_node
[4.866s] writing list of installed files to '/home/unitree/106a_final/build/vision_node/install.log'
[5.218s] Invoked command in '/home/unitree/106a_final/src/vision_node' returned '0': PYTHONPATH=/home/unitree/106a_final/build/vision_node/prefix_override:/home/unitree/106a_final/install/vision_node/lib/python3.8/site-packages:${PYTHONPATH} /usr/bin/python3 setup.py egg_info --egg-base ../../build/vision_node build --build-base /home/unitree/106a_final/build/vision_node/build install --record /home/unitree/106a_final/build/vision_node/install.log --install-scripts $base/lib/vision_node --single-version-externally-managed
