[13.070s] Invoking command in '/home/unitree/106a_final/src/navigation_node_three': PYTHONPATH=/home/unitree/106a_final/build/navigation_node_three/prefix_override:/home/unitree/106a_final/install/navigation_node_three/lib/python3.8/site-packages:${PYTHONPATH} /usr/bin/python3 setup.py egg_info --egg-base ../../build/navigation_node_three build --build-base /home/unitree/106a_final/build/navigation_node_three/build install --record /home/unitree/106a_final/build/navigation_node_three/install.log --install-scripts $base/lib/navigation_node_three --single-version-externally-managed
[14.012s] running egg_info
[14.040s] writing ../../build/navigation_node_three/navigation_node_three.egg-info/PKG-INFO
[14.041s] writing dependency_links to ../../build/navigation_node_three/navigation_node_three.egg-info/dependency_links.txt
[14.041s] writing entry points to ../../build/navigation_node_three/navigation_node_three.egg-info/entry_points.txt
[14.042s] writing requirements to ../../build/navigation_node_three/navigation_node_three.egg-info/requires.txt
[14.042s] writing top-level names to ../../build/navigation_node_three/navigation_node_three.egg-info/top_level.txt
[14.237s] reading manifest file '../../build/navigation_node_three/navigation_node_three.egg-info/SOURCES.txt'
[14.240s] writing manifest file '../../build/navigation_node_three/navigation_node_three.egg-info/SOURCES.txt'
[14.240s] running build
[14.240s] running build_py
[14.240s] running install
[14.255s] running install_lib
[14.273s] running install_data
[14.276s] running install_egg_info
[14.279s] removing '/home/unitree/106a_final/install/navigation_node_three/lib/python3.8/site-packages/navigation_node_three-0.0.0-py3.8.egg-info' (and everything under it)
[14.279s] Copying ../../build/navigation_node_three/navigation_node_three.egg-info to /home/unitree/106a_final/install/navigation_node_three/lib/python3.8/site-packages/navigation_node_three-0.0.0-py3.8.egg-info
[14.293s] running install_scripts
[14.508s] Installing navigator script to /home/unitree/106a_final/install/navigation_node_three/lib/navigation_node_three
[14.519s] writing list of installed files to '/home/unitree/106a_final/build/navigation_node_three/install.log'
[14.828s] Invoked command in '/home/unitree/106a_final/src/navigation_node_three' returned '0': PYTHONPATH=/home/unitree/106a_final/build/navigation_node_three/prefix_override:/home/unitree/106a_final/install/navigation_node_three/lib/python3.8/site-packages:${PYTHONPATH} /usr/bin/python3 setup.py egg_info --egg-base ../../build/navigation_node_three build --build-base /home/unitree/106a_final/build/navigation_node_three/build install --record /home/unitree/106a_final/build/navigation_node_three/install.log --install-scripts $base/lib/navigation_node_three --single-version-externally-managed
