[1.927s] Invoking command in '/home/unitree/106a_final/build/base_driver': CMAKE_PREFIX_PATH=${CMAKE_PREFIX_PATH}:/opt/ros/foxy /usr/bin/cmake --build /home/unitree/106a_final/build/base_driver -- -j4 -l4
[1.948s] make: Warning: File 'Makefile' has modification time 1764688695 s in the future
[1.990s] make[1]: Warning: File 'CMakeFiles/Makefile2' has modification time 1764688695 s in the future
[1.992s] make[2]: Warning: File 'CMakeFiles/base_wrapper.dir/flags.make' has modification time 1764688695 s in the future
[2.015s] make[2]: warning:  Clock skew detected.  Your build may be incomplete.
[2.017s] make[2]: Warning: File 'CMakeFiles/base_wrapper.dir/flags.make' has modification time 1764688695 s in the future
[2.017s] make[2]: warning:  Clock skew detected.  Your build may be incomplete.
[2.037s] [ 50%] Built target base_wrapper
[2.043s] make[2]: Warning: File 'CMakeFiles/base_driver.dir/flags.make' has modification time 1764688695 s in the future
[2.066s] make[2]: warning:  Clock skew detected.  Your build may be incomplete.
[2.070s] make[2]: Warning: File 'CMakeFiles/base_driver.dir/flags.make' has modification time 1764688695 s in the future
[2.086s] make[2]: warning:  Clock skew detected.  Your build may be incomplete.
[2.106s] [100%] Built target base_driver
[2.108s] make[1]: warning:  Clock skew detected.  Your build may be incomplete.
[2.128s] make: warning:  Clock skew detected.  Your build may be incomplete.
[3.112s] Invoked command in '/home/unitree/106a_final/build/base_driver' returned '0': CMAKE_PREFIX_PATH=${CMAKE_PREFIX_PATH}:/opt/ros/foxy /usr/bin/cmake --build /home/unitree/106a_final/build/base_driver -- -j4 -l4
[3.116s] Invoking command in '/home/unitree/106a_final/build/base_driver': CMAKE_PREFIX_PATH=${CMAKE_PREFIX_PATH}:/opt/ros/foxy /usr/bin/cmake --install /home/unitree/106a_final/build/base_driver
[3.137s] -- Install configuration: ""
[3.138s] -- Up-to-date: /home/unitree/106a_final/install/base_driver/lib/base_driver/base_driver
[3.138s] -- Up-to-date: /home/unitree/106a_final/install/base_driver/share/ament_index/resource_index/package_run_dependencies/base_driver
[3.138s] -- Up-to-date: /home/unitree/106a_final/install/base_driver/share/ament_index/resource_index/parent_prefix_path/base_driver
[3.139s] -- Up-to-date: /home/unitree/106a_final/install/base_driver/share/base_driver/environment/ament_prefix_path.sh
[3.139s] -- Up-to-date: /home/unitree/106a_final/install/base_driver/share/base_driver/environment/ament_prefix_path.dsv
[3.139s] -- Up-to-date: /home/unitree/106a_final/install/base_driver/share/base_driver/environment/path.sh
[3.139s] -- Up-to-date: /home/unitree/106a_final/install/base_driver/share/base_driver/environment/path.dsv
[3.139s] -- Up-to-date: /home/unitree/106a_final/install/base_driver/share/base_driver/local_setup.bash
[3.140s] -- Up-to-date: /home/unitree/106a_final/install/base_driver/share/base_driver/local_setup.sh
[3.140s] -- Up-to-date: /home/unitree/106a_final/install/base_driver/share/base_driver/local_setup.zsh
[3.140s] -- Up-to-date: /home/unitree/106a_final/install/base_driver/share/base_driver/local_setup.dsv
[3.140s] -- Installing: /home/unitree/106a_final/install/base_driver/share/base_driver/package.dsv
[3.140s] -- Up-to-date: /home/unitree/106a_final/install/base_driver/share/ament_index/resource_index/packages/base_driver
[3.140s] -- Up-to-date: /home/unitree/106a_final/install/base_driver/share/base_driver/cmake/base_driverConfig.cmake
[3.141s] -- Up-to-date: /home/unitree/106a_final/install/base_driver/share/base_driver/cmake/base_driverConfig-version.cmake
[3.141s] -- Up-to-date: /home/unitree/106a_final/install/base_driver/share/base_driver/package.xml
[4.000s] Invoked command in '/home/unitree/106a_final/build/base_driver' returned '0': CMAKE_PREFIX_PATH=${CMAKE_PREFIX_PATH}:/opt/ros/foxy /usr/bin/cmake --install /home/unitree/106a_final/build/base_driver
