[7.185s] Invoking command in '/home/unitree/106a_final/src/navigation_node_three': PYTHONPATH=/home/unitree/106a_final/build/navigation_node_three/prefix_override:/home/unitree/106a_final/install/navigation_node_three/lib/python3.8/site-packages:${PYTHONPATH} /usr/bin/python3 setup.py egg_info --egg-base ../../build/navigation_node_three build --build-base /home/unitree/106a_final/build/navigation_node_three/build install --record /home/unitree/106a_final/build/navigation_node_three/install.log --install-scripts $base/lib/navigation_node_three --single-version-externally-managed
[7.670s] running egg_info
[7.672s] writing ../../build/navigation_node_three/navigation_node_three.egg-info/PKG-INFO
[7.673s] writing dependency_links to ../../build/navigation_node_three/navigation_node_three.egg-info/dependency_links.txt
[7.673s] writing entry points to ../../build/navigation_node_three/navigation_node_three.egg-info/entry_points.txt
[7.673s] writing requirements to ../../build/navigation_node_three/navigation_node_three.egg-info/requires.txt
[7.674s] writing top-level names to ../../build/navigation_node_three/navigation_node_three.egg-info/top_level.txt
[7.750s] reading manifest file '../../build/navigation_node_three/navigation_node_three.egg-info/SOURCES.txt'
[7.751s] writing manifest file '../../build/navigation_node_three/navigation_node_three.egg-info/SOURCES.txt'
[7.752s] running build
[7.752s] running build_py
[7.752s] running install
[7.754s] running install_lib
[7.758s] running install_data
[7.759s] running install_egg_info
[7.763s] removing '/home/unitree/106a_final/install/navigation_node_three/lib/python3.8/site-packages/navigation_node_three-0.0.0-py3.8.egg-info' (and everything under it)
[7.764s] Copying ../../build/navigation_node_three/navigation_node_three.egg-info to /home/unitree/106a_final/install/navigation_node_three/lib/python3.8/site-packages/navigation_node_three-0.0.0-py3.8.egg-info
[7.766s] running install_scripts
[7.808s] Installing navigator script to /home/unitree/106a_final/install/navigation_node_three/lib/navigation_node_three
[7.809s] writing list of installed files to '/home/unitree/106a_final/build/navigation_node_three/install.log'
[7.879s] Invoked command in '/home/unitree/106a_final/src/navigation_node_three' returned '0': PYTHONPATH=/home/unitree/106a_final/build/navigation_node_three/prefix_override:/home/unitree/106a_final/install/navigation_node_three/lib/python3.8/site-packages:${PYTHONPATH} /usr/bin/python3 setup.py egg_info --egg-base ../../build/navigation_node_three build --build-base /home/unitree/106a_final/build/navigation_node_three/build install --record /home/unitree/106a_final/build/navigation_node_three/install.log --install-scripts $base/lib/navigation_node_three --single-version-externally-managed
