[7.434s] Invoking command in '/home/unitree/106a_final/src/vision_node': PYTHONPATH=/home/unitree/106a_final/build/vision_node/prefix_override:/home/unitree/106a_final/install/vision_node/lib/python3.8/site-packages:${PYTHONPATH} /usr/bin/python3 setup.py egg_info --egg-base ../../build/vision_node build --build-base /home/unitree/106a_final/build/vision_node/build install --record /home/unitree/106a_final/build/vision_node/install.log --install-scripts $base/lib/vision_node --single-version-externally-managed
[8.361s] running egg_info
[8.362s] writing ../../build/vision_node/vision_node.egg-info/PKG-INFO
[8.362s] writing dependency_links to ../../build/vision_node/vision_node.egg-info/dependency_links.txt
[8.362s] writing entry points to ../../build/vision_node/vision_node.egg-info/entry_points.txt
[8.363s] writing requirements to ../../build/vision_node/vision_node.egg-info/requires.txt
[8.363s] writing top-level names to ../../build/vision_node/vision_node.egg-info/top_level.txt
[8.554s] reading manifest file '../../build/vision_node/vision_node.egg-info/SOURCES.txt'
[8.556s] writing manifest file '../../build/vision_node/vision_node.egg-info/SOURCES.txt'
[8.556s] running build
[8.556s] running build_py
[8.557s] running install
[8.557s] running install_lib
[8.560s] byte-compiling /home/unitree/106a_final/install/vision_node/lib/python3.8/site-packages/vision_node/arm_aruco.py to arm_aruco.cpython-38.pyc
[8.561s] running install_data
[8.563s] running install_egg_info
[8.564s] removing '/home/unitree/106a_final/install/vision_node/lib/python3.8/site-packages/vision_node-0.0.0-py3.8.egg-info' (and everything under it)
[8.565s] Copying ../../build/vision_node/vision_node.egg-info to /home/unitree/106a_final/install/vision_node/lib/python3.8/site-packages/vision_node-0.0.0-py3.8.egg-info
[8.566s] running install_scripts
[8.607s] Installing arm_aruco script to /home/unitree/106a_final/install/vision_node/lib/vision_node
[8.607s] Installing pingpong_node script to /home/unitree/106a_final/install/vision_node/lib/vision_node
[8.607s] writing list of installed files to '/home/unitree/106a_final/build/vision_node/install.log'
[9.373s] Invoked command in '/home/unitree/106a_final/src/vision_node' returned '0': PYTHONPATH=/home/unitree/106a_final/build/vision_node/prefix_override:/home/unitree/106a_final/install/vision_node/lib/python3.8/site-packages:${PYTHONPATH} /usr/bin/python3 setup.py egg_info --egg-base ../../build/vision_node build --build-base /home/unitree/106a_final/build/vision_node/build install --record /home/unitree/106a_final/build/vision_node/install.log --install-scripts $base/lib/vision_node --single-version-externally-managed
