[8.835s] Invoking command in '/home/unitree/106a_final/src/vision_node': PYTHONPATH=/home/unitree/106a_final/build/vision_node/prefix_override:/home/unitree/106a_final/install/vision_node/lib/python3.8/site-packages:${PYTHONPATH} /usr/bin/python3 setup.py egg_info --egg-base ../../build/vision_node build --build-base /home/unitree/106a_final/build/vision_node/build install --record /home/unitree/106a_final/build/vision_node/install.log --install-scripts $base/lib/vision_node --single-version-externally-managed
[9.843s] running egg_info
[9.844s] writing ../../build/vision_node/vision_node.egg-info/PKG-INFO
[9.845s] writing dependency_links to ../../build/vision_node/vision_node.egg-info/dependency_links.txt
[9.845s] writing entry points to ../../build/vision_node/vision_node.egg-info/entry_points.txt
[9.845s] writing requirements to ../../build/vision_node/vision_node.egg-info/requires.txt
[9.846s] writing top-level names to ../../build/vision_node/vision_node.egg-info/top_level.txt
[9.926s] reading manifest file '../../build/vision_node/vision_node.egg-info/SOURCES.txt'
[9.928s] writing manifest file '../../build/vision_node/vision_node.egg-info/SOURCES.txt'
[9.928s] running build
[9.929s] running build_py
[9.929s] running install
[9.931s] running install_lib
[9.935s] running install_data
[9.936s] running install_egg_info
[9.940s] removing '/home/unitree/106a_final/install/vision_node/lib/python3.8/site-packages/vision_node-0.0.0-py3.8.egg-info' (and everything under it)
[9.941s] Copying ../../build/vision_node/vision_node.egg-info to /home/unitree/106a_final/install/vision_node/lib/python3.8/site-packages/vision_node-0.0.0-py3.8.egg-info
[9.943s] running install_scripts
[10.018s] Installing arm_aruco script to /home/unitree/106a_final/install/vision_node/lib/vision_node
[10.018s] Installing pingpong_node script to /home/unitree/106a_final/install/vision_node/lib/vision_node
[10.018s] writing list of installed files to '/home/unitree/106a_final/build/vision_node/install.log'
[11.352s] Invoked command in '/home/unitree/106a_final/src/vision_node' returned '0': PYTHONPATH=/home/unitree/106a_final/build/vision_node/prefix_override:/home/unitree/106a_final/install/vision_node/lib/python3.8/site-packages:${PYTHONPATH} /usr/bin/python3 setup.py egg_info --egg-base ../../build/vision_node build --build-base /home/unitree/106a_final/build/vision_node/build install --record /home/unitree/106a_final/build/vision_node/install.log --install-scripts $base/lib/vision_node --single-version-externally-managed
