[2.871s] Invoking command in '/home/unitree/106a_final/src/vision_node': PYTHONPATH=/home/unitree/106a_final/build/vision_node/prefix_override:/home/unitree/106a_final/install/vision_node/lib/python3.8/site-packages:${PYTHONPATH} /usr/bin/python3 setup.py egg_info --egg-base ../../build/vision_node build --build-base /home/unitree/106a_final/build/vision_node/build install --record /home/unitree/106a_final/build/vision_node/install.log --install-scripts $base/lib/vision_node --single-version-externally-managed
[3.403s] running egg_info
[3.404s] creating ../../build/vision_node/vision_node.egg-info
[3.404s] writing ../../build/vision_node/vision_node.egg-info/PKG-INFO
[3.405s] writing dependency_links to ../../build/vision_node/vision_node.egg-info/dependency_links.txt
[3.405s] writing entry points to ../../build/vision_node/vision_node.egg-info/entry_points.txt
[3.405s] writing requirements to ../../build/vision_node/vision_node.egg-info/requires.txt
[3.405s] writing top-level names to ../../build/vision_node/vision_node.egg-info/top_level.txt
[3.412s] writing manifest file '../../build/vision_node/vision_node.egg-info/SOURCES.txt'
[3.475s] reading manifest file '../../build/vision_node/vision_node.egg-info/SOURCES.txt'
[3.477s] writing manifest file '../../build/vision_node/vision_node.egg-info/SOURCES.txt'
[3.477s] running build
[3.477s] running build_py
[3.478s] creating /home/unitree/106a_final/build/vision_node/build
[3.478s] creating /home/unitree/106a_final/build/vision_node/build/lib
[3.478s] creating /home/unitree/106a_final/build/vision_node/build/lib/vision_node
[3.478s] copying vision_node/__init__.py -> /home/unitree/106a_final/build/vision_node/build/lib/vision_node
[3.479s] copying vision_node/pingpong.py -> /home/unitree/106a_final/build/vision_node/build/lib/vision_node
[3.479s] copying vision_node/arm_aruco.py -> /home/unitree/106a_final/build/vision_node/build/lib/vision_node
[3.479s] running install
[3.482s] running install_lib
[3.484s] creating /home/unitree/106a_final/install/vision_node/lib/python3.8/site-packages/vision_node
[3.485s] copying /home/unitree/106a_final/build/vision_node/build/lib/vision_node/__init__.py -> /home/unitree/106a_final/install/vision_node/lib/python3.8/site-packages/vision_node
[3.485s] copying /home/unitree/106a_final/build/vision_node/build/lib/vision_node/pingpong.py -> /home/unitree/106a_final/install/vision_node/lib/python3.8/site-packages/vision_node
[3.485s] copying /home/unitree/106a_final/build/vision_node/build/lib/vision_node/arm_aruco.py -> /home/unitree/106a_final/install/vision_node/lib/python3.8/site-packages/vision_node
[3.486s] byte-compiling /home/unitree/106a_final/install/vision_node/lib/python3.8/site-packages/vision_node/__init__.py to __init__.cpython-38.pyc
[3.488s] byte-compiling /home/unitree/106a_final/install/vision_node/lib/python3.8/site-packages/vision_node/pingpong.py to pingpong.cpython-38.pyc
[3.491s] byte-compiling /home/unitree/106a_final/install/vision_node/lib/python3.8/site-packages/vision_node/arm_aruco.py to arm_aruco.cpython-38.pyc
[3.492s] running install_data
[3.495s] creating /home/unitree/106a_final/install/vision_node/share/ament_index
[3.495s] creating /home/unitree/106a_final/install/vision_node/share/ament_index/resource_index
[3.495s] creating /home/unitree/106a_final/install/vision_node/share/ament_index/resource_index/packages
[3.495s] copying resource/vision_node -> /home/unitree/106a_final/install/vision_node/share/ament_index/resource_index/packages
[3.496s] copying package.xml -> /home/unitree/106a_final/install/vision_node/share/vision_node
[3.496s] running install_egg_info
[3.501s] Copying ../../build/vision_node/vision_node.egg-info to /home/unitree/106a_final/install/vision_node/lib/python3.8/site-packages/vision_node-0.0.0-py3.8.egg-info
[3.501s] running install_scripts
[3.545s] Installing arm_aruco script to /home/unitree/106a_final/install/vision_node/lib/vision_node
[3.545s] Installing pingpong_node script to /home/unitree/106a_final/install/vision_node/lib/vision_node
[3.545s] writing list of installed files to '/home/unitree/106a_final/build/vision_node/install.log'
[3.640s] Invoked command in '/home/unitree/106a_final/src/vision_node' returned '0': PYTHONPATH=/home/unitree/106a_final/build/vision_node/prefix_override:/home/unitree/106a_final/install/vision_node/lib/python3.8/site-packages:${PYTHONPATH} /usr/bin/python3 setup.py egg_info --egg-base ../../build/vision_node build --build-base /home/unitree/106a_final/build/vision_node/build install --record /home/unitree/106a_final/build/vision_node/install.log --install-scripts $base/lib/vision_node --single-version-externally-managed
