[5.673s] Invoking command in '/home/unitree/106a_final/src/aruco_node': PYTHONPATH=/home/unitree/106a_final/build/aruco_node/prefix_override:/home/unitree/106a_final/install/aruco_node/lib/python3.8/site-packages:${PYTHONPATH} /usr/bin/python3 setup.py egg_info --egg-base ../../build/aruco_node build --build-base /home/unitree/106a_final/build/aruco_node/build install --record /home/unitree/106a_final/build/aruco_node/install.log --single-version-externally-managed
[6.426s] running egg_info
[6.428s] writing ../../build/aruco_node/aruco_node.egg-info/PKG-INFO
[6.436s] writing dependency_links to ../../build/aruco_node/aruco_node.egg-info/dependency_links.txt
[6.436s] writing entry points to ../../build/aruco_node/aruco_node.egg-info/entry_points.txt
[6.437s] writing requirements to ../../build/aruco_node/aruco_node.egg-info/requires.txt
[6.437s] writing top-level names to ../../build/aruco_node/aruco_node.egg-info/top_level.txt
[6.566s] reading manifest file '../../build/aruco_node/aruco_node.egg-info/SOURCES.txt'
[6.573s] writing manifest file '../../build/aruco_node/aruco_node.egg-info/SOURCES.txt'
[6.573s] running build
[6.573s] running build_py
[6.573s] running install
[6.576s] running install_lib
[6.584s] running install_data
[6.586s] running install_egg_info
[6.589s] removing '/home/unitree/106a_final/install/aruco_node/lib/python3.8/site-packages/aruco_node-0.0.0-py3.8.egg-info' (and everything under it)
[6.590s] Copying ../../build/aruco_node/aruco_node.egg-info to /home/unitree/106a_final/install/aruco_node/lib/python3.8/site-packages/aruco_node-0.0.0-py3.8.egg-info
[6.592s] running install_scripts
[6.670s] Installing aruco script to /home/unitree/106a_final/install/aruco_node/lib/aruco_node
[6.671s] writing list of installed files to '/home/unitree/106a_final/build/aruco_node/install.log'
[8.844s] Invoked command in '/home/unitree/106a_final/src/aruco_node' returned '0': PYTHONPATH=/home/unitree/106a_final/build/aruco_node/prefix_override:/home/unitree/106a_final/install/aruco_node/lib/python3.8/site-packages:${PYTHONPATH} /usr/bin/python3 setup.py egg_info --egg-base ../../build/aruco_node build --build-base /home/unitree/106a_final/build/aruco_node/build install --record /home/unitree/106a_final/build/aruco_node/install.log --single-version-externally-managed
