[13.818s] Invoking command in '/home/unitree/106a_final/src/vision_node': PYTHONPATH=/home/unitree/106a_final/build/vision_node/prefix_override:/home/unitree/106a_final/install/vision_node/lib/python3.8/site-packages:${PYTHONPATH} /usr/bin/python3 setup.py egg_info --egg-base ../../build/vision_node build --build-base /home/unitree/106a_final/build/vision_node/build install --record /home/unitree/106a_final/build/vision_node/install.log --install-scripts $base/lib/vision_node --single-version-externally-managed
[15.135s] running egg_info
[15.135s] writing ../../build/vision_node/vision_node.egg-info/PKG-INFO
[15.136s] writing dependency_links to ../../build/vision_node/vision_node.egg-info/dependency_links.txt
[15.136s] writing entry points to ../../build/vision_node/vision_node.egg-info/entry_points.txt
[15.136s] writing requirements to ../../build/vision_node/vision_node.egg-info/requires.txt
[15.136s] writing top-level names to ../../build/vision_node/vision_node.egg-info/top_level.txt
[15.232s] reading manifest file '../../build/vision_node/vision_node.egg-info/SOURCES.txt'
[15.239s] writing manifest file '../../build/vision_node/vision_node.egg-info/SOURCES.txt'
[15.240s] running build
[15.240s] running build_py
[15.240s] running install
[15.240s] running install_lib
[15.242s] running install_data
[15.242s] running install_egg_info
[15.255s] removing '/home/unitree/106a_final/install/vision_node/lib/python3.8/site-packages/vision_node-0.0.0-py3.8.egg-info' (and everything under it)
[15.256s] Copying ../../build/vision_node/vision_node.egg-info to /home/unitree/106a_final/install/vision_node/lib/python3.8/site-packages/vision_node-0.0.0-py3.8.egg-info
[15.273s] running install_scripts
[15.364s] Installing arm_aruco script to /home/unitree/106a_final/install/vision_node/lib/vision_node
[15.367s] Installing pingpong_node script to /home/unitree/106a_final/install/vision_node/lib/vision_node
[15.368s] writing list of installed files to '/home/unitree/106a_final/build/vision_node/install.log'
[15.529s] Invoked command in '/home/unitree/106a_final/src/vision_node' returned '0': PYTHONPATH=/home/unitree/106a_final/build/vision_node/prefix_override:/home/unitree/106a_final/install/vision_node/lib/python3.8/site-packages:${PYTHONPATH} /usr/bin/python3 setup.py egg_info --egg-base ../../build/vision_node build --build-base /home/unitree/106a_final/build/vision_node/build install --record /home/unitree/106a_final/build/vision_node/install.log --install-scripts $base/lib/vision_node --single-version-externally-managed
