[8.533s] Invoking command in '/home/unitree/106a_final/src/arm_control': PYTHONPATH=/home/unitree/106a_final/build/arm_control/prefix_override:/home/unitree/106a_final/install/arm_control/lib/python3.8/site-packages:${PYTHONPATH} /usr/bin/python3 setup.py egg_info --egg-base ../../build/arm_control build --build-base /home/unitree/106a_final/build/arm_control/build install --record /home/unitree/106a_final/build/arm_control/install.log --install-scripts $base/lib/arm_control --single-version-externally-managed
[9.311s] running egg_info
[9.314s] writing ../../build/arm_control/arm_control.egg-info/PKG-INFO
[9.316s] writing dependency_links to ../../build/arm_control/arm_control.egg-info/dependency_links.txt
[9.317s] writing entry points to ../../build/arm_control/arm_control.egg-info/entry_points.txt
[9.319s] writing requirements to ../../build/arm_control/arm_control.egg-info/requires.txt
[9.320s] writing top-level names to ../../build/arm_control/arm_control.egg-info/top_level.txt
[9.393s] reading manifest file '../../build/arm_control/arm_control.egg-info/SOURCES.txt'
[9.396s] writing manifest file '../../build/arm_control/arm_control.egg-info/SOURCES.txt'
[9.398s] running build
[9.400s] running build_py
[9.401s] copying arm_control/arm_node.py -> /home/unitree/106a_final/build/arm_control/build/lib/arm_control
[9.404s] running install
[9.407s] running install_lib
[9.411s] copying /home/unitree/106a_final/build/arm_control/build/lib/arm_control/arm_node.py -> /home/unitree/106a_final/install/arm_control/lib/python3.8/site-packages/arm_control
[9.414s] byte-compiling /home/unitree/106a_final/install/arm_control/lib/python3.8/site-packages/arm_control/arm_node.py to arm_node.cpython-38.pyc
[9.420s] running install_data
[9.423s] running install_egg_info
[9.429s] removing '/home/unitree/106a_final/install/arm_control/lib/python3.8/site-packages/arm_control-0.0.0-py3.8.egg-info' (and everything under it)
[9.435s] Copying ../../build/arm_control/arm_control.egg-info to /home/unitree/106a_final/install/arm_control/lib/python3.8/site-packages/arm_control-0.0.0-py3.8.egg-info
[9.448s] running install_scripts
[9.502s] Installing arm_node script to /home/unitree/106a_final/install/arm_control/lib/arm_control
[9.504s] Installing servo_driver script to /home/unitree/106a_final/install/arm_control/lib/arm_control
[9.507s] writing list of installed files to '/home/unitree/106a_final/build/arm_control/install.log'
[12.245s] Invoked command in '/home/unitree/106a_final/src/arm_control' returned '0': PYTHONPATH=/home/unitree/106a_final/build/arm_control/prefix_override:/home/unitree/106a_final/install/arm_control/lib/python3.8/site-packages:${PYTHONPATH} /usr/bin/python3 setup.py egg_info --egg-base ../../build/arm_control build --build-base /home/unitree/106a_final/build/arm_control/build install --record /home/unitree/106a_final/build/arm_control/install.log --install-scripts $base/lib/arm_control --single-version-externally-managed
