[4.994s] Invoking command in '/home/unitree/106a_final/src/navigation_node': PYTHONPATH=/home/unitree/106a_final/build/navigation_node/prefix_override:/home/unitree/106a_final/install/navigation_node/lib/python3.8/site-packages: /usr/bin/python3 setup.py egg_info --egg-base ../../build/navigation_node build --build-base /home/unitree/106a_final/build/navigation_node/build install --record /home/unitree/106a_final/build/navigation_node/install.log --install-scripts $base/lib/navigation_node --single-version-externally-managed
[6.020s] running egg_info
[6.022s] writing ../../build/navigation_node/navigation_node.egg-info/PKG-INFO
[6.023s] writing dependency_links to ../../build/navigation_node/navigation_node.egg-info/dependency_links.txt
[6.023s] writing entry points to ../../build/navigation_node/navigation_node.egg-info/entry_points.txt
[6.024s] writing requirements to ../../build/navigation_node/navigation_node.egg-info/requires.txt
[6.024s] writing top-level names to ../../build/navigation_node/navigation_node.egg-info/top_level.txt
[6.161s] reading manifest file '../../build/navigation_node/navigation_node.egg-info/SOURCES.txt'
[6.163s] writing manifest file '../../build/navigation_node/navigation_node.egg-info/SOURCES.txt'
[6.163s] running build
[6.163s] running build_py
[6.164s] running install
[6.166s] running install_lib
[6.173s] running install_data
[6.174s] running install_egg_info
[6.181s] removing '/home/unitree/106a_final/install/navigation_node/lib/python3.8/site-packages/navigation_node-0.0.0-py3.8.egg-info' (and everything under it)
[6.182s] Copying ../../build/navigation_node/navigation_node.egg-info to /home/unitree/106a_final/install/navigation_node/lib/python3.8/site-packages/navigation_node-0.0.0-py3.8.egg-info
[6.204s] running install_scripts
[6.276s] Installing nav_node_go script to /home/unitree/106a_final/install/navigation_node/lib/navigation_node
[6.278s] writing list of installed files to '/home/unitree/106a_final/build/navigation_node/install.log'
[6.781s] Invoked command in '/home/unitree/106a_final/src/navigation_node' returned '0': PYTHONPATH=/home/unitree/106a_final/build/navigation_node/prefix_override:/home/unitree/106a_final/install/navigation_node/lib/python3.8/site-packages: /usr/bin/python3 setup.py egg_info --egg-base ../../build/navigation_node build --build-base /home/unitree/106a_final/build/navigation_node/build install --record /home/unitree/106a_final/build/navigation_node/install.log --install-scripts $base/lib/navigation_node --single-version-externally-managed
