[1.453s] Invoking command in '/home/unitree/106a_final/build/base_driver': /usr/bin/cmake --build /home/unitree/106a_final/build/base_driver -- -j4 -l4
[1.473s] make: Warning: File 'Makefile' has modification time 1764689061 s in the future
[1.519s] make[1]: Warning: File 'CMakeFiles/Makefile2' has modification time 1764689061 s in the future
[1.520s] make[2]: Warning: File 'CMakeFiles/base_wrapper.dir/flags.make' has modification time 1764689061 s in the future
[1.556s] make[2]: warning:  Clock skew detected.  Your build may be incomplete.
[1.583s] make[2]: Warning: File 'CMakeFiles/base_wrapper.dir/flags.make' has modification time 1764689061 s in the future
[1.584s] make[2]: warning:  Clock skew detected.  Your build may be incomplete.
[1.641s] [ 50%] Built target base_wrapper
[1.643s] make[2]: Warning: File 'CMakeFiles/base_driver.dir/flags.make' has modification time 1764689061 s in the future
[1.700s] make[2]: warning:  Clock skew detected.  Your build may be incomplete.
[1.711s] make[2]: Warning: File 'CMakeFiles/base_driver.dir/flags.make' has modification time 1764689061 s in the future
[1.769s] make[2]: warning:  Clock skew detected.  Your build may be incomplete.
[1.823s] [100%] Built target base_driver
[1.823s] make[1]: warning:  Clock skew detected.  Your build may be incomplete.
[1.850s] make: warning:  Clock skew detected.  Your build may be incomplete.
[2.798s] Invoked command in '/home/unitree/106a_final/build/base_driver' returned '0': /usr/bin/cmake --build /home/unitree/106a_final/build/base_driver -- -j4 -l4
[2.801s] Invoking command in '/home/unitree/106a_final/build/base_driver': /usr/bin/cmake --install /home/unitree/106a_final/build/base_driver
[2.827s] -- Install configuration: ""
[2.827s] -- Up-to-date: /home/unitree/106a_final/install/base_driver/lib/base_driver/base_driver
[2.828s] -- Up-to-date: /home/unitree/106a_final/install/base_driver/share/ament_index/resource_index/package_run_dependencies/base_driver
[2.828s] -- Up-to-date: /home/unitree/106a_final/install/base_driver/share/ament_index/resource_index/parent_prefix_path/base_driver
[2.828s] -- Up-to-date: /home/unitree/106a_final/install/base_driver/share/base_driver/environment/ament_prefix_path.sh
[2.828s] -- Up-to-date: /home/unitree/106a_final/install/base_driver/share/base_driver/environment/ament_prefix_path.dsv
[2.829s] -- Up-to-date: /home/unitree/106a_final/install/base_driver/share/base_driver/environment/path.sh
[2.829s] -- Up-to-date: /home/unitree/106a_final/install/base_driver/share/base_driver/environment/path.dsv
[2.829s] -- Up-to-date: /home/unitree/106a_final/install/base_driver/share/base_driver/local_setup.bash
[2.829s] -- Up-to-date: /home/unitree/106a_final/install/base_driver/share/base_driver/local_setup.sh
[2.829s] -- Up-to-date: /home/unitree/106a_final/install/base_driver/share/base_driver/local_setup.zsh
[2.829s] -- Up-to-date: /home/unitree/106a_final/install/base_driver/share/base_driver/local_setup.dsv
[2.829s] -- Installing: /home/unitree/106a_final/install/base_driver/share/base_driver/package.dsv
[2.830s] -- Up-to-date: /home/unitree/106a_final/install/base_driver/share/ament_index/resource_index/packages/base_driver
[2.830s] -- Up-to-date: /home/unitree/106a_final/install/base_driver/share/base_driver/cmake/base_driverConfig.cmake
[2.830s] -- Up-to-date: /home/unitree/106a_final/install/base_driver/share/base_driver/cmake/base_driverConfig-version.cmake
[2.830s] -- Up-to-date: /home/unitree/106a_final/install/base_driver/share/base_driver/package.xml
[3.476s] Invoked command in '/home/unitree/106a_final/build/base_driver' returned '0': /usr/bin/cmake --install /home/unitree/106a_final/build/base_driver
