[8.242s] Invoking command in '/home/unitree/106a_final/src/go2_bringup': PYTHONPATH=/home/unitree/106a_final/build/go2_bringup/prefix_override:/home/unitree/106a_final/install/go2_bringup/lib/python3.8/site-packages:${PYTHONPATH} /usr/bin/python3 setup.py egg_info --egg-base ../../build/go2_bringup build --build-base /home/unitree/106a_final/build/go2_bringup/build install --record /home/unitree/106a_final/build/go2_bringup/install.log --install-scripts $base/lib/go2_bringup --single-version-externally-managed
[8.785s] running egg_info
[8.786s] writing ../../build/go2_bringup/go2_bringup.egg-info/PKG-INFO
[8.787s] writing dependency_links to ../../build/go2_bringup/go2_bringup.egg-info/dependency_links.txt
[8.787s] writing entry points to ../../build/go2_bringup/go2_bringup.egg-info/entry_points.txt
[8.787s] writing requirements to ../../build/go2_bringup/go2_bringup.egg-info/requires.txt
[8.788s] writing top-level names to ../../build/go2_bringup/go2_bringup.egg-info/top_level.txt
[8.903s] reading manifest file '../../build/go2_bringup/go2_bringup.egg-info/SOURCES.txt'
[8.905s] writing manifest file '../../build/go2_bringup/go2_bringup.egg-info/SOURCES.txt'
[8.906s] running build
[8.906s] running build_py
[8.906s] running install
[8.908s] running install_lib
[8.911s] running install_data
[8.912s] running install_egg_info
[8.916s] removing '/home/unitree/106a_final/install/go2_bringup/lib/python3.8/site-packages/go2_bringup-0.0.0-py3.8.egg-info' (and everything under it)
[8.917s] Copying ../../build/go2_bringup/go2_bringup.egg-info to /home/unitree/106a_final/install/go2_bringup/lib/python3.8/site-packages/go2_bringup-0.0.0-py3.8.egg-info
[8.919s] running install_scripts
[8.969s] writing list of installed files to '/home/unitree/106a_final/build/go2_bringup/install.log'
[9.045s] Invoked command in '/home/unitree/106a_final/src/go2_bringup' returned '0': PYTHONPATH=/home/unitree/106a_final/build/go2_bringup/prefix_override:/home/unitree/106a_final/install/go2_bringup/lib/python3.8/site-packages:${PYTHONPATH} /usr/bin/python3 setup.py egg_info --egg-base ../../build/go2_bringup build --build-base /home/unitree/106a_final/build/go2_bringup/build install --record /home/unitree/106a_final/build/go2_bringup/install.log --install-scripts $base/lib/go2_bringup --single-version-externally-managed
