[5.322s] Invoking command in '/home/unitree/106a_final/src/navigation_node_two': PYTHONPATH=/home/unitree/106a_final/build/navigation_node_two/prefix_override:/home/unitree/106a_final/install/navigation_node_two/lib/python3.8/site-packages:${PYTHONPATH} /usr/bin/python3 setup.py egg_info --egg-base ../../build/navigation_node_two build --build-base /home/unitree/106a_final/build/navigation_node_two/build install --record /home/unitree/106a_final/build/navigation_node_two/install.log --install-scripts $base/lib/navigation_node_two --single-version-externally-managed
[5.954s] running egg_info
[5.955s] writing ../../build/navigation_node_two/navigation_node_two.egg-info/PKG-INFO
[5.956s] writing dependency_links to ../../build/navigation_node_two/navigation_node_two.egg-info/dependency_links.txt
[5.956s] writing entry points to ../../build/navigation_node_two/navigation_node_two.egg-info/entry_points.txt
[5.956s] writing requirements to ../../build/navigation_node_two/navigation_node_two.egg-info/requires.txt
[5.957s] writing top-level names to ../../build/navigation_node_two/navigation_node_two.egg-info/top_level.txt
[6.027s] reading manifest file '../../build/navigation_node_two/navigation_node_two.egg-info/SOURCES.txt'
[6.028s] writing manifest file '../../build/navigation_node_two/navigation_node_two.egg-info/SOURCES.txt'
[6.029s] running build
[6.029s] running build_py
[6.030s] running install
[6.032s] running install_lib
[6.035s] running install_data
[6.036s] running install_egg_info
[6.040s] removing '/home/unitree/106a_final/install/navigation_node_two/lib/python3.8/site-packages/navigation_node_two-0.0.0-py3.8.egg-info' (and everything under it)
[6.040s] Copying ../../build/navigation_node_two/navigation_node_two.egg-info to /home/unitree/106a_final/install/navigation_node_two/lib/python3.8/site-packages/navigation_node_two-0.0.0-py3.8.egg-info
[6.043s] running install_scripts
[6.090s] Installing nav_to_bottle script to /home/unitree/106a_final/install/navigation_node_two/lib/navigation_node_two
[6.090s] Installing pose_bridge_node script to /home/unitree/106a_final/install/navigation_node_two/lib/navigation_node_two
[6.091s] writing list of installed files to '/home/unitree/106a_final/build/navigation_node_two/install.log'
[6.193s] Invoked command in '/home/unitree/106a_final/src/navigation_node_two' returned '0': PYTHONPATH=/home/unitree/106a_final/build/navigation_node_two/prefix_override:/home/unitree/106a_final/install/navigation_node_two/lib/python3.8/site-packages:${PYTHONPATH} /usr/bin/python3 setup.py egg_info --egg-base ../../build/navigation_node_two build --build-base /home/unitree/106a_final/build/navigation_node_two/build install --record /home/unitree/106a_final/build/navigation_node_two/install.log --install-scripts $base/lib/navigation_node_two --single-version-externally-managed
