[9.727s] Invoking command in '/home/unitree/106a_final/src/aruco_node': PYTHONPATH=/home/unitree/106a_final/build/aruco_node/prefix_override:/home/unitree/106a_final/install/aruco_node/lib/python3.8/site-packages:${PYTHONPATH} /usr/bin/python3 setup.py egg_info --egg-base ../../build/aruco_node build --build-base /home/unitree/106a_final/build/aruco_node/build install --record /home/unitree/106a_final/build/aruco_node/install.log --single-version-externally-managed
[10.705s] running egg_info
[10.708s] writing ../../build/aruco_node/aruco_node.egg-info/PKG-INFO
[10.709s] writing dependency_links to ../../build/aruco_node/aruco_node.egg-info/dependency_links.txt
[10.711s] writing entry points to ../../build/aruco_node/aruco_node.egg-info/entry_points.txt
[10.712s] writing requirements to ../../build/aruco_node/aruco_node.egg-info/requires.txt
[10.712s] writing top-level names to ../../build/aruco_node/aruco_node.egg-info/top_level.txt
[10.871s] reading manifest file '../../build/aruco_node/aruco_node.egg-info/SOURCES.txt'
[10.875s] writing manifest file '../../build/aruco_node/aruco_node.egg-info/SOURCES.txt'
[10.876s] running build
[10.877s] running build_py
[10.879s] running install
[10.884s] running install_lib
[10.897s] running install_data
[10.902s] running install_egg_info
[10.914s] removing '/home/unitree/106a_final/install/aruco_node/lib/python3.8/site-packages/aruco_node-0.0.0-py3.8.egg-info' (and everything under it)
[10.915s] Copying ../../build/aruco_node/aruco_node.egg-info to /home/unitree/106a_final/install/aruco_node/lib/python3.8/site-packages/aruco_node-0.0.0-py3.8.egg-info
[10.922s] running install_scripts
[11.109s] Installing aruco script to /home/unitree/106a_final/install/aruco_node/lib/aruco_node
[11.110s] writing list of installed files to '/home/unitree/106a_final/build/aruco_node/install.log'
[15.139s] Invoked command in '/home/unitree/106a_final/src/aruco_node' returned '0': PYTHONPATH=/home/unitree/106a_final/build/aruco_node/prefix_override:/home/unitree/106a_final/install/aruco_node/lib/python3.8/site-packages:${PYTHONPATH} /usr/bin/python3 setup.py egg_info --egg-base ../../build/aruco_node build --build-base /home/unitree/106a_final/build/aruco_node/build install --record /home/unitree/106a_final/build/aruco_node/install.log --single-version-externally-managed
