[14.560s] Invoking command in '/home/unitree/106a_final/src/navigation_return_node': PYTHONPATH=/home/unitree/106a_final/build/navigation_return_node/prefix_override:/home/unitree/106a_final/install/navigation_return_node/lib/python3.8/site-packages:${PYTHONPATH} /usr/bin/python3 setup.py egg_info --egg-base ../../build/navigation_return_node build --build-base /home/unitree/106a_final/build/navigation_return_node/build install --record /home/unitree/106a_final/build/navigation_return_node/install.log --install-scripts $base/lib/navigation_return_node --single-version-externally-managed
[15.387s] running egg_info
[15.389s] writing ../../build/navigation_return_node/navigation_return_node.egg-info/PKG-INFO
[15.391s] writing dependency_links to ../../build/navigation_return_node/navigation_return_node.egg-info/dependency_links.txt
[15.391s] writing entry points to ../../build/navigation_return_node/navigation_return_node.egg-info/entry_points.txt
[15.392s] writing requirements to ../../build/navigation_return_node/navigation_return_node.egg-info/requires.txt
[15.392s] writing top-level names to ../../build/navigation_return_node/navigation_return_node.egg-info/top_level.txt
[15.471s] reading manifest file '../../build/navigation_return_node/navigation_return_node.egg-info/SOURCES.txt'
[15.473s] writing manifest file '../../build/navigation_return_node/navigation_return_node.egg-info/SOURCES.txt'
[15.473s] running build
[15.474s] running build_py
[15.474s] running install
[15.476s] running install_lib
[15.480s] running install_data
[15.483s] running install_egg_info
[15.488s] removing '/home/unitree/106a_final/install/navigation_return_node/lib/python3.8/site-packages/navigation_return_node-0.0.0-py3.8.egg-info' (and everything under it)
[15.489s] Copying ../../build/navigation_return_node/navigation_return_node.egg-info to /home/unitree/106a_final/install/navigation_return_node/lib/python3.8/site-packages/navigation_return_node-0.0.0-py3.8.egg-info
[15.492s] running install_scripts
[15.546s] Installing return_navigator script to /home/unitree/106a_final/install/navigation_return_node/lib/navigation_return_node
[15.547s] writing list of installed files to '/home/unitree/106a_final/build/navigation_return_node/install.log'
[16.949s] Invoked command in '/home/unitree/106a_final/src/navigation_return_node' returned '0': PYTHONPATH=/home/unitree/106a_final/build/navigation_return_node/prefix_override:/home/unitree/106a_final/install/navigation_return_node/lib/python3.8/site-packages:${PYTHONPATH} /usr/bin/python3 setup.py egg_info --egg-base ../../build/navigation_return_node build --build-base /home/unitree/106a_final/build/navigation_return_node/build install --record /home/unitree/106a_final/build/navigation_return_node/install.log --install-scripts $base/lib/navigation_return_node --single-version-externally-managed
