[15.327s] Invoking command in '/home/unitree/106a_final/src/vision_node': PYTHONPATH=/home/unitree/106a_final/build/vision_node/prefix_override:/home/unitree/106a_final/install/vision_node/lib/python3.8/site-packages:${PYTHONPATH} /usr/bin/python3 setup.py egg_info --egg-base ../../build/vision_node build --build-base /home/unitree/106a_final/build/vision_node/build install --record /home/unitree/106a_final/build/vision_node/install.log --install-scripts $base/lib/vision_node --single-version-externally-managed
[17.295s] running egg_info
[17.304s] writing ../../build/vision_node/vision_node.egg-info/PKG-INFO
[17.304s] writing dependency_links to ../../build/vision_node/vision_node.egg-info/dependency_links.txt
[17.305s] writing entry points to ../../build/vision_node/vision_node.egg-info/entry_points.txt
[17.305s] writing requirements to ../../build/vision_node/vision_node.egg-info/requires.txt
[17.306s] writing top-level names to ../../build/vision_node/vision_node.egg-info/top_level.txt
[17.393s] reading manifest file '../../build/vision_node/vision_node.egg-info/SOURCES.txt'
[17.395s] writing manifest file '../../build/vision_node/vision_node.egg-info/SOURCES.txt'
[17.395s] running build
[17.395s] running build_py
[17.396s] running install
[17.398s] running install_lib
[17.402s] running install_data
[17.403s] running install_egg_info
[17.408s] removing '/home/unitree/106a_final/install/vision_node/lib/python3.8/site-packages/vision_node-0.0.0-py3.8.egg-info' (and everything under it)
[17.408s] Copying ../../build/vision_node/vision_node.egg-info to /home/unitree/106a_final/install/vision_node/lib/python3.8/site-packages/vision_node-0.0.0-py3.8.egg-info
[17.410s] running install_scripts
[17.459s] Installing arm_aruco script to /home/unitree/106a_final/install/vision_node/lib/vision_node
[17.460s] Installing pingpong_node script to /home/unitree/106a_final/install/vision_node/lib/vision_node
[17.461s] writing list of installed files to '/home/unitree/106a_final/build/vision_node/install.log'
[19.999s] Invoked command in '/home/unitree/106a_final/src/vision_node' returned '0': PYTHONPATH=/home/unitree/106a_final/build/vision_node/prefix_override:/home/unitree/106a_final/install/vision_node/lib/python3.8/site-packages:${PYTHONPATH} /usr/bin/python3 setup.py egg_info --egg-base ../../build/vision_node build --build-base /home/unitree/106a_final/build/vision_node/build install --record /home/unitree/106a_final/build/vision_node/install.log --install-scripts $base/lib/vision_node --single-version-externally-managed
