[4.565s] Invoking command in '/home/unitree/106a_final/src/vision_node': PYTHONPATH=/home/unitree/106a_final/build/vision_node/prefix_override:/home/unitree/106a_final/install/vision_node/lib/python3.8/site-packages:${PYTHONPATH} /usr/bin/python3 setup.py egg_info --egg-base ../../build/vision_node build --build-base /home/unitree/106a_final/build/vision_node/build install --record /home/unitree/106a_final/build/vision_node/install.log --install-scripts $base/lib/vision_node --single-version-externally-managed
[5.091s] running egg_info
[5.092s] writing ../../build/vision_node/vision_node.egg-info/PKG-INFO
[5.093s] writing dependency_links to ../../build/vision_node/vision_node.egg-info/dependency_links.txt
[5.093s] writing entry points to ../../build/vision_node/vision_node.egg-info/entry_points.txt
[5.093s] writing requirements to ../../build/vision_node/vision_node.egg-info/requires.txt
[5.094s] writing top-level names to ../../build/vision_node/vision_node.egg-info/top_level.txt
[5.170s] reading manifest file '../../build/vision_node/vision_node.egg-info/SOURCES.txt'
[5.172s] writing manifest file '../../build/vision_node/vision_node.egg-info/SOURCES.txt'
[5.172s] running build
[5.173s] running build_py
[5.173s] copying vision_node/pingpong.py -> /home/unitree/106a_final/build/vision_node/build/lib/vision_node
[5.173s] running install
[5.176s] running install_lib
[5.179s] copying /home/unitree/106a_final/build/vision_node/build/lib/vision_node/pingpong.py -> /home/unitree/106a_final/install/vision_node/lib/python3.8/site-packages/vision_node
[5.180s] byte-compiling /home/unitree/106a_final/install/vision_node/lib/python3.8/site-packages/vision_node/pingpong.py to pingpong.cpython-38.pyc
[5.184s] running install_data
[5.186s] running install_egg_info
[5.191s] removing '/home/unitree/106a_final/install/vision_node/lib/python3.8/site-packages/vision_node-0.0.0-py3.8.egg-info' (and everything under it)
[5.192s] Copying ../../build/vision_node/vision_node.egg-info to /home/unitree/106a_final/install/vision_node/lib/python3.8/site-packages/vision_node-0.0.0-py3.8.egg-info
[5.194s] running install_scripts
[5.248s] Installing pingpong_node script to /home/unitree/106a_final/install/vision_node/lib/vision_node
[5.249s] writing list of installed files to '/home/unitree/106a_final/build/vision_node/install.log'
[5.341s] Invoked command in '/home/unitree/106a_final/src/vision_node' returned '0': PYTHONPATH=/home/unitree/106a_final/build/vision_node/prefix_override:/home/unitree/106a_final/install/vision_node/lib/python3.8/site-packages:${PYTHONPATH} /usr/bin/python3 setup.py egg_info --egg-base ../../build/vision_node build --build-base /home/unitree/106a_final/build/vision_node/build install --record /home/unitree/106a_final/build/vision_node/install.log --install-scripts $base/lib/vision_node --single-version-externally-managed
