[9.110s] Invoking command in '/home/unitree/106a_final/src/navigation_node_three': PYTHONPATH=/home/unitree/106a_final/build/navigation_node_three/prefix_override:/home/unitree/106a_final/install/navigation_node_three/lib/python3.8/site-packages:${PYTHONPATH} /usr/bin/python3 setup.py egg_info --egg-base ../../build/navigation_node_three build --build-base /home/unitree/106a_final/build/navigation_node_three/build install --record /home/unitree/106a_final/build/navigation_node_three/install.log --install-scripts $base/lib/navigation_node_three --single-version-externally-managed
[9.665s] running egg_info
[9.667s] writing ../../build/navigation_node_three/navigation_node_three.egg-info/PKG-INFO
[9.669s] writing dependency_links to ../../build/navigation_node_three/navigation_node_three.egg-info/dependency_links.txt
[9.669s] writing entry points to ../../build/navigation_node_three/navigation_node_three.egg-info/entry_points.txt
[9.670s] writing requirements to ../../build/navigation_node_three/navigation_node_three.egg-info/requires.txt
[9.671s] writing top-level names to ../../build/navigation_node_three/navigation_node_three.egg-info/top_level.txt
[9.742s] reading manifest file '../../build/navigation_node_three/navigation_node_three.egg-info/SOURCES.txt'
[9.745s] writing manifest file '../../build/navigation_node_three/navigation_node_three.egg-info/SOURCES.txt'
[9.745s] running build
[9.745s] running build_py
[9.745s] running install
[9.748s] running install_lib
[9.752s] running install_data
[9.753s] running install_egg_info
[9.758s] removing '/home/unitree/106a_final/install/navigation_node_three/lib/python3.8/site-packages/navigation_node_three-0.0.0-py3.8.egg-info' (and everything under it)
[9.759s] Copying ../../build/navigation_node_three/navigation_node_three.egg-info to /home/unitree/106a_final/install/navigation_node_three/lib/python3.8/site-packages/navigation_node_three-0.0.0-py3.8.egg-info
[9.761s] running install_scripts
[9.807s] Installing navigator script to /home/unitree/106a_final/install/navigation_node_three/lib/navigation_node_three
[9.808s] writing list of installed files to '/home/unitree/106a_final/build/navigation_node_three/install.log'
[9.895s] Invoked command in '/home/unitree/106a_final/src/navigation_node_three' returned '0': PYTHONPATH=/home/unitree/106a_final/build/navigation_node_three/prefix_override:/home/unitree/106a_final/install/navigation_node_three/lib/python3.8/site-packages:${PYTHONPATH} /usr/bin/python3 setup.py egg_info --egg-base ../../build/navigation_node_three build --build-base /home/unitree/106a_final/build/navigation_node_three/build install --record /home/unitree/106a_final/build/navigation_node_three/install.log --install-scripts $base/lib/navigation_node_three --single-version-externally-managed
