[4.133s] Invoking command in '/home/unitree/106a_final/src/arm_control': PYTHONPATH=/home/unitree/106a_final/build/arm_control/prefix_override:/home/unitree/106a_final/install/arm_control/lib/python3.8/site-packages: /usr/bin/python3 setup.py egg_info --egg-base ../../build/arm_control build --build-base /home/unitree/106a_final/build/arm_control/build install --record /home/unitree/106a_final/build/arm_control/install.log --install-scripts $base/lib/arm_control --single-version-externally-managed
[4.790s] running egg_info
[4.792s] writing ../../build/arm_control/arm_control.egg-info/PKG-INFO
[4.793s] writing dependency_links to ../../build/arm_control/arm_control.egg-info/dependency_links.txt
[4.793s] writing entry points to ../../build/arm_control/arm_control.egg-info/entry_points.txt
[4.794s] writing requirements to ../../build/arm_control/arm_control.egg-info/requires.txt
[4.794s] writing top-level names to ../../build/arm_control/arm_control.egg-info/top_level.txt
[4.857s] reading manifest file '../../build/arm_control/arm_control.egg-info/SOURCES.txt'
[4.858s] writing manifest file '../../build/arm_control/arm_control.egg-info/SOURCES.txt'
[4.858s] running build
[4.859s] running build_py
[4.859s] running install
[4.861s] running install_lib
[4.864s] running install_data
[4.865s] running install_egg_info
[4.868s] removing '/home/unitree/106a_final/install/arm_control/lib/python3.8/site-packages/arm_control-0.0.0-py3.8.egg-info' (and everything under it)
[4.869s] Copying ../../build/arm_control/arm_control.egg-info to /home/unitree/106a_final/install/arm_control/lib/python3.8/site-packages/arm_control-0.0.0-py3.8.egg-info
[4.871s] running install_scripts
[4.908s] Installing arm_node script to /home/unitree/106a_final/install/arm_control/lib/arm_control
[4.908s] Installing servo_driver script to /home/unitree/106a_final/install/arm_control/lib/arm_control
[4.909s] writing list of installed files to '/home/unitree/106a_final/build/arm_control/install.log'
[5.525s] Invoked command in '/home/unitree/106a_final/src/arm_control' returned '0': PYTHONPATH=/home/unitree/106a_final/build/arm_control/prefix_override:/home/unitree/106a_final/install/arm_control/lib/python3.8/site-packages: /usr/bin/python3 setup.py egg_info --egg-base ../../build/arm_control build --build-base /home/unitree/106a_final/build/arm_control/build install --record /home/unitree/106a_final/build/arm_control/install.log --install-scripts $base/lib/arm_control --single-version-externally-managed
