[16.661s] Invoking command in '/home/unitree/106a_final/src/arm_control': PYTHONPATH=/home/unitree/106a_final/build/arm_control/prefix_override:/home/unitree/106a_final/install/arm_control/lib/python3.8/site-packages:${PYTHONPATH} /usr/bin/python3 setup.py egg_info --egg-base ../../build/arm_control build --build-base /home/unitree/106a_final/build/arm_control/build install --record /home/unitree/106a_final/build/arm_control/install.log --install-scripts $base/lib/arm_control --single-version-externally-managed
[17.909s] running egg_info
[17.910s] writing ../../build/arm_control/arm_control.egg-info/PKG-INFO
[17.921s] writing dependency_links to ../../build/arm_control/arm_control.egg-info/dependency_links.txt
[17.922s] writing entry points to ../../build/arm_control/arm_control.egg-info/entry_points.txt
[17.922s] writing requirements to ../../build/arm_control/arm_control.egg-info/requires.txt
[17.923s] writing top-level names to ../../build/arm_control/arm_control.egg-info/top_level.txt
[17.989s] reading manifest file '../../build/arm_control/arm_control.egg-info/SOURCES.txt'
[17.991s] writing manifest file '../../build/arm_control/arm_control.egg-info/SOURCES.txt'
[17.991s] running build
[17.991s] running build_py
[17.997s] running install
[18.000s] running install_lib
[18.021s] running install_data
[18.022s] running install_egg_info
[18.036s] removing '/home/unitree/106a_final/install/arm_control/lib/python3.8/site-packages/arm_control-0.0.0-py3.8.egg-info' (and everything under it)
[18.037s] Copying ../../build/arm_control/arm_control.egg-info to /home/unitree/106a_final/install/arm_control/lib/python3.8/site-packages/arm_control-0.0.0-py3.8.egg-info
[18.045s] running install_scripts
[18.285s] Installing arm_node script to /home/unitree/106a_final/install/arm_control/lib/arm_control
[18.286s] Installing servo_driver script to /home/unitree/106a_final/install/arm_control/lib/arm_control
[18.286s] writing list of installed files to '/home/unitree/106a_final/build/arm_control/install.log'
[19.403s] Invoked command in '/home/unitree/106a_final/src/arm_control' returned '0': PYTHONPATH=/home/unitree/106a_final/build/arm_control/prefix_override:/home/unitree/106a_final/install/arm_control/lib/python3.8/site-packages:${PYTHONPATH} /usr/bin/python3 setup.py egg_info --egg-base ../../build/arm_control build --build-base /home/unitree/106a_final/build/arm_control/build install --record /home/unitree/106a_final/build/arm_control/install.log --install-scripts $base/lib/arm_control --single-version-externally-managed
