[8.416s] Invoking command in '/home/unitree/106a_final/src/navigation_node': PYTHONPATH=/home/unitree/106a_final/build/navigation_node/prefix_override:/home/unitree/106a_final/install/navigation_node/lib/python3.8/site-packages:${PYTHONPATH} /usr/bin/python3 setup.py egg_info --egg-base ../../build/navigation_node build --build-base /home/unitree/106a_final/build/navigation_node/build install --record /home/unitree/106a_final/build/navigation_node/install.log --install-scripts $base/lib/navigation_node --single-version-externally-managed
[10.536s] running egg_info
[10.544s] writing ../../build/navigation_node/navigation_node.egg-info/PKG-INFO
[10.544s] writing dependency_links to ../../build/navigation_node/navigation_node.egg-info/dependency_links.txt
[10.545s] writing entry points to ../../build/navigation_node/navigation_node.egg-info/entry_points.txt
[10.545s] writing requirements to ../../build/navigation_node/navigation_node.egg-info/requires.txt
[10.545s] writing top-level names to ../../build/navigation_node/navigation_node.egg-info/top_level.txt
[10.632s] reading manifest file '../../build/navigation_node/navigation_node.egg-info/SOURCES.txt'
[10.632s] writing manifest file '../../build/navigation_node/navigation_node.egg-info/SOURCES.txt'
[10.632s] running build
[10.632s] running build_py
[10.633s] running install
[10.633s] running install_lib
[10.635s] running install_data
[10.637s] running install_egg_info
[10.641s] removing '/home/unitree/106a_final/install/navigation_node/lib/python3.8/site-packages/navigation_node-0.0.0-py3.8.egg-info' (and everything under it)
[10.646s] Copying ../../build/navigation_node/navigation_node.egg-info to /home/unitree/106a_final/install/navigation_node/lib/python3.8/site-packages/navigation_node-0.0.0-py3.8.egg-info
[10.647s] running install_scripts
[10.689s] Installing nav_node_go script to /home/unitree/106a_final/install/navigation_node/lib/navigation_node
[10.694s] writing list of installed files to '/home/unitree/106a_final/build/navigation_node/install.log'
[12.136s] Invoked command in '/home/unitree/106a_final/src/navigation_node' returned '0': PYTHONPATH=/home/unitree/106a_final/build/navigation_node/prefix_override:/home/unitree/106a_final/install/navigation_node/lib/python3.8/site-packages:${PYTHONPATH} /usr/bin/python3 setup.py egg_info --egg-base ../../build/navigation_node build --build-base /home/unitree/106a_final/build/navigation_node/build install --record /home/unitree/106a_final/build/navigation_node/install.log --install-scripts $base/lib/navigation_node --single-version-externally-managed
