[5.088s] Invoking command in '/home/unitree/106a_final/src/arm_control': PYTHONPATH=/home/unitree/106a_final/build/arm_control/prefix_override:/home/unitree/106a_final/install/arm_control/lib/python3.8/site-packages:${PYTHONPATH} /usr/bin/python3 setup.py egg_info --egg-base ../../build/arm_control build --build-base /home/unitree/106a_final/build/arm_control/build install --record /home/unitree/106a_final/build/arm_control/install.log --install-scripts $base/lib/arm_control --single-version-externally-managed
[5.574s] running egg_info
[5.575s] writing ../../build/arm_control/arm_control.egg-info/PKG-INFO
[5.576s] writing dependency_links to ../../build/arm_control/arm_control.egg-info/dependency_links.txt
[5.576s] writing entry points to ../../build/arm_control/arm_control.egg-info/entry_points.txt
[5.576s] writing requirements to ../../build/arm_control/arm_control.egg-info/requires.txt
[5.577s] writing top-level names to ../../build/arm_control/arm_control.egg-info/top_level.txt
[5.641s] reading manifest file '../../build/arm_control/arm_control.egg-info/SOURCES.txt'
[5.642s] writing manifest file '../../build/arm_control/arm_control.egg-info/SOURCES.txt'
[5.643s] running build
[5.643s] running build_py
[5.643s] copying arm_control/arm_node.py -> /home/unitree/106a_final/build/arm_control/build/lib/arm_control
[5.644s] running install
[5.646s] running install_lib
[5.648s] copying /home/unitree/106a_final/build/arm_control/build/lib/arm_control/arm_node.py -> /home/unitree/106a_final/install/arm_control/lib/python3.8/site-packages/arm_control
[5.650s] byte-compiling /home/unitree/106a_final/install/arm_control/lib/python3.8/site-packages/arm_control/arm_node.py to arm_node.cpython-38.pyc
[5.654s] running install_data
[5.657s] running install_egg_info
[5.658s] removing '/home/unitree/106a_final/install/arm_control/lib/python3.8/site-packages/arm_control-0.0.0-py3.8.egg-info' (and everything under it)
[5.659s] Copying ../../build/arm_control/arm_control.egg-info to /home/unitree/106a_final/install/arm_control/lib/python3.8/site-packages/arm_control-0.0.0-py3.8.egg-info
[5.661s] running install_scripts
[5.698s] Installing arm_node script to /home/unitree/106a_final/install/arm_control/lib/arm_control
[5.699s] Installing servo_driver script to /home/unitree/106a_final/install/arm_control/lib/arm_control
[5.700s] writing list of installed files to '/home/unitree/106a_final/build/arm_control/install.log'
[6.715s] Invoked command in '/home/unitree/106a_final/src/arm_control' returned '0': PYTHONPATH=/home/unitree/106a_final/build/arm_control/prefix_override:/home/unitree/106a_final/install/arm_control/lib/python3.8/site-packages:${PYTHONPATH} /usr/bin/python3 setup.py egg_info --egg-base ../../build/arm_control build --build-base /home/unitree/106a_final/build/arm_control/build install --record /home/unitree/106a_final/build/arm_control/install.log --install-scripts $base/lib/arm_control --single-version-externally-managed
