[1.904s] Invoking command in '/home/unitree/106a_final/build/base_driver': CMAKE_PREFIX_PATH=${CMAKE_PREFIX_PATH}:/opt/ros/foxy /usr/bin/cmake --build /home/unitree/106a_final/build/base_driver -- -j4 -l4
[1.924s] make: Warning: File 'Makefile' has modification time 1764694526 s in the future
[1.973s] make[1]: Warning: File 'CMakeFiles/Makefile2' has modification time 1764694526 s in the future
[1.975s] make[2]: Warning: File 'CMakeFiles/base_wrapper.dir/flags.make' has modification time 1764694526 s in the future
[2.011s] make[2]: warning:  Clock skew detected.  Your build may be incomplete.
[2.014s] make[2]: Warning: File 'CMakeFiles/base_wrapper.dir/flags.make' has modification time 1764694526 s in the future
[2.014s] make[2]: warning:  Clock skew detected.  Your build may be incomplete.
[2.035s] [ 50%] Built target base_wrapper
[2.041s] make[2]: Warning: File 'CMakeFiles/base_driver.dir/flags.make' has modification time 1764694526 s in the future
[2.065s] make[2]: warning:  Clock skew detected.  Your build may be incomplete.
[2.068s] make[2]: Warning: File 'CMakeFiles/base_driver.dir/flags.make' has modification time 1764694526 s in the future
[2.084s] make[2]: warning:  Clock skew detected.  Your build may be incomplete.
[2.105s] [100%] Built target base_driver
[2.107s] make[1]: warning:  Clock skew detected.  Your build may be incomplete.
[2.127s] make: warning:  Clock skew detected.  Your build may be incomplete.
[3.101s] Invoked command in '/home/unitree/106a_final/build/base_driver' returned '0': CMAKE_PREFIX_PATH=${CMAKE_PREFIX_PATH}:/opt/ros/foxy /usr/bin/cmake --build /home/unitree/106a_final/build/base_driver -- -j4 -l4
[3.105s] Invoking command in '/home/unitree/106a_final/build/base_driver': CMAKE_PREFIX_PATH=${CMAKE_PREFIX_PATH}:/opt/ros/foxy /usr/bin/cmake --install /home/unitree/106a_final/build/base_driver
[3.126s] -- Install configuration: ""
[3.127s] -- Up-to-date: /home/unitree/106a_final/install/base_driver/lib/base_driver/base_driver
[3.127s] -- Up-to-date: /home/unitree/106a_final/install/base_driver/lib/base_driver/libbase_wrapper.a
[3.127s] -- Up-to-date: /home/unitree/106a_final/install/base_driver/include
[3.127s] -- Up-to-date: /home/unitree/106a_final/install/base_driver/include/base_driver
[3.128s] -- Up-to-date: /home/unitree/106a_final/install/base_driver/share/ament_index/resource_index/package_run_dependencies/base_driver
[3.128s] -- Up-to-date: /home/unitree/106a_final/install/base_driver/share/ament_index/resource_index/parent_prefix_path/base_driver
[3.128s] -- Up-to-date: /home/unitree/106a_final/install/base_driver/share/base_driver/environment/ament_prefix_path.sh
[3.128s] -- Up-to-date: /home/unitree/106a_final/install/base_driver/share/base_driver/environment/ament_prefix_path.dsv
[3.129s] -- Up-to-date: /home/unitree/106a_final/install/base_driver/share/base_driver/environment/path.sh
[3.129s] -- Up-to-date: /home/unitree/106a_final/install/base_driver/share/base_driver/environment/path.dsv
[3.129s] -- Up-to-date: /home/unitree/106a_final/install/base_driver/share/base_driver/local_setup.bash
[3.129s] -- Up-to-date: /home/unitree/106a_final/install/base_driver/share/base_driver/local_setup.sh
[3.129s] -- Up-to-date: /home/unitree/106a_final/install/base_driver/share/base_driver/local_setup.zsh
[3.129s] -- Up-to-date: /home/unitree/106a_final/install/base_driver/share/base_driver/local_setup.dsv
[3.130s] -- Installing: /home/unitree/106a_final/install/base_driver/share/base_driver/package.dsv
[3.130s] -- Up-to-date: /home/unitree/106a_final/install/base_driver/share/ament_index/resource_index/packages/base_driver
[3.130s] -- Up-to-date: /home/unitree/106a_final/install/base_driver/share/base_driver/cmake/base_driverConfig.cmake
[3.130s] -- Up-to-date: /home/unitree/106a_final/install/base_driver/share/base_driver/cmake/base_driverConfig-version.cmake
[3.130s] -- Up-to-date: /home/unitree/106a_final/install/base_driver/share/base_driver/package.xml
[3.993s] Invoked command in '/home/unitree/106a_final/build/base_driver' returned '0': CMAKE_PREFIX_PATH=${CMAKE_PREFIX_PATH}:/opt/ros/foxy /usr/bin/cmake --install /home/unitree/106a_final/build/base_driver
