[8.380s] Invoking command in '/home/unitree/106a_final/src/aruco_node': PYTHONPATH=/home/unitree/106a_final/build/aruco_node/prefix_override:/home/unitree/106a_final/install/aruco_node/lib/python3.8/site-packages:${PYTHONPATH} /usr/bin/python3 setup.py egg_info --egg-base ../../build/aruco_node build --build-base /home/unitree/106a_final/build/aruco_node/build install --record /home/unitree/106a_final/build/aruco_node/install.log --single-version-externally-managed
[9.894s] running egg_info
[9.904s] writing ../../build/aruco_node/aruco_node.egg-info/PKG-INFO
[9.906s] writing dependency_links to ../../build/aruco_node/aruco_node.egg-info/dependency_links.txt
[9.906s] writing entry points to ../../build/aruco_node/aruco_node.egg-info/entry_points.txt
[9.906s] writing requirements to ../../build/aruco_node/aruco_node.egg-info/requires.txt
[9.906s] writing top-level names to ../../build/aruco_node/aruco_node.egg-info/top_level.txt
[10.011s] reading manifest file '../../build/aruco_node/aruco_node.egg-info/SOURCES.txt'
[10.017s] writing manifest file '../../build/aruco_node/aruco_node.egg-info/SOURCES.txt'
[10.017s] running build
[10.018s] running build_py
[10.018s] running install
[10.021s] running install_lib
[10.026s] running install_data
[10.027s] running install_egg_info
[10.051s] removing '/home/unitree/106a_final/install/aruco_node/lib/python3.8/site-packages/aruco_node-0.0.0-py3.8.egg-info' (and everything under it)
[10.051s] Copying ../../build/aruco_node/aruco_node.egg-info to /home/unitree/106a_final/install/aruco_node/lib/python3.8/site-packages/aruco_node-0.0.0-py3.8.egg-info
[10.053s] running install_scripts
[10.148s] Installing aruco script to /home/unitree/106a_final/install/aruco_node/lib/aruco_node
[10.151s] writing list of installed files to '/home/unitree/106a_final/build/aruco_node/install.log'
[13.611s] Invoked command in '/home/unitree/106a_final/src/aruco_node' returned '0': PYTHONPATH=/home/unitree/106a_final/build/aruco_node/prefix_override:/home/unitree/106a_final/install/aruco_node/lib/python3.8/site-packages:${PYTHONPATH} /usr/bin/python3 setup.py egg_info --egg-base ../../build/aruco_node build --build-base /home/unitree/106a_final/build/aruco_node/build install --record /home/unitree/106a_final/build/aruco_node/install.log --single-version-externally-managed
