[9.699s] Invoking command in '/home/unitree/106a_final/src/navigation_node': PYTHONPATH=/home/unitree/106a_final/build/navigation_node/prefix_override:/home/unitree/106a_final/install/navigation_node/lib/python3.8/site-packages:${PYTHONPATH} /usr/bin/python3 setup.py egg_info --egg-base ../../build/navigation_node build --build-base /home/unitree/106a_final/build/navigation_node/build install --record /home/unitree/106a_final/build/navigation_node/install.log --install-scripts $base/lib/navigation_node --single-version-externally-managed
[12.150s] running egg_info
[12.150s] writing ../../build/navigation_node/navigation_node.egg-info/PKG-INFO
[12.150s] writing dependency_links to ../../build/navigation_node/navigation_node.egg-info/dependency_links.txt
[12.151s] writing entry points to ../../build/navigation_node/navigation_node.egg-info/entry_points.txt
[12.151s] writing requirements to ../../build/navigation_node/navigation_node.egg-info/requires.txt
[12.151s] writing top-level names to ../../build/navigation_node/navigation_node.egg-info/top_level.txt
[12.151s] reading manifest file '../../build/navigation_node/navigation_node.egg-info/SOURCES.txt'
[12.151s] writing manifest file '../../build/navigation_node/navigation_node.egg-info/SOURCES.txt'
[12.151s] running build
[12.151s] running build_py
[12.151s] running install
[12.153s] running install_lib
[12.155s] running install_data
[12.156s] running install_egg_info
[12.161s] removing '/home/unitree/106a_final/install/navigation_node/lib/python3.8/site-packages/navigation_node-0.0.0-py3.8.egg-info' (and everything under it)
[12.181s] Copying ../../build/navigation_node/navigation_node.egg-info to /home/unitree/106a_final/install/navigation_node/lib/python3.8/site-packages/navigation_node-0.0.0-py3.8.egg-info
[12.181s] running install_scripts
[12.181s] Installing nav_node_go script to /home/unitree/106a_final/install/navigation_node/lib/navigation_node
[12.182s] writing list of installed files to '/home/unitree/106a_final/build/navigation_node/install.log'
[13.966s] Invoked command in '/home/unitree/106a_final/src/navigation_node' returned '0': PYTHONPATH=/home/unitree/106a_final/build/navigation_node/prefix_override:/home/unitree/106a_final/install/navigation_node/lib/python3.8/site-packages:${PYTHONPATH} /usr/bin/python3 setup.py egg_info --egg-base ../../build/navigation_node build --build-base /home/unitree/106a_final/build/navigation_node/build install --record /home/unitree/106a_final/build/navigation_node/install.log --install-scripts $base/lib/navigation_node --single-version-externally-managed
