[3.053s] Invoking command in '/home/unitree/106a_final/src/aruco_node': PYTHONPATH=/home/unitree/106a_final/build/aruco_node/prefix_override:/home/unitree/106a_final/install/aruco_node/lib/python3.8/site-packages: /usr/bin/python3 setup.py egg_info --egg-base ../../build/aruco_node build --build-base /home/unitree/106a_final/build/aruco_node/build install --record /home/unitree/106a_final/build/aruco_node/install.log --single-version-externally-managed
[3.505s] running egg_info
[3.506s] writing ../../build/aruco_node/aruco_node.egg-info/PKG-INFO
[3.507s] writing dependency_links to ../../build/aruco_node/aruco_node.egg-info/dependency_links.txt
[3.507s] writing entry points to ../../build/aruco_node/aruco_node.egg-info/entry_points.txt
[3.508s] writing requirements to ../../build/aruco_node/aruco_node.egg-info/requires.txt
[3.508s] writing top-level names to ../../build/aruco_node/aruco_node.egg-info/top_level.txt
[3.573s] reading manifest file '../../build/aruco_node/aruco_node.egg-info/SOURCES.txt'
[3.575s] writing manifest file '../../build/aruco_node/aruco_node.egg-info/SOURCES.txt'
[3.575s] running build
[3.575s] running build_py
[3.576s] running install
[3.578s] running install_lib
[3.580s] running install_data
[3.582s] running install_egg_info
[3.585s] removing '/home/unitree/106a_final/install/aruco_node/lib/python3.8/site-packages/aruco_node-0.0.0-py3.8.egg-info' (and everything under it)
[3.586s] Copying ../../build/aruco_node/aruco_node.egg-info to /home/unitree/106a_final/install/aruco_node/lib/python3.8/site-packages/aruco_node-0.0.0-py3.8.egg-info
[3.588s] running install_scripts
[3.625s] Installing aruco script to /home/unitree/106a_final/install/aruco_node/lib/aruco_node
[3.626s] writing list of installed files to '/home/unitree/106a_final/build/aruco_node/install.log'
[4.558s] Invoked command in '/home/unitree/106a_final/src/aruco_node' returned '0': PYTHONPATH=/home/unitree/106a_final/build/aruco_node/prefix_override:/home/unitree/106a_final/install/aruco_node/lib/python3.8/site-packages: /usr/bin/python3 setup.py egg_info --egg-base ../../build/aruco_node build --build-base /home/unitree/106a_final/build/aruco_node/build install --record /home/unitree/106a_final/build/aruco_node/install.log --single-version-externally-managed
