[4.416s] Invoking command in '/home/unitree/106a_final/src/navigation_node': PYTHONPATH=/home/unitree/106a_final/build/navigation_node/prefix_override:/home/unitree/106a_final/install/navigation_node/lib/python3.8/site-packages:${PYTHONPATH} /usr/bin/python3 setup.py egg_info --egg-base ../../build/navigation_node build --build-base /home/unitree/106a_final/build/navigation_node/build install --record /home/unitree/106a_final/build/navigation_node/install.log --install-scripts $base/lib/navigation_node --single-version-externally-managed
[4.882s] running egg_info
[4.883s] writing ../../build/navigation_node/navigation_node.egg-info/PKG-INFO
[4.884s] writing dependency_links to ../../build/navigation_node/navigation_node.egg-info/dependency_links.txt
[4.884s] writing entry points to ../../build/navigation_node/navigation_node.egg-info/entry_points.txt
[4.885s] writing requirements to ../../build/navigation_node/navigation_node.egg-info/requires.txt
[4.885s] writing top-level names to ../../build/navigation_node/navigation_node.egg-info/top_level.txt
[4.952s] reading manifest file '../../build/navigation_node/navigation_node.egg-info/SOURCES.txt'
[4.953s] writing manifest file '../../build/navigation_node/navigation_node.egg-info/SOURCES.txt'
[4.954s] running build
[4.954s] running build_py
[4.954s] running install
[4.956s] running install_lib
[4.959s] running install_data
[4.960s] running install_egg_info
[4.963s] removing '/home/unitree/106a_final/install/navigation_node/lib/python3.8/site-packages/navigation_node-0.0.0-py3.8.egg-info' (and everything under it)
[4.964s] Copying ../../build/navigation_node/navigation_node.egg-info to /home/unitree/106a_final/install/navigation_node/lib/python3.8/site-packages/navigation_node-0.0.0-py3.8.egg-info
[4.966s] running install_scripts
[5.007s] Installing nav_node_go script to /home/unitree/106a_final/install/navigation_node/lib/navigation_node
[5.007s] writing list of installed files to '/home/unitree/106a_final/build/navigation_node/install.log'
[5.553s] Invoked command in '/home/unitree/106a_final/src/navigation_node' returned '0': PYTHONPATH=/home/unitree/106a_final/build/navigation_node/prefix_override:/home/unitree/106a_final/install/navigation_node/lib/python3.8/site-packages:${PYTHONPATH} /usr/bin/python3 setup.py egg_info --egg-base ../../build/navigation_node build --build-base /home/unitree/106a_final/build/navigation_node/build install --record /home/unitree/106a_final/build/navigation_node/install.log --install-scripts $base/lib/navigation_node --single-version-externally-managed
