[6.817s] Invoking command in '/home/unitree/106a_final/src/arm_control': PYTHONPATH=/home/unitree/106a_final/build/arm_control/prefix_override:/home/unitree/106a_final/install/arm_control/lib/python3.8/site-packages:${PYTHONPATH} /usr/bin/python3 setup.py egg_info --egg-base ../../build/arm_control build --build-base /home/unitree/106a_final/build/arm_control/build install --record /home/unitree/106a_final/build/arm_control/install.log --install-scripts $base/lib/arm_control --single-version-externally-managed
[8.609s] running egg_info
[8.609s] writing ../../build/arm_control/arm_control.egg-info/PKG-INFO
[8.609s] writing dependency_links to ../../build/arm_control/arm_control.egg-info/dependency_links.txt
[8.609s] writing entry points to ../../build/arm_control/arm_control.egg-info/entry_points.txt
[8.610s] writing requirements to ../../build/arm_control/arm_control.egg-info/requires.txt
[8.610s] writing top-level names to ../../build/arm_control/arm_control.egg-info/top_level.txt
[8.610s] reading manifest file '../../build/arm_control/arm_control.egg-info/SOURCES.txt'
[8.610s] writing manifest file '../../build/arm_control/arm_control.egg-info/SOURCES.txt'
[8.610s] running build
[8.610s] running build_py
[8.611s] copying arm_control/arm_node.py -> /home/unitree/106a_final/build/arm_control/build/lib/arm_control
[8.614s] running install
[8.624s] running install_lib
[8.628s] copying /home/unitree/106a_final/build/arm_control/build/lib/arm_control/arm_node.py -> /home/unitree/106a_final/install/arm_control/lib/python3.8/site-packages/arm_control
[8.629s] byte-compiling /home/unitree/106a_final/install/arm_control/lib/python3.8/site-packages/arm_control/arm_node.py to arm_node.cpython-38.pyc
[8.629s] running install_data
[8.630s] running install_egg_info
[8.630s] removing '/home/unitree/106a_final/install/arm_control/lib/python3.8/site-packages/arm_control-0.0.0-py3.8.egg-info' (and everything under it)
[8.630s] Copying ../../build/arm_control/arm_control.egg-info to /home/unitree/106a_final/install/arm_control/lib/python3.8/site-packages/arm_control-0.0.0-py3.8.egg-info
[8.632s] running install_scripts
[8.633s] Installing arm_node script to /home/unitree/106a_final/install/arm_control/lib/arm_control
[8.635s] Installing servo_driver script to /home/unitree/106a_final/install/arm_control/lib/arm_control
[8.636s] writing list of installed files to '/home/unitree/106a_final/build/arm_control/install.log'
[9.380s] Invoked command in '/home/unitree/106a_final/src/arm_control' returned '0': PYTHONPATH=/home/unitree/106a_final/build/arm_control/prefix_override:/home/unitree/106a_final/install/arm_control/lib/python3.8/site-packages:${PYTHONPATH} /usr/bin/python3 setup.py egg_info --egg-base ../../build/arm_control build --build-base /home/unitree/106a_final/build/arm_control/build install --record /home/unitree/106a_final/build/arm_control/install.log --install-scripts $base/lib/arm_control --single-version-externally-managed
