[9.189s] Invoking command in '/home/unitree/106a_final/src/navigation_node_three': PYTHONPATH=/home/unitree/106a_final/build/navigation_node_three/prefix_override:/home/unitree/106a_final/install/navigation_node_three/lib/python3.8/site-packages:${PYTHONPATH} /usr/bin/python3 setup.py egg_info --egg-base ../../build/navigation_node_three build --build-base /home/unitree/106a_final/build/navigation_node_three/build install --record /home/unitree/106a_final/build/navigation_node_three/install.log --install-scripts $base/lib/navigation_node_three --single-version-externally-managed
[11.304s] running egg_info
[11.313s] writing ../../build/navigation_node_three/navigation_node_three.egg-info/PKG-INFO
[11.314s] writing dependency_links to ../../build/navigation_node_three/navigation_node_three.egg-info/dependency_links.txt
[11.316s] writing entry points to ../../build/navigation_node_three/navigation_node_three.egg-info/entry_points.txt
[11.317s] writing requirements to ../../build/navigation_node_three/navigation_node_three.egg-info/requires.txt
[11.317s] writing top-level names to ../../build/navigation_node_three/navigation_node_three.egg-info/top_level.txt
[11.317s] reading manifest file '../../build/navigation_node_three/navigation_node_three.egg-info/SOURCES.txt'
[11.317s] writing manifest file '../../build/navigation_node_three/navigation_node_three.egg-info/SOURCES.txt'
[11.318s] running build
[11.318s] running build_py
[11.318s] running install
[11.318s] running install_lib
[11.319s] running install_data
[11.319s] running install_egg_info
[11.319s] removing '/home/unitree/106a_final/install/navigation_node_three/lib/python3.8/site-packages/navigation_node_three-0.0.0-py3.8.egg-info' (and everything under it)
[11.320s] Copying ../../build/navigation_node_three/navigation_node_three.egg-info to /home/unitree/106a_final/install/navigation_node_three/lib/python3.8/site-packages/navigation_node_three-0.0.0-py3.8.egg-info
[11.320s] running install_scripts
[11.321s] Installing navigator script to /home/unitree/106a_final/install/navigation_node_three/lib/navigation_node_three
[11.321s] writing list of installed files to '/home/unitree/106a_final/build/navigation_node_three/install.log'
[13.158s] Invoked command in '/home/unitree/106a_final/src/navigation_node_three' returned '0': PYTHONPATH=/home/unitree/106a_final/build/navigation_node_three/prefix_override:/home/unitree/106a_final/install/navigation_node_three/lib/python3.8/site-packages:${PYTHONPATH} /usr/bin/python3 setup.py egg_info --egg-base ../../build/navigation_node_three build --build-base /home/unitree/106a_final/build/navigation_node_three/build install --record /home/unitree/106a_final/build/navigation_node_three/install.log --install-scripts $base/lib/navigation_node_three --single-version-externally-managed
