[8.121s] Invoking command in '/home/unitree/106a_final/src/navigation_node': PYTHONPATH=/home/unitree/106a_final/build/navigation_node/prefix_override:/home/unitree/106a_final/install/navigation_node/lib/python3.8/site-packages:${PYTHONPATH} /usr/bin/python3 setup.py egg_info --egg-base ../../build/navigation_node build --build-base /home/unitree/106a_final/build/navigation_node/build install --record /home/unitree/106a_final/build/navigation_node/install.log --install-scripts $base/lib/navigation_node --single-version-externally-managed
[8.935s] running egg_info
[8.940s] writing ../../build/navigation_node/navigation_node.egg-info/PKG-INFO
[8.941s] writing dependency_links to ../../build/navigation_node/navigation_node.egg-info/dependency_links.txt
[8.941s] writing entry points to ../../build/navigation_node/navigation_node.egg-info/entry_points.txt
[8.942s] writing requirements to ../../build/navigation_node/navigation_node.egg-info/requires.txt
[8.942s] writing top-level names to ../../build/navigation_node/navigation_node.egg-info/top_level.txt
[9.031s] reading manifest file '../../build/navigation_node/navigation_node.egg-info/SOURCES.txt'
[9.033s] writing manifest file '../../build/navigation_node/navigation_node.egg-info/SOURCES.txt'
[9.034s] running build
[9.034s] running build_py
[9.034s] running install
[9.037s] running install_lib
[9.041s] running install_data
[9.043s] running install_egg_info
[9.048s] removing '/home/unitree/106a_final/install/navigation_node/lib/python3.8/site-packages/navigation_node-0.0.0-py3.8.egg-info' (and everything under it)
[9.048s] Copying ../../build/navigation_node/navigation_node.egg-info to /home/unitree/106a_final/install/navigation_node/lib/python3.8/site-packages/navigation_node-0.0.0-py3.8.egg-info
[9.051s] running install_scripts
[9.135s] Installing nav_node_go script to /home/unitree/106a_final/install/navigation_node/lib/navigation_node
[9.136s] writing list of installed files to '/home/unitree/106a_final/build/navigation_node/install.log'
[10.224s] Invoked command in '/home/unitree/106a_final/src/navigation_node' returned '0': PYTHONPATH=/home/unitree/106a_final/build/navigation_node/prefix_override:/home/unitree/106a_final/install/navigation_node/lib/python3.8/site-packages:${PYTHONPATH} /usr/bin/python3 setup.py egg_info --egg-base ../../build/navigation_node build --build-base /home/unitree/106a_final/build/navigation_node/build install --record /home/unitree/106a_final/build/navigation_node/install.log --install-scripts $base/lib/navigation_node --single-version-externally-managed
