[3.638s] Invoking command in '/home/unitree/106a_final/build/base_driver': CMAKE_PREFIX_PATH=${CMAKE_PREFIX_PATH}:/opt/ros/foxy /usr/bin/cmake --build /home/unitree/106a_final/build/base_driver -- -j4 -l4
[3.759s] make: Warning: File 'Makefile' has modification time 1764689050 s in the future
[3.899s] make[1]: Warning: File 'CMakeFiles/Makefile2' has modification time 1764689050 s in the future
[3.902s] make[2]: Warning: File 'CMakeFiles/base_wrapper.dir/flags.make' has modification time 1764689050 s in the future
[3.972s] make[2]: warning:  Clock skew detected.  Your build may be incomplete.
[3.986s] make[2]: Warning: File 'CMakeFiles/base_wrapper.dir/flags.make' has modification time 1764689050 s in the future
[3.986s] make[2]: warning:  Clock skew detected.  Your build may be incomplete.
[4.046s] [ 50%] Built target base_wrapper
[4.076s] make[2]: Warning: File 'CMakeFiles/base_driver.dir/flags.make' has modification time 1764689050 s in the future
[4.145s] make[2]: warning:  Clock skew detected.  Your build may be incomplete.
[4.149s] make[2]: Warning: File 'CMakeFiles/base_driver.dir/flags.make' has modification time 1764689050 s in the future
[4.187s] make[2]: warning:  Clock skew detected.  Your build may be incomplete.
[4.249s] [100%] Built target base_driver
[4.260s] make[1]: warning:  Clock skew detected.  Your build may be incomplete.
[4.303s] make: warning:  Clock skew detected.  Your build may be incomplete.
[5.750s] Invoked command in '/home/unitree/106a_final/build/base_driver' returned '0': CMAKE_PREFIX_PATH=${CMAKE_PREFIX_PATH}:/opt/ros/foxy /usr/bin/cmake --build /home/unitree/106a_final/build/base_driver -- -j4 -l4
[5.752s] Invoking command in '/home/unitree/106a_final/build/base_driver': CMAKE_PREFIX_PATH=${CMAKE_PREFIX_PATH}:/opt/ros/foxy /usr/bin/cmake --install /home/unitree/106a_final/build/base_driver
[5.789s] -- Install configuration: ""
[5.790s] -- Up-to-date: /home/unitree/106a_final/install/base_driver/lib/base_driver/base_driver
[5.791s] -- Up-to-date: /home/unitree/106a_final/install/base_driver/share/ament_index/resource_index/package_run_dependencies/base_driver
[5.791s] -- Up-to-date: /home/unitree/106a_final/install/base_driver/share/ament_index/resource_index/parent_prefix_path/base_driver
[5.792s] -- Up-to-date: /home/unitree/106a_final/install/base_driver/share/base_driver/environment/ament_prefix_path.sh
[5.792s] -- Up-to-date: /home/unitree/106a_final/install/base_driver/share/base_driver/environment/ament_prefix_path.dsv
[5.793s] -- Up-to-date: /home/unitree/106a_final/install/base_driver/share/base_driver/environment/path.sh
[5.794s] -- Up-to-date: /home/unitree/106a_final/install/base_driver/share/base_driver/environment/path.dsv
[5.794s] -- Up-to-date: /home/unitree/106a_final/install/base_driver/share/base_driver/local_setup.bash
[5.795s] -- Up-to-date: /home/unitree/106a_final/install/base_driver/share/base_driver/local_setup.sh
[5.795s] -- Up-to-date: /home/unitree/106a_final/install/base_driver/share/base_driver/local_setup.zsh
[5.796s] -- Up-to-date: /home/unitree/106a_final/install/base_driver/share/base_driver/local_setup.dsv
[5.796s] -- Installing: /home/unitree/106a_final/install/base_driver/share/base_driver/package.dsv
[5.797s] -- Up-to-date: /home/unitree/106a_final/install/base_driver/share/ament_index/resource_index/packages/base_driver
[5.798s] -- Up-to-date: /home/unitree/106a_final/install/base_driver/share/base_driver/cmake/base_driverConfig.cmake
[5.798s] -- Up-to-date: /home/unitree/106a_final/install/base_driver/share/base_driver/cmake/base_driverConfig-version.cmake
[5.799s] -- Up-to-date: /home/unitree/106a_final/install/base_driver/share/base_driver/package.xml
[7.129s] Invoked command in '/home/unitree/106a_final/build/base_driver' returned '0': CMAKE_PREFIX_PATH=${CMAKE_PREFIX_PATH}:/opt/ros/foxy /usr/bin/cmake --install /home/unitree/106a_final/build/base_driver
