[9.402s] Invoking command in '/home/unitree/106a_final/src/navigation_node_three': PYTHONPATH=/home/unitree/106a_final/build/navigation_node_three/prefix_override:/home/unitree/106a_final/install/navigation_node_three/lib/python3.8/site-packages:${PYTHONPATH} /usr/bin/python3 setup.py egg_info --egg-base ../../build/navigation_node_three build --build-base /home/unitree/106a_final/build/navigation_node_three/build install --record /home/unitree/106a_final/build/navigation_node_three/install.log --install-scripts $base/lib/navigation_node_three --single-version-externally-managed
[10.074s] running egg_info
[10.076s] writing ../../build/navigation_node_three/navigation_node_three.egg-info/PKG-INFO
[10.077s] writing dependency_links to ../../build/navigation_node_three/navigation_node_three.egg-info/dependency_links.txt
[10.081s] writing entry points to ../../build/navigation_node_three/navigation_node_three.egg-info/entry_points.txt
[10.081s] writing requirements to ../../build/navigation_node_three/navigation_node_three.egg-info/requires.txt
[10.081s] writing top-level names to ../../build/navigation_node_three/navigation_node_three.egg-info/top_level.txt
[10.150s] reading manifest file '../../build/navigation_node_three/navigation_node_three.egg-info/SOURCES.txt'
[10.151s] writing manifest file '../../build/navigation_node_three/navigation_node_three.egg-info/SOURCES.txt'
[10.151s] running build
[10.152s] running build_py
[10.152s] running install
[10.154s] running install_lib
[10.158s] running install_data
[10.159s] running install_egg_info
[10.163s] removing '/home/unitree/106a_final/install/navigation_node_three/lib/python3.8/site-packages/navigation_node_three-0.0.0-py3.8.egg-info' (and everything under it)
[10.164s] Copying ../../build/navigation_node_three/navigation_node_three.egg-info to /home/unitree/106a_final/install/navigation_node_three/lib/python3.8/site-packages/navigation_node_three-0.0.0-py3.8.egg-info
[10.166s] running install_scripts
[10.217s] Installing navigator script to /home/unitree/106a_final/install/navigation_node_three/lib/navigation_node_three
[10.217s] writing list of installed files to '/home/unitree/106a_final/build/navigation_node_three/install.log'
[10.301s] Invoked command in '/home/unitree/106a_final/src/navigation_node_three' returned '0': PYTHONPATH=/home/unitree/106a_final/build/navigation_node_three/prefix_override:/home/unitree/106a_final/install/navigation_node_three/lib/python3.8/site-packages:${PYTHONPATH} /usr/bin/python3 setup.py egg_info --egg-base ../../build/navigation_node_three build --build-base /home/unitree/106a_final/build/navigation_node_three/build install --record /home/unitree/106a_final/build/navigation_node_three/install.log --install-scripts $base/lib/navigation_node_three --single-version-externally-managed
