[11.821s] Invoking command in '/home/unitree/106a_final/src/navigation_return_node': PYTHONPATH=/home/unitree/106a_final/build/navigation_return_node/prefix_override:/home/unitree/106a_final/install/navigation_return_node/lib/python3.8/site-packages:${PYTHONPATH} /usr/bin/python3 setup.py egg_info --egg-base ../../build/navigation_return_node build --build-base /home/unitree/106a_final/build/navigation_return_node/build install --record /home/unitree/106a_final/build/navigation_return_node/install.log --install-scripts $base/lib/navigation_return_node --single-version-externally-managed
[12.780s] running egg_info
[12.788s] writing ../../build/navigation_return_node/navigation_return_node.egg-info/PKG-INFO
[12.788s] writing dependency_links to ../../build/navigation_return_node/navigation_return_node.egg-info/dependency_links.txt
[12.788s] writing entry points to ../../build/navigation_return_node/navigation_return_node.egg-info/entry_points.txt
[12.789s] writing requirements to ../../build/navigation_return_node/navigation_return_node.egg-info/requires.txt
[12.789s] writing top-level names to ../../build/navigation_return_node/navigation_return_node.egg-info/top_level.txt
[12.906s] reading manifest file '../../build/navigation_return_node/navigation_return_node.egg-info/SOURCES.txt'
[12.907s] writing manifest file '../../build/navigation_return_node/navigation_return_node.egg-info/SOURCES.txt'
[12.908s] running build
[12.908s] running build_py
[12.909s] copying navigation_return_node/return_navigator.py -> /home/unitree/106a_final/build/navigation_return_node/build/lib/navigation_return_node
[12.910s] running install
[12.913s] running install_lib
[12.915s] copying /home/unitree/106a_final/build/navigation_return_node/build/lib/navigation_return_node/return_navigator.py -> /home/unitree/106a_final/install/navigation_return_node/lib/python3.8/site-packages/navigation_return_node
[12.917s] byte-compiling /home/unitree/106a_final/install/navigation_return_node/lib/python3.8/site-packages/navigation_return_node/return_navigator.py to return_navigator.cpython-38.pyc
[12.922s] running install_data
[12.934s] running install_egg_info
[12.943s] removing '/home/unitree/106a_final/install/navigation_return_node/lib/python3.8/site-packages/navigation_return_node-0.0.0-py3.8.egg-info' (and everything under it)
[12.948s] Copying ../../build/navigation_return_node/navigation_return_node.egg-info to /home/unitree/106a_final/install/navigation_return_node/lib/python3.8/site-packages/navigation_return_node-0.0.0-py3.8.egg-info
[12.951s] running install_scripts
[13.139s] Installing return_navigator script to /home/unitree/106a_final/install/navigation_return_node/lib/navigation_return_node
[13.140s] writing list of installed files to '/home/unitree/106a_final/build/navigation_return_node/install.log'
[14.852s] Invoked command in '/home/unitree/106a_final/src/navigation_return_node' returned '0': PYTHONPATH=/home/unitree/106a_final/build/navigation_return_node/prefix_override:/home/unitree/106a_final/install/navigation_return_node/lib/python3.8/site-packages:${PYTHONPATH} /usr/bin/python3 setup.py egg_info --egg-base ../../build/navigation_return_node build --build-base /home/unitree/106a_final/build/navigation_return_node/build install --record /home/unitree/106a_final/build/navigation_return_node/install.log --install-scripts $base/lib/navigation_return_node --single-version-externally-managed
