[6.310s] Invoking command in '/home/unitree/106a_final/src/arm_control': PYTHONPATH=/home/unitree/106a_final/build/arm_control/prefix_override:/home/unitree/106a_final/install/arm_control/lib/python3.8/site-packages:${PYTHONPATH} /usr/bin/python3 setup.py egg_info --egg-base ../../build/arm_control build --build-base /home/unitree/106a_final/build/arm_control/build install --record /home/unitree/106a_final/build/arm_control/install.log --install-scripts $base/lib/arm_control --single-version-externally-managed
[7.338s] running egg_info
[7.338s] writing ../../build/arm_control/arm_control.egg-info/PKG-INFO
[7.338s] writing dependency_links to ../../build/arm_control/arm_control.egg-info/dependency_links.txt
[7.339s] writing entry points to ../../build/arm_control/arm_control.egg-info/entry_points.txt
[7.339s] writing requirements to ../../build/arm_control/arm_control.egg-info/requires.txt
[7.339s] writing top-level names to ../../build/arm_control/arm_control.egg-info/top_level.txt
[7.408s] reading manifest file '../../build/arm_control/arm_control.egg-info/SOURCES.txt'
[7.408s] writing manifest file '../../build/arm_control/arm_control.egg-info/SOURCES.txt'
[7.409s] running build
[7.409s] running build_py
[7.409s] running install
[7.416s] running install_lib
[7.416s] running install_data
[7.417s] running install_egg_info
[7.438s] removing '/home/unitree/106a_final/install/arm_control/lib/python3.8/site-packages/arm_control-0.0.0-py3.8.egg-info' (and everything under it)
[7.438s] Copying ../../build/arm_control/arm_control.egg-info to /home/unitree/106a_final/install/arm_control/lib/python3.8/site-packages/arm_control-0.0.0-py3.8.egg-info
[7.439s] running install_scripts
[7.478s] Installing arm_node script to /home/unitree/106a_final/install/arm_control/lib/arm_control
[7.478s] Installing servo_driver script to /home/unitree/106a_final/install/arm_control/lib/arm_control
[7.479s] writing list of installed files to '/home/unitree/106a_final/build/arm_control/install.log'
[9.225s] Invoked command in '/home/unitree/106a_final/src/arm_control' returned '0': PYTHONPATH=/home/unitree/106a_final/build/arm_control/prefix_override:/home/unitree/106a_final/install/arm_control/lib/python3.8/site-packages:${PYTHONPATH} /usr/bin/python3 setup.py egg_info --egg-base ../../build/arm_control build --build-base /home/unitree/106a_final/build/arm_control/build install --record /home/unitree/106a_final/build/arm_control/install.log --install-scripts $base/lib/arm_control --single-version-externally-managed
