[3.897s] Invoking command in '/home/unitree/106a_final/src/navigation_return_node': PYTHONPATH=/home/unitree/106a_final/build/navigation_return_node/prefix_override:/home/unitree/106a_final/install/navigation_return_node/lib/python3.8/site-packages:${PYTHONPATH} /usr/bin/python3 setup.py egg_info --egg-base ../../build/navigation_return_node build --build-base /home/unitree/106a_final/build/navigation_return_node/build install --record /home/unitree/106a_final/build/navigation_return_node/install.log --install-scripts $base/lib/navigation_return_node --single-version-externally-managed
[4.371s] running egg_info
[4.372s] writing ../../build/navigation_return_node/navigation_return_node.egg-info/PKG-INFO
[4.373s] writing dependency_links to ../../build/navigation_return_node/navigation_return_node.egg-info/dependency_links.txt
[4.373s] writing entry points to ../../build/navigation_return_node/navigation_return_node.egg-info/entry_points.txt
[4.373s] writing requirements to ../../build/navigation_return_node/navigation_return_node.egg-info/requires.txt
[4.373s] writing top-level names to ../../build/navigation_return_node/navigation_return_node.egg-info/top_level.txt
[4.435s] reading manifest file '../../build/navigation_return_node/navigation_return_node.egg-info/SOURCES.txt'
[4.437s] writing manifest file '../../build/navigation_return_node/navigation_return_node.egg-info/SOURCES.txt'
[4.437s] running build
[4.438s] running build_py
[4.438s] running install
[4.439s] running install_lib
[4.443s] running install_data
[4.444s] running install_egg_info
[4.448s] removing '/home/unitree/106a_final/install/navigation_return_node/lib/python3.8/site-packages/navigation_return_node-0.0.0-py3.8.egg-info' (and everything under it)
[4.448s] Copying ../../build/navigation_return_node/navigation_return_node.egg-info to /home/unitree/106a_final/install/navigation_return_node/lib/python3.8/site-packages/navigation_return_node-0.0.0-py3.8.egg-info
[4.450s] running install_scripts
[4.488s] Installing return_navigator script to /home/unitree/106a_final/install/navigation_return_node/lib/navigation_return_node
[4.488s] writing list of installed files to '/home/unitree/106a_final/build/navigation_return_node/install.log'
[4.634s] Invoked command in '/home/unitree/106a_final/src/navigation_return_node' returned '0': PYTHONPATH=/home/unitree/106a_final/build/navigation_return_node/prefix_override:/home/unitree/106a_final/install/navigation_return_node/lib/python3.8/site-packages:${PYTHONPATH} /usr/bin/python3 setup.py egg_info --egg-base ../../build/navigation_return_node build --build-base /home/unitree/106a_final/build/navigation_return_node/build install --record /home/unitree/106a_final/build/navigation_return_node/install.log --install-scripts $base/lib/navigation_return_node --single-version-externally-managed
