[15.771s] Invoking command in '/home/unitree/106a_final/src/vision_node': PYTHONPATH=/home/unitree/106a_final/build/vision_node/prefix_override:/home/unitree/106a_final/install/vision_node/lib/python3.8/site-packages:${PYTHONPATH} /usr/bin/python3 setup.py egg_info --egg-base ../../build/vision_node build --build-base /home/unitree/106a_final/build/vision_node/build install --record /home/unitree/106a_final/build/vision_node/install.log --install-scripts $base/lib/vision_node --single-version-externally-managed
[16.738s] running egg_info
[16.740s] writing ../../build/vision_node/vision_node.egg-info/PKG-INFO
[16.741s] writing dependency_links to ../../build/vision_node/vision_node.egg-info/dependency_links.txt
[16.742s] writing entry points to ../../build/vision_node/vision_node.egg-info/entry_points.txt
[16.742s] writing requirements to ../../build/vision_node/vision_node.egg-info/requires.txt
[16.742s] writing top-level names to ../../build/vision_node/vision_node.egg-info/top_level.txt
[16.864s] reading manifest file '../../build/vision_node/vision_node.egg-info/SOURCES.txt'
[16.867s] writing manifest file '../../build/vision_node/vision_node.egg-info/SOURCES.txt'
[16.867s] running build
[16.867s] running build_py
[16.869s] running install
[16.874s] running install_lib
[16.879s] running install_data
[16.880s] running install_egg_info
[16.889s] removing '/home/unitree/106a_final/install/vision_node/lib/python3.8/site-packages/vision_node-0.0.0-py3.8.egg-info' (and everything under it)
[16.891s] Copying ../../build/vision_node/vision_node.egg-info to /home/unitree/106a_final/install/vision_node/lib/python3.8/site-packages/vision_node-0.0.0-py3.8.egg-info
[16.898s] running install_scripts
[16.945s] Installing arm_aruco script to /home/unitree/106a_final/install/vision_node/lib/vision_node
[16.946s] Installing pingpong_node script to /home/unitree/106a_final/install/vision_node/lib/vision_node
[16.946s] writing list of installed files to '/home/unitree/106a_final/build/vision_node/install.log'
[20.083s] Invoked command in '/home/unitree/106a_final/src/vision_node' returned '0': PYTHONPATH=/home/unitree/106a_final/build/vision_node/prefix_override:/home/unitree/106a_final/install/vision_node/lib/python3.8/site-packages:${PYTHONPATH} /usr/bin/python3 setup.py egg_info --egg-base ../../build/vision_node build --build-base /home/unitree/106a_final/build/vision_node/build install --record /home/unitree/106a_final/build/vision_node/install.log --install-scripts $base/lib/vision_node --single-version-externally-managed
