[1.478s] Invoking command in '/home/unitree/106a_final/src/arm_control': PYTHONPATH=/home/unitree/106a_final/build/arm_control/prefix_override:/home/unitree/106a_final/install/arm_control/lib/python3.8/site-packages: /usr/bin/python3 setup.py egg_info --egg-base ../../build/arm_control build --build-base /home/unitree/106a_final/build/arm_control/build install --record /home/unitree/106a_final/build/arm_control/install.log --install-scripts $base/lib/arm_control --single-version-externally-managed
[1.840s] running egg_info
[1.840s] writing ../../build/arm_control/arm_control.egg-info/PKG-INFO
[1.841s] writing dependency_links to ../../build/arm_control/arm_control.egg-info/dependency_links.txt
[1.841s] writing entry points to ../../build/arm_control/arm_control.egg-info/entry_points.txt
[1.841s] writing requirements to ../../build/arm_control/arm_control.egg-info/requires.txt
[1.842s] writing top-level names to ../../build/arm_control/arm_control.egg-info/top_level.txt
[1.898s] reading manifest file '../../build/arm_control/arm_control.egg-info/SOURCES.txt'
[1.900s] writing manifest file '../../build/arm_control/arm_control.egg-info/SOURCES.txt'
[1.900s] running build
[1.900s] running build_py
[1.901s] running install
[1.902s] running install_lib
[1.904s] running install_data
[1.905s] running install_egg_info
[1.908s] removing '/home/unitree/106a_final/install/arm_control/lib/python3.8/site-packages/arm_control-0.0.0-py3.8.egg-info' (and everything under it)
[1.909s] Copying ../../build/arm_control/arm_control.egg-info to /home/unitree/106a_final/install/arm_control/lib/python3.8/site-packages/arm_control-0.0.0-py3.8.egg-info
[1.911s] running install_scripts
[1.941s] Installing arm_node script to /home/unitree/106a_final/install/arm_control/lib/arm_control
[1.941s] Installing servo_driver script to /home/unitree/106a_final/install/arm_control/lib/arm_control
[1.942s] writing list of installed files to '/home/unitree/106a_final/build/arm_control/install.log'
[1.995s] Invoked command in '/home/unitree/106a_final/src/arm_control' returned '0': PYTHONPATH=/home/unitree/106a_final/build/arm_control/prefix_override:/home/unitree/106a_final/install/arm_control/lib/python3.8/site-packages: /usr/bin/python3 setup.py egg_info --egg-base ../../build/arm_control build --build-base /home/unitree/106a_final/build/arm_control/build install --record /home/unitree/106a_final/build/arm_control/install.log --install-scripts $base/lib/arm_control --single-version-externally-managed
