[9.532s] Invoking command in '/home/unitree/106a_final/src/aruco_node': PYTHONPATH=/home/unitree/106a_final/build/aruco_node/prefix_override:/home/unitree/106a_final/install/aruco_node/lib/python3.8/site-packages:${PYTHONPATH} /usr/bin/python3 setup.py egg_info --egg-base ../../build/aruco_node build --build-base /home/unitree/106a_final/build/aruco_node/build install --record /home/unitree/106a_final/build/aruco_node/install.log --single-version-externally-managed
[10.793s] running egg_info
[10.795s] writing ../../build/aruco_node/aruco_node.egg-info/PKG-INFO
[10.795s] writing dependency_links to ../../build/aruco_node/aruco_node.egg-info/dependency_links.txt
[10.796s] writing entry points to ../../build/aruco_node/aruco_node.egg-info/entry_points.txt
[10.796s] writing requirements to ../../build/aruco_node/aruco_node.egg-info/requires.txt
[10.796s] writing top-level names to ../../build/aruco_node/aruco_node.egg-info/top_level.txt
[10.993s] reading manifest file '../../build/aruco_node/aruco_node.egg-info/SOURCES.txt'
[10.994s] writing manifest file '../../build/aruco_node/aruco_node.egg-info/SOURCES.txt'
[10.994s] running build
[10.994s] running build_py
[10.994s] running install
[10.994s] running install_lib
[10.994s] running install_data
[10.994s] running install_egg_info
[10.998s] removing '/home/unitree/106a_final/install/aruco_node/lib/python3.8/site-packages/aruco_node-0.0.0-py3.8.egg-info' (and everything under it)
[10.998s] Copying ../../build/aruco_node/aruco_node.egg-info to /home/unitree/106a_final/install/aruco_node/lib/python3.8/site-packages/aruco_node-0.0.0-py3.8.egg-info
[11.000s] running install_scripts
[11.053s] Installing aruco script to /home/unitree/106a_final/install/aruco_node/lib/aruco_node
[11.056s] writing list of installed files to '/home/unitree/106a_final/build/aruco_node/install.log'
[14.544s] Invoked command in '/home/unitree/106a_final/src/aruco_node' returned '0': PYTHONPATH=/home/unitree/106a_final/build/aruco_node/prefix_override:/home/unitree/106a_final/install/aruco_node/lib/python3.8/site-packages:${PYTHONPATH} /usr/bin/python3 setup.py egg_info --egg-base ../../build/aruco_node build --build-base /home/unitree/106a_final/build/aruco_node/build install --record /home/unitree/106a_final/build/aruco_node/install.log --single-version-externally-managed
