[14.854s] Invoking command in '/home/unitree/106a_final/src/navigation_node_three': PYTHONPATH=/home/unitree/106a_final/build/navigation_node_three/prefix_override:/home/unitree/106a_final/install/navigation_node_three/lib/python3.8/site-packages:${PYTHONPATH} /usr/bin/python3 setup.py egg_info --egg-base ../../build/navigation_node_three build --build-base /home/unitree/106a_final/build/navigation_node_three/build install --record /home/unitree/106a_final/build/navigation_node_three/install.log --install-scripts $base/lib/navigation_node_three --single-version-externally-managed
[16.645s] running egg_info
[16.675s] writing ../../build/navigation_node_three/navigation_node_three.egg-info/PKG-INFO
[16.684s] writing dependency_links to ../../build/navigation_node_three/navigation_node_three.egg-info/dependency_links.txt
[16.685s] writing entry points to ../../build/navigation_node_three/navigation_node_three.egg-info/entry_points.txt
[16.692s] writing requirements to ../../build/navigation_node_three/navigation_node_three.egg-info/requires.txt
[16.700s] writing top-level names to ../../build/navigation_node_three/navigation_node_three.egg-info/top_level.txt
[16.857s] reading manifest file '../../build/navigation_node_three/navigation_node_three.egg-info/SOURCES.txt'
[16.860s] writing manifest file '../../build/navigation_node_three/navigation_node_three.egg-info/SOURCES.txt'
[16.861s] running build
[16.861s] running build_py
[16.862s] running install
[16.864s] running install_lib
[16.874s] running install_data
[16.877s] running install_egg_info
[16.884s] removing '/home/unitree/106a_final/install/navigation_node_three/lib/python3.8/site-packages/navigation_node_three-0.0.0-py3.8.egg-info' (and everything under it)
[16.885s] Copying ../../build/navigation_node_three/navigation_node_three.egg-info to /home/unitree/106a_final/install/navigation_node_three/lib/python3.8/site-packages/navigation_node_three-0.0.0-py3.8.egg-info
[16.891s] running install_scripts
[17.039s] Installing navigator script to /home/unitree/106a_final/install/navigation_node_three/lib/navigation_node_three
[17.043s] writing list of installed files to '/home/unitree/106a_final/build/navigation_node_three/install.log'
[17.447s] Invoked command in '/home/unitree/106a_final/src/navigation_node_three' returned '0': PYTHONPATH=/home/unitree/106a_final/build/navigation_node_three/prefix_override:/home/unitree/106a_final/install/navigation_node_three/lib/python3.8/site-packages:${PYTHONPATH} /usr/bin/python3 setup.py egg_info --egg-base ../../build/navigation_node_three build --build-base /home/unitree/106a_final/build/navigation_node_three/build install --record /home/unitree/106a_final/build/navigation_node_three/install.log --install-scripts $base/lib/navigation_node_three --single-version-externally-managed
