[15.975s] Invoking command in '/home/unitree/106a_final/src/navigation_node_three': PYTHONPATH=/home/unitree/106a_final/build/navigation_node_three/prefix_override:/home/unitree/106a_final/install/navigation_node_three/lib/python3.8/site-packages:${PYTHONPATH} /usr/bin/python3 setup.py egg_info --egg-base ../../build/navigation_node_three build --build-base /home/unitree/106a_final/build/navigation_node_three/build install --record /home/unitree/106a_final/build/navigation_node_three/install.log --install-scripts $base/lib/navigation_node_three --single-version-externally-managed
[16.611s] running egg_info
[16.615s] writing ../../build/navigation_node_three/navigation_node_three.egg-info/PKG-INFO
[16.616s] writing dependency_links to ../../build/navigation_node_three/navigation_node_three.egg-info/dependency_links.txt
[16.617s] writing entry points to ../../build/navigation_node_three/navigation_node_three.egg-info/entry_points.txt
[16.618s] writing requirements to ../../build/navigation_node_three/navigation_node_three.egg-info/requires.txt
[16.619s] writing top-level names to ../../build/navigation_node_three/navigation_node_three.egg-info/top_level.txt
[16.692s] reading manifest file '../../build/navigation_node_three/navigation_node_three.egg-info/SOURCES.txt'
[16.693s] writing manifest file '../../build/navigation_node_three/navigation_node_three.egg-info/SOURCES.txt'
[16.694s] running build
[16.694s] running build_py
[16.695s] running install
[16.697s] running install_lib
[16.701s] running install_data
[16.703s] running install_egg_info
[16.709s] removing '/home/unitree/106a_final/install/navigation_node_three/lib/python3.8/site-packages/navigation_node_three-0.0.0-py3.8.egg-info' (and everything under it)
[16.710s] Copying ../../build/navigation_node_three/navigation_node_three.egg-info to /home/unitree/106a_final/install/navigation_node_three/lib/python3.8/site-packages/navigation_node_three-0.0.0-py3.8.egg-info
[16.712s] running install_scripts
[16.767s] Installing navigator script to /home/unitree/106a_final/install/navigation_node_three/lib/navigation_node_three
[16.769s] writing list of installed files to '/home/unitree/106a_final/build/navigation_node_three/install.log'
[16.949s] Invoked command in '/home/unitree/106a_final/src/navigation_node_three' returned '0': PYTHONPATH=/home/unitree/106a_final/build/navigation_node_three/prefix_override:/home/unitree/106a_final/install/navigation_node_three/lib/python3.8/site-packages:${PYTHONPATH} /usr/bin/python3 setup.py egg_info --egg-base ../../build/navigation_node_three build --build-base /home/unitree/106a_final/build/navigation_node_three/build install --record /home/unitree/106a_final/build/navigation_node_three/install.log --install-scripts $base/lib/navigation_node_three --single-version-externally-managed
