[3.608s] Invoking command in '/home/unitree/106a_final/src/aruco_node': PYTHONPATH=/home/unitree/106a_final/build/aruco_node/prefix_override:/home/unitree/106a_final/install/aruco_node/lib/python3.8/site-packages:${PYTHONPATH} /usr/bin/python3 setup.py egg_info --egg-base ../../build/aruco_node build --build-base /home/unitree/106a_final/build/aruco_node/build install --record /home/unitree/106a_final/build/aruco_node/install.log --single-version-externally-managed
[4.055s] running egg_info
[4.056s] writing ../../build/aruco_node/aruco_node.egg-info/PKG-INFO
[4.057s] writing dependency_links to ../../build/aruco_node/aruco_node.egg-info/dependency_links.txt
[4.057s] writing entry points to ../../build/aruco_node/aruco_node.egg-info/entry_points.txt
[4.058s] writing requirements to ../../build/aruco_node/aruco_node.egg-info/requires.txt
[4.058s] writing top-level names to ../../build/aruco_node/aruco_node.egg-info/top_level.txt
[4.124s] reading manifest file '../../build/aruco_node/aruco_node.egg-info/SOURCES.txt'
[4.126s] writing manifest file '../../build/aruco_node/aruco_node.egg-info/SOURCES.txt'
[4.127s] running build
[4.127s] running build_py
[4.128s] running install
[4.129s] running install_lib
[4.132s] running install_data
[4.133s] running install_egg_info
[4.136s] removing '/home/unitree/106a_final/install/aruco_node/lib/python3.8/site-packages/aruco_node-0.0.0-py3.8.egg-info' (and everything under it)
[4.137s] Copying ../../build/aruco_node/aruco_node.egg-info to /home/unitree/106a_final/install/aruco_node/lib/python3.8/site-packages/aruco_node-0.0.0-py3.8.egg-info
[4.140s] running install_scripts
[4.176s] Installing aruco script to /home/unitree/106a_final/install/aruco_node/lib/aruco_node
[4.178s] writing list of installed files to '/home/unitree/106a_final/build/aruco_node/install.log'
[5.035s] Invoked command in '/home/unitree/106a_final/src/aruco_node' returned '0': PYTHONPATH=/home/unitree/106a_final/build/aruco_node/prefix_override:/home/unitree/106a_final/install/aruco_node/lib/python3.8/site-packages:${PYTHONPATH} /usr/bin/python3 setup.py egg_info --egg-base ../../build/aruco_node build --build-base /home/unitree/106a_final/build/aruco_node/build install --record /home/unitree/106a_final/build/aruco_node/install.log --single-version-externally-managed
