[21.922s] Invoking command in '/home/unitree/106a_final/src/navigation_node_three': PYTHONPATH=/home/unitree/106a_final/build/navigation_node_three/prefix_override:/home/unitree/106a_final/install/navigation_node_three/lib/python3.8/site-packages:${PYTHONPATH} /usr/bin/python3 setup.py egg_info --egg-base ../../build/navigation_node_three build --build-base /home/unitree/106a_final/build/navigation_node_three/build install --record /home/unitree/106a_final/build/navigation_node_three/install.log --install-scripts $base/lib/navigation_node_three --single-version-externally-managed
[23.508s] running egg_info
[23.518s] writing ../../build/navigation_node_three/navigation_node_three.egg-info/PKG-INFO
[23.526s] writing dependency_links to ../../build/navigation_node_three/navigation_node_three.egg-info/dependency_links.txt
[23.527s] writing entry points to ../../build/navigation_node_three/navigation_node_three.egg-info/entry_points.txt
[23.528s] writing requirements to ../../build/navigation_node_three/navigation_node_three.egg-info/requires.txt
[23.530s] writing top-level names to ../../build/navigation_node_three/navigation_node_three.egg-info/top_level.txt
[23.707s] reading manifest file '../../build/navigation_node_three/navigation_node_three.egg-info/SOURCES.txt'
[23.709s] writing manifest file '../../build/navigation_node_three/navigation_node_three.egg-info/SOURCES.txt'
[23.710s] running build
[23.710s] running build_py
[23.710s] running install
[23.718s] running install_lib
[23.718s] running install_data
[23.722s] running install_egg_info
[23.724s] removing '/home/unitree/106a_final/install/navigation_node_three/lib/python3.8/site-packages/navigation_node_three-0.0.0-py3.8.egg-info' (and everything under it)
[23.725s] Copying ../../build/navigation_node_three/navigation_node_three.egg-info to /home/unitree/106a_final/install/navigation_node_three/lib/python3.8/site-packages/navigation_node_three-0.0.0-py3.8.egg-info
[23.727s] running install_scripts
[23.791s] Installing navigator script to /home/unitree/106a_final/install/navigation_node_three/lib/navigation_node_three
[23.792s] writing list of installed files to '/home/unitree/106a_final/build/navigation_node_three/install.log'
[23.902s] Invoked command in '/home/unitree/106a_final/src/navigation_node_three' returned '0': PYTHONPATH=/home/unitree/106a_final/build/navigation_node_three/prefix_override:/home/unitree/106a_final/install/navigation_node_three/lib/python3.8/site-packages:${PYTHONPATH} /usr/bin/python3 setup.py egg_info --egg-base ../../build/navigation_node_three build --build-base /home/unitree/106a_final/build/navigation_node_three/build install --record /home/unitree/106a_final/build/navigation_node_three/install.log --install-scripts $base/lib/navigation_node_three --single-version-externally-managed
