[13.257s] Invoking command in '/home/unitree/106a_final/src/aruco_node': PYTHONPATH=/home/unitree/106a_final/build/aruco_node/prefix_override:/home/unitree/106a_final/install/aruco_node/lib/python3.8/site-packages:${PYTHONPATH} /usr/bin/python3 setup.py egg_info --egg-base ../../build/aruco_node build --build-base /home/unitree/106a_final/build/aruco_node/build install --record /home/unitree/106a_final/build/aruco_node/install.log --single-version-externally-managed
[14.020s] running egg_info
[14.022s] writing ../../build/aruco_node/aruco_node.egg-info/PKG-INFO
[14.031s] writing dependency_links to ../../build/aruco_node/aruco_node.egg-info/dependency_links.txt
[14.032s] writing entry points to ../../build/aruco_node/aruco_node.egg-info/entry_points.txt
[14.032s] writing requirements to ../../build/aruco_node/aruco_node.egg-info/requires.txt
[14.033s] writing top-level names to ../../build/aruco_node/aruco_node.egg-info/top_level.txt
[14.274s] reading manifest file '../../build/aruco_node/aruco_node.egg-info/SOURCES.txt'
[14.277s] writing manifest file '../../build/aruco_node/aruco_node.egg-info/SOURCES.txt'
[14.277s] running build
[14.277s] running build_py
[14.293s] running install
[14.326s] running install_lib
[14.392s] running install_data
[14.413s] running install_egg_info
[14.471s] removing '/home/unitree/106a_final/install/aruco_node/lib/python3.8/site-packages/aruco_node-0.0.0-py3.8.egg-info' (and everything under it)
[14.475s] Copying ../../build/aruco_node/aruco_node.egg-info to /home/unitree/106a_final/install/aruco_node/lib/python3.8/site-packages/aruco_node-0.0.0-py3.8.egg-info
[14.495s] running install_scripts
[14.643s] Installing aruco script to /home/unitree/106a_final/install/aruco_node/lib/aruco_node
[14.647s] writing list of installed files to '/home/unitree/106a_final/build/aruco_node/install.log'
[17.928s] Invoked command in '/home/unitree/106a_final/src/aruco_node' returned '0': PYTHONPATH=/home/unitree/106a_final/build/aruco_node/prefix_override:/home/unitree/106a_final/install/aruco_node/lib/python3.8/site-packages:${PYTHONPATH} /usr/bin/python3 setup.py egg_info --egg-base ../../build/aruco_node build --build-base /home/unitree/106a_final/build/aruco_node/build install --record /home/unitree/106a_final/build/aruco_node/install.log --single-version-externally-managed
