[6.040s] Invoking command in '/home/unitree/106a_final/src/aruco_node': PYTHONPATH=/home/unitree/106a_final/build/aruco_node/prefix_override:/home/unitree/106a_final/install/aruco_node/lib/python3.8/site-packages:${PYTHONPATH} /usr/bin/python3 setup.py egg_info --egg-base ../../build/aruco_node build --build-base /home/unitree/106a_final/build/aruco_node/build install --record /home/unitree/106a_final/build/aruco_node/install.log --single-version-externally-managed
[6.862s] running egg_info
[6.864s] writing ../../build/aruco_node/aruco_node.egg-info/PKG-INFO
[6.864s] writing dependency_links to ../../build/aruco_node/aruco_node.egg-info/dependency_links.txt
[6.865s] writing entry points to ../../build/aruco_node/aruco_node.egg-info/entry_points.txt
[6.865s] writing requirements to ../../build/aruco_node/aruco_node.egg-info/requires.txt
[6.865s] writing top-level names to ../../build/aruco_node/aruco_node.egg-info/top_level.txt
[6.931s] reading manifest file '../../build/aruco_node/aruco_node.egg-info/SOURCES.txt'
[6.933s] writing manifest file '../../build/aruco_node/aruco_node.egg-info/SOURCES.txt'
[6.933s] running build
[6.933s] running build_py
[6.933s] running install
[6.936s] running install_lib
[6.940s] running install_data
[6.942s] running install_egg_info
[6.947s] removing '/home/unitree/106a_final/install/aruco_node/lib/python3.8/site-packages/aruco_node-0.0.0-py3.8.egg-info' (and everything under it)
[6.947s] Copying ../../build/aruco_node/aruco_node.egg-info to /home/unitree/106a_final/install/aruco_node/lib/python3.8/site-packages/aruco_node-0.0.0-py3.8.egg-info
[6.949s] running install_scripts
[6.995s] Installing aruco script to /home/unitree/106a_final/install/aruco_node/lib/aruco_node
[6.995s] writing list of installed files to '/home/unitree/106a_final/build/aruco_node/install.log'
[9.401s] Invoked command in '/home/unitree/106a_final/src/aruco_node' returned '0': PYTHONPATH=/home/unitree/106a_final/build/aruco_node/prefix_override:/home/unitree/106a_final/install/aruco_node/lib/python3.8/site-packages:${PYTHONPATH} /usr/bin/python3 setup.py egg_info --egg-base ../../build/aruco_node build --build-base /home/unitree/106a_final/build/aruco_node/build install --record /home/unitree/106a_final/build/aruco_node/install.log --single-version-externally-managed
