[7.168s] Invoking command in '/home/unitree/106a_final/src/vision_node': PYTHONPATH=/home/unitree/106a_final/build/vision_node/prefix_override:/home/unitree/106a_final/install/vision_node/lib/python3.8/site-packages:${PYTHONPATH} /usr/bin/python3 setup.py egg_info --egg-base ../../build/vision_node build --build-base /home/unitree/106a_final/build/vision_node/build install --record /home/unitree/106a_final/build/vision_node/install.log --install-scripts $base/lib/vision_node --single-version-externally-managed
[7.867s] running egg_info
[7.868s] writing ../../build/vision_node/vision_node.egg-info/PKG-INFO
[7.869s] writing dependency_links to ../../build/vision_node/vision_node.egg-info/dependency_links.txt
[7.869s] writing entry points to ../../build/vision_node/vision_node.egg-info/entry_points.txt
[7.870s] writing requirements to ../../build/vision_node/vision_node.egg-info/requires.txt
[7.870s] writing top-level names to ../../build/vision_node/vision_node.egg-info/top_level.txt
[8.000s] reading manifest file '../../build/vision_node/vision_node.egg-info/SOURCES.txt'
[8.001s] writing manifest file '../../build/vision_node/vision_node.egg-info/SOURCES.txt'
[8.002s] running build
[8.002s] running build_py
[8.015s] running install
[8.017s] running install_lib
[8.021s] running install_data
[8.023s] running install_egg_info
[8.040s] removing '/home/unitree/106a_final/install/vision_node/lib/python3.8/site-packages/vision_node-0.0.0-py3.8.egg-info' (and everything under it)
[8.040s] Copying ../../build/vision_node/vision_node.egg-info to /home/unitree/106a_final/install/vision_node/lib/python3.8/site-packages/vision_node-0.0.0-py3.8.egg-info
[8.042s] running install_scripts
[8.138s] Installing arm_aruco script to /home/unitree/106a_final/install/vision_node/lib/vision_node
[8.139s] Installing pingpong_node script to /home/unitree/106a_final/install/vision_node/lib/vision_node
[8.140s] writing list of installed files to '/home/unitree/106a_final/build/vision_node/install.log'
[8.994s] Invoked command in '/home/unitree/106a_final/src/vision_node' returned '0': PYTHONPATH=/home/unitree/106a_final/build/vision_node/prefix_override:/home/unitree/106a_final/install/vision_node/lib/python3.8/site-packages:${PYTHONPATH} /usr/bin/python3 setup.py egg_info --egg-base ../../build/vision_node build --build-base /home/unitree/106a_final/build/vision_node/build install --record /home/unitree/106a_final/build/vision_node/install.log --install-scripts $base/lib/vision_node --single-version-externally-managed
