[6.856s] Invoking command in '/home/unitree/106a_final/src/vision_node': PYTHONPATH=/home/unitree/106a_final/build/vision_node/prefix_override:/home/unitree/106a_final/install/vision_node/lib/python3.8/site-packages:${PYTHONPATH} /usr/bin/python3 setup.py egg_info --egg-base ../../build/vision_node build --build-base /home/unitree/106a_final/build/vision_node/build install --record /home/unitree/106a_final/build/vision_node/install.log --install-scripts $base/lib/vision_node --single-version-externally-managed
[7.679s] running egg_info
[7.681s] writing ../../build/vision_node/vision_node.egg-info/PKG-INFO
[7.682s] writing dependency_links to ../../build/vision_node/vision_node.egg-info/dependency_links.txt
[7.683s] writing entry points to ../../build/vision_node/vision_node.egg-info/entry_points.txt
[7.684s] writing requirements to ../../build/vision_node/vision_node.egg-info/requires.txt
[7.684s] writing top-level names to ../../build/vision_node/vision_node.egg-info/top_level.txt
[7.780s] reading manifest file '../../build/vision_node/vision_node.egg-info/SOURCES.txt'
[7.782s] writing manifest file '../../build/vision_node/vision_node.egg-info/SOURCES.txt'
[7.782s] running build
[7.782s] running build_py
[7.783s] running install
[7.785s] running install_lib
[7.812s] byte-compiling /home/unitree/106a_final/install/vision_node/lib/python3.8/site-packages/vision_node/__init__.py to __init__.cpython-38.pyc
[7.812s] byte-compiling /home/unitree/106a_final/install/vision_node/lib/python3.8/site-packages/vision_node/pingpong.py to pingpong.cpython-38.pyc
[7.815s] running install_data
[7.823s] running install_egg_info
[7.827s] removing '/home/unitree/106a_final/install/vision_node/lib/python3.8/site-packages/vision_node-0.0.0-py3.8.egg-info' (and everything under it)
[7.828s] Copying ../../build/vision_node/vision_node.egg-info to /home/unitree/106a_final/install/vision_node/lib/python3.8/site-packages/vision_node-0.0.0-py3.8.egg-info
[7.830s] running install_scripts
[7.926s] Installing arm_aruco script to /home/unitree/106a_final/install/vision_node/lib/vision_node
[7.927s] Installing pingpong_node script to /home/unitree/106a_final/install/vision_node/lib/vision_node
[7.928s] writing list of installed files to '/home/unitree/106a_final/build/vision_node/install.log'
[8.258s] Invoked command in '/home/unitree/106a_final/src/vision_node' returned '0': PYTHONPATH=/home/unitree/106a_final/build/vision_node/prefix_override:/home/unitree/106a_final/install/vision_node/lib/python3.8/site-packages:${PYTHONPATH} /usr/bin/python3 setup.py egg_info --egg-base ../../build/vision_node build --build-base /home/unitree/106a_final/build/vision_node/build install --record /home/unitree/106a_final/build/vision_node/install.log --install-scripts $base/lib/vision_node --single-version-externally-managed
