[13.721s] Invoking command in '/home/unitree/106a_final/src/navigation_node': PYTHONPATH=/home/unitree/106a_final/build/navigation_node/prefix_override:/home/unitree/106a_final/install/navigation_node/lib/python3.8/site-packages:${PYTHONPATH} /usr/bin/python3 setup.py egg_info --egg-base ../../build/navigation_node build --build-base /home/unitree/106a_final/build/navigation_node/build install --record /home/unitree/106a_final/build/navigation_node/install.log --install-scripts $base/lib/navigation_node --single-version-externally-managed
[15.305s] running egg_info
[15.307s] writing ../../build/navigation_node/navigation_node.egg-info/PKG-INFO
[15.307s] writing dependency_links to ../../build/navigation_node/navigation_node.egg-info/dependency_links.txt
[15.308s] writing entry points to ../../build/navigation_node/navigation_node.egg-info/entry_points.txt
[15.308s] writing requirements to ../../build/navigation_node/navigation_node.egg-info/requires.txt
[15.308s] writing top-level names to ../../build/navigation_node/navigation_node.egg-info/top_level.txt
[15.384s] reading manifest file '../../build/navigation_node/navigation_node.egg-info/SOURCES.txt'
[15.386s] writing manifest file '../../build/navigation_node/navigation_node.egg-info/SOURCES.txt'
[15.387s] running build
[15.387s] running build_py
[15.387s] running install
[15.390s] running install_lib
[15.396s] running install_data
[15.397s] running install_egg_info
[15.401s] removing '/home/unitree/106a_final/install/navigation_node/lib/python3.8/site-packages/navigation_node-0.0.0-py3.8.egg-info' (and everything under it)
[15.402s] Copying ../../build/navigation_node/navigation_node.egg-info to /home/unitree/106a_final/install/navigation_node/lib/python3.8/site-packages/navigation_node-0.0.0-py3.8.egg-info
[15.404s] running install_scripts
[15.584s] Installing nav_node_go script to /home/unitree/106a_final/install/navigation_node/lib/navigation_node
[15.587s] writing list of installed files to '/home/unitree/106a_final/build/navigation_node/install.log'
[17.654s] Invoked command in '/home/unitree/106a_final/src/navigation_node' returned '0': PYTHONPATH=/home/unitree/106a_final/build/navigation_node/prefix_override:/home/unitree/106a_final/install/navigation_node/lib/python3.8/site-packages:${PYTHONPATH} /usr/bin/python3 setup.py egg_info --egg-base ../../build/navigation_node build --build-base /home/unitree/106a_final/build/navigation_node/build install --record /home/unitree/106a_final/build/navigation_node/install.log --install-scripts $base/lib/navigation_node --single-version-externally-managed
