[2.082s] Invoking command in '/home/unitree/106a_final/src/arm_control': PYTHONPATH=/home/unitree/106a_final/build/arm_control/prefix_override:/home/unitree/106a_final/install/arm_control/lib/python3.8/site-packages:${PYTHONPATH} /usr/bin/python3 setup.py egg_info --egg-base ../../build/arm_control build --build-base /home/unitree/106a_final/build/arm_control/build install --record /home/unitree/106a_final/build/arm_control/install.log --install-scripts $base/lib/arm_control --single-version-externally-managed
[2.511s] running egg_info
[2.512s] writing ../../build/arm_control/arm_control.egg-info/PKG-INFO
[2.513s] writing dependency_links to ../../build/arm_control/arm_control.egg-info/dependency_links.txt
[2.513s] writing entry points to ../../build/arm_control/arm_control.egg-info/entry_points.txt
[2.513s] writing requirements to ../../build/arm_control/arm_control.egg-info/requires.txt
[2.513s] writing top-level names to ../../build/arm_control/arm_control.egg-info/top_level.txt
[2.572s] reading manifest file '../../build/arm_control/arm_control.egg-info/SOURCES.txt'
[2.573s] writing manifest file '../../build/arm_control/arm_control.egg-info/SOURCES.txt'
[2.574s] running build
[2.574s] running build_py
[2.574s] running install
[2.576s] running install_lib
[2.578s] running install_data
[2.579s] running install_egg_info
[2.583s] removing '/home/unitree/106a_final/install/arm_control/lib/python3.8/site-packages/arm_control-0.0.0-py3.8.egg-info' (and everything under it)
[2.583s] Copying ../../build/arm_control/arm_control.egg-info to /home/unitree/106a_final/install/arm_control/lib/python3.8/site-packages/arm_control-0.0.0-py3.8.egg-info
[2.585s] running install_scripts
[2.619s] Installing arm_node script to /home/unitree/106a_final/install/arm_control/lib/arm_control
[2.620s] Installing servo_driver script to /home/unitree/106a_final/install/arm_control/lib/arm_control
[2.620s] writing list of installed files to '/home/unitree/106a_final/build/arm_control/install.log'
[2.681s] Invoked command in '/home/unitree/106a_final/src/arm_control' returned '0': PYTHONPATH=/home/unitree/106a_final/build/arm_control/prefix_override:/home/unitree/106a_final/install/arm_control/lib/python3.8/site-packages:${PYTHONPATH} /usr/bin/python3 setup.py egg_info --egg-base ../../build/arm_control build --build-base /home/unitree/106a_final/build/arm_control/build install --record /home/unitree/106a_final/build/arm_control/install.log --install-scripts $base/lib/arm_control --single-version-externally-managed
