[2.764s] Invoking command in '/home/unitree/106a_final/src/arm_control': PYTHONPATH=/home/unitree/106a_final/build/arm_control/prefix_override:/home/unitree/106a_final/install/arm_control/lib/python3.8/site-packages:${PYTHONPATH} /usr/bin/python3 setup.py egg_info --egg-base ../../build/arm_control build --build-base /home/unitree/106a_final/build/arm_control/build install --record /home/unitree/106a_final/build/arm_control/install.log --install-scripts $base/lib/arm_control --single-version-externally-managed
[3.325s] running egg_info
[3.327s] writing ../../build/arm_control/arm_control.egg-info/PKG-INFO
[3.327s] writing dependency_links to ../../build/arm_control/arm_control.egg-info/dependency_links.txt
[3.328s] writing entry points to ../../build/arm_control/arm_control.egg-info/entry_points.txt
[3.328s] writing requirements to ../../build/arm_control/arm_control.egg-info/requires.txt
[3.328s] writing top-level names to ../../build/arm_control/arm_control.egg-info/top_level.txt
[3.390s] reading manifest file '../../build/arm_control/arm_control.egg-info/SOURCES.txt'
[3.392s] writing manifest file '../../build/arm_control/arm_control.egg-info/SOURCES.txt'
[3.392s] running build
[3.392s] running build_py
[3.393s] copying arm_control/arm_node.py -> /home/unitree/106a_final/build/arm_control/build/lib/arm_control
[3.393s] running install
[3.396s] running install_lib
[3.398s] copying /home/unitree/106a_final/build/arm_control/build/lib/arm_control/arm_node.py -> /home/unitree/106a_final/install/arm_control/lib/python3.8/site-packages/arm_control
[3.400s] byte-compiling /home/unitree/106a_final/install/arm_control/lib/python3.8/site-packages/arm_control/arm_node.py to arm_node.cpython-38.pyc
[3.405s] running install_data
[3.406s] running install_egg_info
[3.411s] removing '/home/unitree/106a_final/install/arm_control/lib/python3.8/site-packages/arm_control-0.0.0-py3.8.egg-info' (and everything under it)
[3.411s] Copying ../../build/arm_control/arm_control.egg-info to /home/unitree/106a_final/install/arm_control/lib/python3.8/site-packages/arm_control-0.0.0-py3.8.egg-info
[3.413s] running install_scripts
[3.460s] Installing arm_node script to /home/unitree/106a_final/install/arm_control/lib/arm_control
[3.461s] Installing servo_driver script to /home/unitree/106a_final/install/arm_control/lib/arm_control
[3.461s] writing list of installed files to '/home/unitree/106a_final/build/arm_control/install.log'
[3.530s] Invoked command in '/home/unitree/106a_final/src/arm_control' returned '0': PYTHONPATH=/home/unitree/106a_final/build/arm_control/prefix_override:/home/unitree/106a_final/install/arm_control/lib/python3.8/site-packages:${PYTHONPATH} /usr/bin/python3 setup.py egg_info --egg-base ../../build/arm_control build --build-base /home/unitree/106a_final/build/arm_control/build install --record /home/unitree/106a_final/build/arm_control/install.log --install-scripts $base/lib/arm_control --single-version-externally-managed
