[8.620s] Invoking command in '/home/unitree/106a_final/src/aruco_node': PYTHONPATH=/home/unitree/106a_final/build/aruco_node/prefix_override:/home/unitree/106a_final/install/aruco_node/lib/python3.8/site-packages:${PYTHONPATH} /usr/bin/python3 setup.py egg_info --egg-base ../../build/aruco_node build --build-base /home/unitree/106a_final/build/aruco_node/build install --record /home/unitree/106a_final/build/aruco_node/install.log --single-version-externally-managed
[9.996s] running egg_info
[9.999s] writing ../../build/aruco_node/aruco_node.egg-info/PKG-INFO
[9.999s] writing dependency_links to ../../build/aruco_node/aruco_node.egg-info/dependency_links.txt
[10.000s] writing entry points to ../../build/aruco_node/aruco_node.egg-info/entry_points.txt
[10.000s] writing requirements to ../../build/aruco_node/aruco_node.egg-info/requires.txt
[10.000s] writing top-level names to ../../build/aruco_node/aruco_node.egg-info/top_level.txt
[10.234s] reading manifest file '../../build/aruco_node/aruco_node.egg-info/SOURCES.txt'
[10.235s] writing manifest file '../../build/aruco_node/aruco_node.egg-info/SOURCES.txt'
[10.253s] running build
[10.253s] running build_py
[10.255s] running install
[10.258s] running install_lib
[10.263s] running install_data
[10.265s] running install_egg_info
[10.270s] removing '/home/unitree/106a_final/install/aruco_node/lib/python3.8/site-packages/aruco_node-0.0.0-py3.8.egg-info' (and everything under it)
[10.271s] Copying ../../build/aruco_node/aruco_node.egg-info to /home/unitree/106a_final/install/aruco_node/lib/python3.8/site-packages/aruco_node-0.0.0-py3.8.egg-info
[10.274s] running install_scripts
[10.403s] Installing aruco script to /home/unitree/106a_final/install/aruco_node/lib/aruco_node
[10.405s] writing list of installed files to '/home/unitree/106a_final/build/aruco_node/install.log'
[13.042s] Invoked command in '/home/unitree/106a_final/src/aruco_node' returned '0': PYTHONPATH=/home/unitree/106a_final/build/aruco_node/prefix_override:/home/unitree/106a_final/install/aruco_node/lib/python3.8/site-packages:${PYTHONPATH} /usr/bin/python3 setup.py egg_info --egg-base ../../build/aruco_node build --build-base /home/unitree/106a_final/build/aruco_node/build install --record /home/unitree/106a_final/build/aruco_node/install.log --single-version-externally-managed
