[5.013s] Invoking command in '/home/unitree/106a_final/src/arm_control': PYTHONPATH=/home/unitree/106a_final/build/arm_control/prefix_override:/home/unitree/106a_final/install/arm_control/lib/python3.8/site-packages:${PYTHONPATH} /usr/bin/python3 setup.py egg_info --egg-base ../../build/arm_control build --build-base /home/unitree/106a_final/build/arm_control/build install --record /home/unitree/106a_final/build/arm_control/install.log --install-scripts $base/lib/arm_control --single-version-externally-managed
[5.484s] running egg_info
[5.486s] writing ../../build/arm_control/arm_control.egg-info/PKG-INFO
[5.486s] writing dependency_links to ../../build/arm_control/arm_control.egg-info/dependency_links.txt
[5.486s] writing entry points to ../../build/arm_control/arm_control.egg-info/entry_points.txt
[5.487s] writing requirements to ../../build/arm_control/arm_control.egg-info/requires.txt
[5.487s] writing top-level names to ../../build/arm_control/arm_control.egg-info/top_level.txt
[5.552s] reading manifest file '../../build/arm_control/arm_control.egg-info/SOURCES.txt'
[5.553s] writing manifest file '../../build/arm_control/arm_control.egg-info/SOURCES.txt'
[5.553s] running build
[5.553s] running build_py
[5.554s] running install
[5.556s] running install_lib
[5.559s] running install_data
[5.560s] running install_egg_info
[5.564s] removing '/home/unitree/106a_final/install/arm_control/lib/python3.8/site-packages/arm_control-0.0.0-py3.8.egg-info' (and everything under it)
[5.565s] Copying ../../build/arm_control/arm_control.egg-info to /home/unitree/106a_final/install/arm_control/lib/python3.8/site-packages/arm_control-0.0.0-py3.8.egg-info
[5.567s] running install_scripts
[5.604s] Installing arm_node script to /home/unitree/106a_final/install/arm_control/lib/arm_control
[5.606s] Installing servo_driver script to /home/unitree/106a_final/install/arm_control/lib/arm_control
[5.608s] writing list of installed files to '/home/unitree/106a_final/build/arm_control/install.log'
[6.582s] Invoked command in '/home/unitree/106a_final/src/arm_control' returned '0': PYTHONPATH=/home/unitree/106a_final/build/arm_control/prefix_override:/home/unitree/106a_final/install/arm_control/lib/python3.8/site-packages:${PYTHONPATH} /usr/bin/python3 setup.py egg_info --egg-base ../../build/arm_control build --build-base /home/unitree/106a_final/build/arm_control/build install --record /home/unitree/106a_final/build/arm_control/install.log --install-scripts $base/lib/arm_control --single-version-externally-managed
