[3.576s] Invoking command in '/home/unitree/106a_final/src/aruco_node': PYTHONPATH=/home/unitree/106a_final/build/aruco_node/prefix_override:/home/unitree/106a_final/install/aruco_node/lib/python3.8/site-packages:${PYTHONPATH} /usr/bin/python3 setup.py egg_info --egg-base ../../build/aruco_node build --build-base /home/unitree/106a_final/build/aruco_node/build install --record /home/unitree/106a_final/build/aruco_node/install.log --single-version-externally-managed
[4.020s] running egg_info
[4.021s] writing ../../build/aruco_node/aruco_node.egg-info/PKG-INFO
[4.022s] writing dependency_links to ../../build/aruco_node/aruco_node.egg-info/dependency_links.txt
[4.022s] writing entry points to ../../build/aruco_node/aruco_node.egg-info/entry_points.txt
[4.022s] writing requirements to ../../build/aruco_node/aruco_node.egg-info/requires.txt
[4.023s] writing top-level names to ../../build/aruco_node/aruco_node.egg-info/top_level.txt
[4.087s] reading manifest file '../../build/aruco_node/aruco_node.egg-info/SOURCES.txt'
[4.093s] writing manifest file '../../build/aruco_node/aruco_node.egg-info/SOURCES.txt'
[4.094s] running build
[4.094s] running build_py
[4.095s] running install
[4.096s] running install_lib
[4.098s] running install_data
[4.099s] running install_egg_info
[4.101s] removing '/home/unitree/106a_final/install/aruco_node/lib/python3.8/site-packages/aruco_node-0.0.0-py3.8.egg-info' (and everything under it)
[4.101s] Copying ../../build/aruco_node/aruco_node.egg-info to /home/unitree/106a_final/install/aruco_node/lib/python3.8/site-packages/aruco_node-0.0.0-py3.8.egg-info
[4.102s] running install_scripts
[4.137s] Installing aruco script to /home/unitree/106a_final/install/aruco_node/lib/aruco_node
[4.138s] writing list of installed files to '/home/unitree/106a_final/build/aruco_node/install.log'
[5.282s] Invoked command in '/home/unitree/106a_final/src/aruco_node' returned '0': PYTHONPATH=/home/unitree/106a_final/build/aruco_node/prefix_override:/home/unitree/106a_final/install/aruco_node/lib/python3.8/site-packages:${PYTHONPATH} /usr/bin/python3 setup.py egg_info --egg-base ../../build/aruco_node build --build-base /home/unitree/106a_final/build/aruco_node/build install --record /home/unitree/106a_final/build/aruco_node/install.log --single-version-externally-managed
