[13.891s] Invoking command in '/home/unitree/106a_final/src/navigation_node': PYTHONPATH=/home/unitree/106a_final/build/navigation_node/prefix_override:/home/unitree/106a_final/install/navigation_node/lib/python3.8/site-packages:${PYTHONPATH} /usr/bin/python3 setup.py egg_info --egg-base ../../build/navigation_node build --build-base /home/unitree/106a_final/build/navigation_node/build install --record /home/unitree/106a_final/build/navigation_node/install.log --install-scripts $base/lib/navigation_node --single-version-externally-managed
[15.715s] running egg_info
[15.730s] writing ../../build/navigation_node/navigation_node.egg-info/PKG-INFO
[15.731s] writing dependency_links to ../../build/navigation_node/navigation_node.egg-info/dependency_links.txt
[15.732s] writing entry points to ../../build/navigation_node/navigation_node.egg-info/entry_points.txt
[15.732s] writing requirements to ../../build/navigation_node/navigation_node.egg-info/requires.txt
[15.732s] writing top-level names to ../../build/navigation_node/navigation_node.egg-info/top_level.txt
[15.930s] reading manifest file '../../build/navigation_node/navigation_node.egg-info/SOURCES.txt'
[15.943s] writing manifest file '../../build/navigation_node/navigation_node.egg-info/SOURCES.txt'
[15.943s] running build
[15.944s] running build_py
[15.945s] running install
[15.950s] running install_lib
[15.963s] running install_data
[15.965s] running install_egg_info
[15.978s] removing '/home/unitree/106a_final/install/navigation_node/lib/python3.8/site-packages/navigation_node-0.0.0-py3.8.egg-info' (and everything under it)
[15.979s] Copying ../../build/navigation_node/navigation_node.egg-info to /home/unitree/106a_final/install/navigation_node/lib/python3.8/site-packages/navigation_node-0.0.0-py3.8.egg-info
[15.988s] running install_scripts
[16.136s] Installing nav_node_go script to /home/unitree/106a_final/install/navigation_node/lib/navigation_node
[16.150s] writing list of installed files to '/home/unitree/106a_final/build/navigation_node/install.log'
[17.566s] Invoked command in '/home/unitree/106a_final/src/navigation_node' returned '0': PYTHONPATH=/home/unitree/106a_final/build/navigation_node/prefix_override:/home/unitree/106a_final/install/navigation_node/lib/python3.8/site-packages:${PYTHONPATH} /usr/bin/python3 setup.py egg_info --egg-base ../../build/navigation_node build --build-base /home/unitree/106a_final/build/navigation_node/build install --record /home/unitree/106a_final/build/navigation_node/install.log --install-scripts $base/lib/navigation_node --single-version-externally-managed
