[11.000s] Invoking command in '/home/unitree/106a_final/src/arm_control': PYTHONPATH=/home/unitree/106a_final/build/arm_control/prefix_override:/home/unitree/106a_final/install/arm_control/lib/python3.8/site-packages:${PYTHONPATH} /usr/bin/python3 setup.py egg_info --egg-base ../../build/arm_control build --build-base /home/unitree/106a_final/build/arm_control/build install --record /home/unitree/106a_final/build/arm_control/install.log --install-scripts $base/lib/arm_control --single-version-externally-managed
[11.708s] running egg_info
[11.709s] writing ../../build/arm_control/arm_control.egg-info/PKG-INFO
[11.714s] writing dependency_links to ../../build/arm_control/arm_control.egg-info/dependency_links.txt
[11.714s] writing entry points to ../../build/arm_control/arm_control.egg-info/entry_points.txt
[11.715s] writing requirements to ../../build/arm_control/arm_control.egg-info/requires.txt
[11.715s] writing top-level names to ../../build/arm_control/arm_control.egg-info/top_level.txt
[11.798s] reading manifest file '../../build/arm_control/arm_control.egg-info/SOURCES.txt'
[11.800s] writing manifest file '../../build/arm_control/arm_control.egg-info/SOURCES.txt'
[11.801s] running build
[11.801s] running build_py
[11.801s] running install
[11.803s] running install_lib
[11.806s] running install_data
[11.807s] running install_egg_info
[11.812s] removing '/home/unitree/106a_final/install/arm_control/lib/python3.8/site-packages/arm_control-0.0.0-py3.8.egg-info' (and everything under it)
[11.825s] Copying ../../build/arm_control/arm_control.egg-info to /home/unitree/106a_final/install/arm_control/lib/python3.8/site-packages/arm_control-0.0.0-py3.8.egg-info
[11.828s] running install_scripts
[11.932s] Installing arm_node script to /home/unitree/106a_final/install/arm_control/lib/arm_control
[11.933s] Installing servo_driver script to /home/unitree/106a_final/install/arm_control/lib/arm_control
[11.933s] writing list of installed files to '/home/unitree/106a_final/build/arm_control/install.log'
[13.871s] Invoked command in '/home/unitree/106a_final/src/arm_control' returned '0': PYTHONPATH=/home/unitree/106a_final/build/arm_control/prefix_override:/home/unitree/106a_final/install/arm_control/lib/python3.8/site-packages:${PYTHONPATH} /usr/bin/python3 setup.py egg_info --egg-base ../../build/arm_control build --build-base /home/unitree/106a_final/build/arm_control/build install --record /home/unitree/106a_final/build/arm_control/install.log --install-scripts $base/lib/arm_control --single-version-externally-managed
