[6.137s] Invoking command in '/home/unitree/106a_final/src/navigation_node_three': PYTHONPATH=/home/unitree/106a_final/build/navigation_node_three/prefix_override:/home/unitree/106a_final/install/navigation_node_three/lib/python3.8/site-packages:${PYTHONPATH} /usr/bin/python3 setup.py egg_info --egg-base ../../build/navigation_node_three build --build-base /home/unitree/106a_final/build/navigation_node_three/build install --record /home/unitree/106a_final/build/navigation_node_three/install.log --install-scripts $base/lib/navigation_node_three --single-version-externally-managed
[6.598s] running egg_info
[6.600s] writing ../../build/navigation_node_three/navigation_node_three.egg-info/PKG-INFO
[6.600s] writing dependency_links to ../../build/navigation_node_three/navigation_node_three.egg-info/dependency_links.txt
[6.601s] writing entry points to ../../build/navigation_node_three/navigation_node_three.egg-info/entry_points.txt
[6.601s] writing requirements to ../../build/navigation_node_three/navigation_node_three.egg-info/requires.txt
[6.602s] writing top-level names to ../../build/navigation_node_three/navigation_node_three.egg-info/top_level.txt
[6.666s] reading manifest file '../../build/navigation_node_three/navigation_node_three.egg-info/SOURCES.txt'
[6.667s] writing manifest file '../../build/navigation_node_three/navigation_node_three.egg-info/SOURCES.txt'
[6.668s] running build
[6.668s] running build_py
[6.669s] running install
[6.671s] running install_lib
[6.674s] running install_data
[6.675s] running install_egg_info
[6.679s] removing '/home/unitree/106a_final/install/navigation_node_three/lib/python3.8/site-packages/navigation_node_three-0.0.0-py3.8.egg-info' (and everything under it)
[6.680s] Copying ../../build/navigation_node_three/navigation_node_three.egg-info to /home/unitree/106a_final/install/navigation_node_three/lib/python3.8/site-packages/navigation_node_three-0.0.0-py3.8.egg-info
[6.682s] running install_scripts
[6.721s] Installing navigator script to /home/unitree/106a_final/install/navigation_node_three/lib/navigation_node_three
[6.722s] writing list of installed files to '/home/unitree/106a_final/build/navigation_node_three/install.log'
[6.795s] Invoked command in '/home/unitree/106a_final/src/navigation_node_three' returned '0': PYTHONPATH=/home/unitree/106a_final/build/navigation_node_three/prefix_override:/home/unitree/106a_final/install/navigation_node_three/lib/python3.8/site-packages:${PYTHONPATH} /usr/bin/python3 setup.py egg_info --egg-base ../../build/navigation_node_three build --build-base /home/unitree/106a_final/build/navigation_node_three/build install --record /home/unitree/106a_final/build/navigation_node_three/install.log --install-scripts $base/lib/navigation_node_three --single-version-externally-managed
