[4.419s] Invoking command in '/home/unitree/106a_final/src/arm_control': PYTHONPATH=/home/unitree/106a_final/build/arm_control/prefix_override:/home/unitree/106a_final/install/arm_control/lib/python3.8/site-packages:${PYTHONPATH} /usr/bin/python3 setup.py egg_info --egg-base ../../build/arm_control build --build-base /home/unitree/106a_final/build/arm_control/build install --record /home/unitree/106a_final/build/arm_control/install.log --install-scripts $base/lib/arm_control --single-version-externally-managed
[4.879s] running egg_info
[4.880s] writing ../../build/arm_control/arm_control.egg-info/PKG-INFO
[4.881s] writing dependency_links to ../../build/arm_control/arm_control.egg-info/dependency_links.txt
[4.881s] writing entry points to ../../build/arm_control/arm_control.egg-info/entry_points.txt
[4.882s] writing requirements to ../../build/arm_control/arm_control.egg-info/requires.txt
[4.882s] writing top-level names to ../../build/arm_control/arm_control.egg-info/top_level.txt
[4.949s] reading manifest file '../../build/arm_control/arm_control.egg-info/SOURCES.txt'
[4.950s] writing manifest file '../../build/arm_control/arm_control.egg-info/SOURCES.txt'
[4.950s] running build
[4.951s] running build_py
[4.952s] running install
[4.953s] running install_lib
[4.957s] running install_data
[4.959s] running install_egg_info
[4.962s] removing '/home/unitree/106a_final/install/arm_control/lib/python3.8/site-packages/arm_control-0.0.0-py3.8.egg-info' (and everything under it)
[4.963s] Copying ../../build/arm_control/arm_control.egg-info to /home/unitree/106a_final/install/arm_control/lib/python3.8/site-packages/arm_control-0.0.0-py3.8.egg-info
[4.965s] running install_scripts
[5.003s] Installing arm_node script to /home/unitree/106a_final/install/arm_control/lib/arm_control
[5.005s] Installing servo_driver script to /home/unitree/106a_final/install/arm_control/lib/arm_control
[5.005s] writing list of installed files to '/home/unitree/106a_final/build/arm_control/install.log'
[5.872s] Invoked command in '/home/unitree/106a_final/src/arm_control' returned '0': PYTHONPATH=/home/unitree/106a_final/build/arm_control/prefix_override:/home/unitree/106a_final/install/arm_control/lib/python3.8/site-packages:${PYTHONPATH} /usr/bin/python3 setup.py egg_info --egg-base ../../build/arm_control build --build-base /home/unitree/106a_final/build/arm_control/build install --record /home/unitree/106a_final/build/arm_control/install.log --install-scripts $base/lib/arm_control --single-version-externally-managed
