[7.085s] Invoking command in '/home/unitree/106a_final/src/navigation_node': PYTHONPATH=/home/unitree/106a_final/build/navigation_node/prefix_override:/home/unitree/106a_final/install/navigation_node/lib/python3.8/site-packages:${PYTHONPATH} /usr/bin/python3 setup.py egg_info --egg-base ../../build/navigation_node build --build-base /home/unitree/106a_final/build/navigation_node/build install --record /home/unitree/106a_final/build/navigation_node/install.log --install-scripts $base/lib/navigation_node --single-version-externally-managed
[7.933s] running egg_info
[7.938s] writing ../../build/navigation_node/navigation_node.egg-info/PKG-INFO
[7.944s] writing dependency_links to ../../build/navigation_node/navigation_node.egg-info/dependency_links.txt
[7.945s] writing entry points to ../../build/navigation_node/navigation_node.egg-info/entry_points.txt
[7.946s] writing requirements to ../../build/navigation_node/navigation_node.egg-info/requires.txt
[7.947s] writing top-level names to ../../build/navigation_node/navigation_node.egg-info/top_level.txt
[8.119s] reading manifest file '../../build/navigation_node/navigation_node.egg-info/SOURCES.txt'
[8.127s] writing manifest file '../../build/navigation_node/navigation_node.egg-info/SOURCES.txt'
[8.128s] running build
[8.128s] running build_py
[8.128s] running install
[8.131s] running install_lib
[8.147s] running install_data
[8.148s] running install_egg_info
[8.152s] removing '/home/unitree/106a_final/install/navigation_node/lib/python3.8/site-packages/navigation_node-0.0.0-py3.8.egg-info' (and everything under it)
[8.153s] Copying ../../build/navigation_node/navigation_node.egg-info to /home/unitree/106a_final/install/navigation_node/lib/python3.8/site-packages/navigation_node-0.0.0-py3.8.egg-info
[8.155s] running install_scripts
[8.209s] Installing nav_node_go script to /home/unitree/106a_final/install/navigation_node/lib/navigation_node
[8.210s] writing list of installed files to '/home/unitree/106a_final/build/navigation_node/install.log'
[9.434s] Invoked command in '/home/unitree/106a_final/src/navigation_node' returned '0': PYTHONPATH=/home/unitree/106a_final/build/navigation_node/prefix_override:/home/unitree/106a_final/install/navigation_node/lib/python3.8/site-packages:${PYTHONPATH} /usr/bin/python3 setup.py egg_info --egg-base ../../build/navigation_node build --build-base /home/unitree/106a_final/build/navigation_node/build install --record /home/unitree/106a_final/build/navigation_node/install.log --install-scripts $base/lib/navigation_node --single-version-externally-managed
