[2.848s] Invoking command in '/home/unitree/106a_final/src/navigation_node_three': PYTHONPATH=/home/unitree/106a_final/build/navigation_node_three/prefix_override:/home/unitree/106a_final/install/navigation_node_three/lib/python3.8/site-packages:${PYTHONPATH} /usr/bin/python3 setup.py egg_info --egg-base ../../build/navigation_node_three build --build-base /home/unitree/106a_final/build/navigation_node_three/build install --record /home/unitree/106a_final/build/navigation_node_three/install.log --install-scripts $base/lib/navigation_node_three --single-version-externally-managed
[3.382s] running egg_info
[3.383s] writing ../../build/navigation_node_three/navigation_node_three.egg-info/PKG-INFO
[3.384s] writing dependency_links to ../../build/navigation_node_three/navigation_node_three.egg-info/dependency_links.txt
[3.384s] writing entry points to ../../build/navigation_node_three/navigation_node_three.egg-info/entry_points.txt
[3.384s] writing requirements to ../../build/navigation_node_three/navigation_node_three.egg-info/requires.txt
[3.385s] writing top-level names to ../../build/navigation_node_three/navigation_node_three.egg-info/top_level.txt
[3.455s] reading manifest file '../../build/navigation_node_three/navigation_node_three.egg-info/SOURCES.txt'
[3.457s] writing manifest file '../../build/navigation_node_three/navigation_node_three.egg-info/SOURCES.txt'
[3.457s] running build
[3.457s] running build_py
[3.458s] copying navigation_node_three/navigator.py -> /home/unitree/106a_final/build/navigation_node_three/build/lib/navigation_node_three
[3.458s] running install
[3.460s] running install_lib
[3.463s] copying /home/unitree/106a_final/build/navigation_node_three/build/lib/navigation_node_three/navigator.py -> /home/unitree/106a_final/install/navigation_node_three/lib/python3.8/site-packages/navigation_node_three
[3.465s] byte-compiling /home/unitree/106a_final/install/navigation_node_three/lib/python3.8/site-packages/navigation_node_three/navigator.py to navigator.cpython-38.pyc
[3.470s] running install_data
[3.471s] running install_egg_info
[3.475s] removing '/home/unitree/106a_final/install/navigation_node_three/lib/python3.8/site-packages/navigation_node_three-0.0.0-py3.8.egg-info' (and everything under it)
[3.476s] Copying ../../build/navigation_node_three/navigation_node_three.egg-info to /home/unitree/106a_final/install/navigation_node_three/lib/python3.8/site-packages/navigation_node_three-0.0.0-py3.8.egg-info
[3.478s] running install_scripts
[3.522s] Installing navigator script to /home/unitree/106a_final/install/navigation_node_three/lib/navigation_node_three
[3.523s] writing list of installed files to '/home/unitree/106a_final/build/navigation_node_three/install.log'
[3.601s] Invoked command in '/home/unitree/106a_final/src/navigation_node_three' returned '0': PYTHONPATH=/home/unitree/106a_final/build/navigation_node_three/prefix_override:/home/unitree/106a_final/install/navigation_node_three/lib/python3.8/site-packages:${PYTHONPATH} /usr/bin/python3 setup.py egg_info --egg-base ../../build/navigation_node_three build --build-base /home/unitree/106a_final/build/navigation_node_three/build install --record /home/unitree/106a_final/build/navigation_node_three/install.log --install-scripts $base/lib/navigation_node_three --single-version-externally-managed
