[6.818s] Invoking command in '/home/unitree/106a_final/src/arm_control': PYTHONPATH=/home/unitree/106a_final/build/arm_control/prefix_override:/home/unitree/106a_final/install/arm_control/lib/python3.8/site-packages:${PYTHONPATH} /usr/bin/python3 setup.py egg_info --egg-base ../../build/arm_control build --build-base /home/unitree/106a_final/build/arm_control/build install --record /home/unitree/106a_final/build/arm_control/install.log --install-scripts $base/lib/arm_control --single-version-externally-managed
[7.438s] running egg_info
[7.441s] writing ../../build/arm_control/arm_control.egg-info/PKG-INFO
[7.442s] writing dependency_links to ../../build/arm_control/arm_control.egg-info/dependency_links.txt
[7.443s] writing entry points to ../../build/arm_control/arm_control.egg-info/entry_points.txt
[7.443s] writing requirements to ../../build/arm_control/arm_control.egg-info/requires.txt
[7.444s] writing top-level names to ../../build/arm_control/arm_control.egg-info/top_level.txt
[7.642s] reading manifest file '../../build/arm_control/arm_control.egg-info/SOURCES.txt'
[7.643s] writing manifest file '../../build/arm_control/arm_control.egg-info/SOURCES.txt'
[7.643s] running build
[7.644s] running build_py
[7.644s] copying arm_control/arm_node.py -> /home/unitree/106a_final/build/arm_control/build/lib/arm_control
[7.644s] running install
[7.663s] running install_lib
[7.666s] copying /home/unitree/106a_final/build/arm_control/build/lib/arm_control/arm_node.py -> /home/unitree/106a_final/install/arm_control/lib/python3.8/site-packages/arm_control
[7.667s] byte-compiling /home/unitree/106a_final/install/arm_control/lib/python3.8/site-packages/arm_control/arm_node.py to arm_node.cpython-38.pyc
[7.671s] running install_data
[7.673s] running install_egg_info
[7.685s] removing '/home/unitree/106a_final/install/arm_control/lib/python3.8/site-packages/arm_control-0.0.0-py3.8.egg-info' (and everything under it)
[7.693s] Copying ../../build/arm_control/arm_control.egg-info to /home/unitree/106a_final/install/arm_control/lib/python3.8/site-packages/arm_control-0.0.0-py3.8.egg-info
[7.697s] running install_scripts
[7.762s] Installing arm_node script to /home/unitree/106a_final/install/arm_control/lib/arm_control
[7.763s] Installing servo_driver script to /home/unitree/106a_final/install/arm_control/lib/arm_control
[7.764s] writing list of installed files to '/home/unitree/106a_final/build/arm_control/install.log'
[9.599s] Invoked command in '/home/unitree/106a_final/src/arm_control' returned '0': PYTHONPATH=/home/unitree/106a_final/build/arm_control/prefix_override:/home/unitree/106a_final/install/arm_control/lib/python3.8/site-packages:${PYTHONPATH} /usr/bin/python3 setup.py egg_info --egg-base ../../build/arm_control build --build-base /home/unitree/106a_final/build/arm_control/build install --record /home/unitree/106a_final/build/arm_control/install.log --install-scripts $base/lib/arm_control --single-version-externally-managed
