[4.338s] Invoking command in '/home/unitree/106a_final/src/navigation_node': PYTHONPATH=/home/unitree/106a_final/build/navigation_node/prefix_override:/home/unitree/106a_final/install/navigation_node/lib/python3.8/site-packages:${PYTHONPATH} /usr/bin/python3 setup.py egg_info --egg-base ../../build/navigation_node build --build-base /home/unitree/106a_final/build/navigation_node/build install --record /home/unitree/106a_final/build/navigation_node/install.log --install-scripts $base/lib/navigation_node --single-version-externally-managed
[4.815s] running egg_info
[4.816s] writing ../../build/navigation_node/navigation_node.egg-info/PKG-INFO
[4.817s] writing dependency_links to ../../build/navigation_node/navigation_node.egg-info/dependency_links.txt
[4.817s] writing entry points to ../../build/navigation_node/navigation_node.egg-info/entry_points.txt
[4.817s] writing requirements to ../../build/navigation_node/navigation_node.egg-info/requires.txt
[4.818s] writing top-level names to ../../build/navigation_node/navigation_node.egg-info/top_level.txt
[4.886s] reading manifest file '../../build/navigation_node/navigation_node.egg-info/SOURCES.txt'
[4.888s] writing manifest file '../../build/navigation_node/navigation_node.egg-info/SOURCES.txt'
[4.888s] running build
[4.888s] running build_py
[4.889s] running install
[4.891s] running install_lib
[4.894s] running install_data
[4.895s] running install_egg_info
[4.899s] removing '/home/unitree/106a_final/install/navigation_node/lib/python3.8/site-packages/navigation_node-0.0.0-py3.8.egg-info' (and everything under it)
[4.900s] Copying ../../build/navigation_node/navigation_node.egg-info to /home/unitree/106a_final/install/navigation_node/lib/python3.8/site-packages/navigation_node-0.0.0-py3.8.egg-info
[4.902s] running install_scripts
[4.945s] Installing nav_node_go script to /home/unitree/106a_final/install/navigation_node/lib/navigation_node
[4.946s] writing list of installed files to '/home/unitree/106a_final/build/navigation_node/install.log'
[5.783s] Invoked command in '/home/unitree/106a_final/src/navigation_node' returned '0': PYTHONPATH=/home/unitree/106a_final/build/navigation_node/prefix_override:/home/unitree/106a_final/install/navigation_node/lib/python3.8/site-packages:${PYTHONPATH} /usr/bin/python3 setup.py egg_info --egg-base ../../build/navigation_node build --build-base /home/unitree/106a_final/build/navigation_node/build install --record /home/unitree/106a_final/build/navigation_node/install.log --install-scripts $base/lib/navigation_node --single-version-externally-managed
