[11.108s] Invoking command in '/home/unitree/106a_final/src/navigation_node_three': PYTHONPATH=/home/unitree/106a_final/build/navigation_node_three/prefix_override:/home/unitree/106a_final/install/navigation_node_three/lib/python3.8/site-packages:${PYTHONPATH} /usr/bin/python3 setup.py egg_info --egg-base ../../build/navigation_node_three build --build-base /home/unitree/106a_final/build/navigation_node_three/build install --record /home/unitree/106a_final/build/navigation_node_three/install.log --install-scripts $base/lib/navigation_node_three --single-version-externally-managed
[11.975s] running egg_info
[11.976s] writing ../../build/navigation_node_three/navigation_node_three.egg-info/PKG-INFO
[11.977s] writing dependency_links to ../../build/navigation_node_three/navigation_node_three.egg-info/dependency_links.txt
[11.977s] writing entry points to ../../build/navigation_node_three/navigation_node_three.egg-info/entry_points.txt
[11.978s] writing requirements to ../../build/navigation_node_three/navigation_node_three.egg-info/requires.txt
[11.978s] writing top-level names to ../../build/navigation_node_three/navigation_node_three.egg-info/top_level.txt
[12.060s] reading manifest file '../../build/navigation_node_three/navigation_node_three.egg-info/SOURCES.txt'
[12.063s] writing manifest file '../../build/navigation_node_three/navigation_node_three.egg-info/SOURCES.txt'
[12.063s] running build
[12.063s] running build_py
[12.064s] running install
[12.066s] running install_lib
[12.071s] running install_data
[12.071s] running install_egg_info
[12.074s] removing '/home/unitree/106a_final/install/navigation_node_three/lib/python3.8/site-packages/navigation_node_three-0.0.0-py3.8.egg-info' (and everything under it)
[12.075s] Copying ../../build/navigation_node_three/navigation_node_three.egg-info to /home/unitree/106a_final/install/navigation_node_three/lib/python3.8/site-packages/navigation_node_three-0.0.0-py3.8.egg-info
[12.078s] running install_scripts
[12.123s] Installing navigator script to /home/unitree/106a_final/install/navigation_node_three/lib/navigation_node_three
[12.125s] writing list of installed files to '/home/unitree/106a_final/build/navigation_node_three/install.log'
[12.374s] Invoked command in '/home/unitree/106a_final/src/navigation_node_three' returned '0': PYTHONPATH=/home/unitree/106a_final/build/navigation_node_three/prefix_override:/home/unitree/106a_final/install/navigation_node_three/lib/python3.8/site-packages:${PYTHONPATH} /usr/bin/python3 setup.py egg_info --egg-base ../../build/navigation_node_three build --build-base /home/unitree/106a_final/build/navigation_node_three/build install --record /home/unitree/106a_final/build/navigation_node_three/install.log --install-scripts $base/lib/navigation_node_three --single-version-externally-managed
