[1.889s] Invoking command in '/home/unitree/106a_final/build/arm_driver': CMAKE_PREFIX_PATH=${CMAKE_PREFIX_PATH}:/opt/ros/foxy /usr/bin/cmake --build /home/unitree/106a_final/build/arm_driver -- -j4 -l4
[2.675s] [ 66%] Built target d1_wrapper
[2.676s] [100%] Built target servo_driver
[2.676s] make: Warning: File 'Makefile' has modification time 1764673693 s in the future
[2.676s] make[1]: Warning: File 'CMakeFiles/Makefile2' has modification time 1764673693 s in the future
[2.677s] make[2]: Warning: File 'CMakeFiles/d1_wrapper.dir/flags.make' has modification time 1764673693 s in the future
[2.677s] make[2]: warning:  Clock skew detected.  Your build may be incomplete.
[2.677s] make[2]: Warning: File 'CMakeFiles/d1_wrapper.dir/flags.make' has modification time 1764673693 s in the future
[2.677s] make[2]: warning:  Clock skew detected.  Your build may be incomplete.
[2.678s] make[2]: Warning: File 'CMakeFiles/servo_driver.dir/flags.make' has modification time 1764673693 s in the future
[2.681s] make[2]: warning:  Clock skew detected.  Your build may be incomplete.
[2.682s] make[2]: Warning: File 'CMakeFiles/servo_driver.dir/flags.make' has modification time 1764673692 s in the future
[2.682s] make[2]: warning:  Clock skew detected.  Your build may be incomplete.
[2.682s] make[1]: warning:  Clock skew detected.  Your build may be incomplete.
[2.682s] make: warning:  Clock skew detected.  Your build may be incomplete.
[2.687s] Invoked command in '/home/unitree/106a_final/build/arm_driver' returned '0': CMAKE_PREFIX_PATH=${CMAKE_PREFIX_PATH}:/opt/ros/foxy /usr/bin/cmake --build /home/unitree/106a_final/build/arm_driver -- -j4 -l4
[2.714s] Invoking command in '/home/unitree/106a_final/build/arm_driver': CMAKE_PREFIX_PATH=${CMAKE_PREFIX_PATH}:/opt/ros/foxy /usr/bin/cmake --install /home/unitree/106a_final/build/arm_driver
[2.747s] -- Install configuration: ""
[2.747s] -- Up-to-date: /home/unitree/106a_final/install/arm_driver/lib/arm_driver/servo_driver
[2.748s] -- Up-to-date: /home/unitree/106a_final/install/arm_driver/share/arm_driver/launch
[2.748s] -- Up-to-date: /home/unitree/106a_final/install/arm_driver/share/arm_driver/launch/arm_driver.launch.py
[2.748s] -- Up-to-date: /home/unitree/106a_final/install/arm_driver/share/ament_index/resource_index/package_run_dependencies/arm_driver
[2.748s] -- Up-to-date: /home/unitree/106a_final/install/arm_driver/share/ament_index/resource_index/parent_prefix_path/arm_driver
[2.748s] -- Up-to-date: /home/unitree/106a_final/install/arm_driver/share/arm_driver/environment/ament_prefix_path.sh
[2.748s] -- Up-to-date: /home/unitree/106a_final/install/arm_driver/share/arm_driver/environment/ament_prefix_path.dsv
[2.749s] -- Up-to-date: /home/unitree/106a_final/install/arm_driver/share/arm_driver/environment/path.sh
[2.749s] -- Up-to-date: /home/unitree/106a_final/install/arm_driver/share/arm_driver/environment/path.dsv
[2.749s] -- Up-to-date: /home/unitree/106a_final/install/arm_driver/share/arm_driver/local_setup.bash
[2.749s] -- Up-to-date: /home/unitree/106a_final/install/arm_driver/share/arm_driver/local_setup.sh
[2.749s] -- Up-to-date: /home/unitree/106a_final/install/arm_driver/share/arm_driver/local_setup.zsh
[2.749s] -- Up-to-date: /home/unitree/106a_final/install/arm_driver/share/arm_driver/local_setup.dsv
[2.749s] -- Installing: /home/unitree/106a_final/install/arm_driver/share/arm_driver/package.dsv
[2.750s] -- Up-to-date: /home/unitree/106a_final/install/arm_driver/share/ament_index/resource_index/packages/arm_driver
[2.750s] -- Up-to-date: /home/unitree/106a_final/install/arm_driver/share/arm_driver/cmake/arm_driverConfig.cmake
[2.750s] -- Up-to-date: /home/unitree/106a_final/install/arm_driver/share/arm_driver/cmake/arm_driverConfig-version.cmake
[2.750s] -- Up-to-date: /home/unitree/106a_final/install/arm_driver/share/arm_driver/package.xml
[2.759s] Invoked command in '/home/unitree/106a_final/build/arm_driver' returned '0': CMAKE_PREFIX_PATH=${CMAKE_PREFIX_PATH}:/opt/ros/foxy /usr/bin/cmake --install /home/unitree/106a_final/build/arm_driver
