[11.652s] Invoking command in '/home/unitree/106a_final/src/go2_bringup': PYTHONPATH=/home/unitree/106a_final/build/go2_bringup/prefix_override:/home/unitree/106a_final/install/go2_bringup/lib/python3.8/site-packages:${PYTHONPATH} /usr/bin/python3 setup.py egg_info --egg-base ../../build/go2_bringup build --build-base /home/unitree/106a_final/build/go2_bringup/build install --record /home/unitree/106a_final/build/go2_bringup/install.log --install-scripts $base/lib/go2_bringup --single-version-externally-managed
[15.588s] running egg_info
[15.588s] creating ../../build/go2_bringup/go2_bringup.egg-info
[15.588s] writing ../../build/go2_bringup/go2_bringup.egg-info/PKG-INFO
[15.588s] writing dependency_links to ../../build/go2_bringup/go2_bringup.egg-info/dependency_links.txt
[15.589s] writing entry points to ../../build/go2_bringup/go2_bringup.egg-info/entry_points.txt
[15.589s] writing requirements to ../../build/go2_bringup/go2_bringup.egg-info/requires.txt
[15.589s] writing top-level names to ../../build/go2_bringup/go2_bringup.egg-info/top_level.txt
[15.589s] writing manifest file '../../build/go2_bringup/go2_bringup.egg-info/SOURCES.txt'
[15.589s] reading manifest file '../../build/go2_bringup/go2_bringup.egg-info/SOURCES.txt'
[15.589s] writing manifest file '../../build/go2_bringup/go2_bringup.egg-info/SOURCES.txt'
[15.589s] running build
[15.590s] running build_py
[15.590s] creating /home/unitree/106a_final/build/go2_bringup/build
[15.590s] creating /home/unitree/106a_final/build/go2_bringup/build/lib
[15.590s] creating /home/unitree/106a_final/build/go2_bringup/build/lib/go2_bringup
[15.590s] copying go2_bringup/__init__.py -> /home/unitree/106a_final/build/go2_bringup/build/lib/go2_bringup
[15.590s] running install
[15.590s] running install_lib
[15.590s] creating /home/unitree/106a_final/install/go2_bringup/lib/python3.8/site-packages/go2_bringup
[15.591s] copying /home/unitree/106a_final/build/go2_bringup/build/lib/go2_bringup/__init__.py -> /home/unitree/106a_final/install/go2_bringup/lib/python3.8/site-packages/go2_bringup
[15.591s] byte-compiling /home/unitree/106a_final/install/go2_bringup/lib/python3.8/site-packages/go2_bringup/__init__.py to __init__.cpython-38.pyc
[15.591s] running install_data
[15.591s] creating /home/unitree/106a_final/install/go2_bringup/share/ament_index
[15.591s] creating /home/unitree/106a_final/install/go2_bringup/share/ament_index/resource_index
[15.591s] creating /home/unitree/106a_final/install/go2_bringup/share/ament_index/resource_index/packages
[15.591s] copying resource/go2_bringup -> /home/unitree/106a_final/install/go2_bringup/share/ament_index/resource_index/packages
[15.605s] copying package.xml -> /home/unitree/106a_final/install/go2_bringup/share/go2_bringup
[15.615s] running install_egg_info
[15.617s] Copying ../../build/go2_bringup/go2_bringup.egg-info to /home/unitree/106a_final/install/go2_bringup/lib/python3.8/site-packages/go2_bringup-0.0.0-py3.8.egg-info
[15.617s] running install_scripts
[15.617s] writing list of installed files to '/home/unitree/106a_final/build/go2_bringup/install.log'
[15.652s] Invoked command in '/home/unitree/106a_final/src/go2_bringup' returned '0': PYTHONPATH=/home/unitree/106a_final/build/go2_bringup/prefix_override:/home/unitree/106a_final/install/go2_bringup/lib/python3.8/site-packages:${PYTHONPATH} /usr/bin/python3 setup.py egg_info --egg-base ../../build/go2_bringup build --build-base /home/unitree/106a_final/build/go2_bringup/build install --record /home/unitree/106a_final/build/go2_bringup/install.log --install-scripts $base/lib/go2_bringup --single-version-externally-managed
