[16.273s] Invoking command in '/home/unitree/106a_final/src/vision_node': PYTHONPATH=/home/unitree/106a_final/build/vision_node/prefix_override:/home/unitree/106a_final/install/vision_node/lib/python3.8/site-packages:${PYTHONPATH} /usr/bin/python3 setup.py egg_info --egg-base ../../build/vision_node build --build-base /home/unitree/106a_final/build/vision_node/build install --record /home/unitree/106a_final/build/vision_node/install.log --install-scripts $base/lib/vision_node --single-version-externally-managed
[18.175s] running egg_info
[18.176s] writing ../../build/vision_node/vision_node.egg-info/PKG-INFO
[18.176s] writing dependency_links to ../../build/vision_node/vision_node.egg-info/dependency_links.txt
[18.176s] writing entry points to ../../build/vision_node/vision_node.egg-info/entry_points.txt
[18.176s] writing requirements to ../../build/vision_node/vision_node.egg-info/requires.txt
[18.194s] writing top-level names to ../../build/vision_node/vision_node.egg-info/top_level.txt
[18.496s] reading manifest file '../../build/vision_node/vision_node.egg-info/SOURCES.txt'
[18.521s] writing manifest file '../../build/vision_node/vision_node.egg-info/SOURCES.txt'
[18.521s] running build
[18.521s] running build_py
[18.521s] running install
[18.522s] running install_lib
[18.537s] running install_data
[18.538s] running install_egg_info
[18.541s] removing '/home/unitree/106a_final/install/vision_node/lib/python3.8/site-packages/vision_node-0.0.0-py3.8.egg-info' (and everything under it)
[18.542s] Copying ../../build/vision_node/vision_node.egg-info to /home/unitree/106a_final/install/vision_node/lib/python3.8/site-packages/vision_node-0.0.0-py3.8.egg-info
[18.553s] running install_scripts
[18.610s] Installing arm_aruco script to /home/unitree/106a_final/install/vision_node/lib/vision_node
[18.611s] Installing pingpong_node script to /home/unitree/106a_final/install/vision_node/lib/vision_node
[18.617s] writing list of installed files to '/home/unitree/106a_final/build/vision_node/install.log'
[20.693s] Invoked command in '/home/unitree/106a_final/src/vision_node' returned '0': PYTHONPATH=/home/unitree/106a_final/build/vision_node/prefix_override:/home/unitree/106a_final/install/vision_node/lib/python3.8/site-packages:${PYTHONPATH} /usr/bin/python3 setup.py egg_info --egg-base ../../build/vision_node build --build-base /home/unitree/106a_final/build/vision_node/build install --record /home/unitree/106a_final/build/vision_node/install.log --install-scripts $base/lib/vision_node --single-version-externally-managed
