[4.904s] Invoking command in '/home/unitree/106a_final/src/navigation_node': PYTHONPATH=/home/unitree/106a_final/build/navigation_node/prefix_override:/home/unitree/106a_final/install/navigation_node/lib/python3.8/site-packages:${PYTHONPATH} /usr/bin/python3 setup.py egg_info --egg-base ../../build/navigation_node build --build-base /home/unitree/106a_final/build/navigation_node/build install --record /home/unitree/106a_final/build/navigation_node/install.log --install-scripts $base/lib/navigation_node --single-version-externally-managed
[5.430s] running egg_info
[5.432s] writing ../../build/navigation_node/navigation_node.egg-info/PKG-INFO
[5.433s] writing dependency_links to ../../build/navigation_node/navigation_node.egg-info/dependency_links.txt
[5.434s] writing entry points to ../../build/navigation_node/navigation_node.egg-info/entry_points.txt
[5.434s] writing requirements to ../../build/navigation_node/navigation_node.egg-info/requires.txt
[5.435s] writing top-level names to ../../build/navigation_node/navigation_node.egg-info/top_level.txt
[5.506s] reading manifest file '../../build/navigation_node/navigation_node.egg-info/SOURCES.txt'
[5.508s] writing manifest file '../../build/navigation_node/navigation_node.egg-info/SOURCES.txt'
[5.509s] running build
[5.509s] running build_py
[5.509s] running install
[5.511s] running install_lib
[5.514s] running install_data
[5.516s] running install_egg_info
[5.519s] removing '/home/unitree/106a_final/install/navigation_node/lib/python3.8/site-packages/navigation_node-0.0.0-py3.8.egg-info' (and everything under it)
[5.520s] Copying ../../build/navigation_node/navigation_node.egg-info to /home/unitree/106a_final/install/navigation_node/lib/python3.8/site-packages/navigation_node-0.0.0-py3.8.egg-info
[5.523s] running install_scripts
[5.573s] Installing nav_node_go script to /home/unitree/106a_final/install/navigation_node/lib/navigation_node
[5.574s] writing list of installed files to '/home/unitree/106a_final/build/navigation_node/install.log'
[6.445s] Invoked command in '/home/unitree/106a_final/src/navigation_node' returned '0': PYTHONPATH=/home/unitree/106a_final/build/navigation_node/prefix_override:/home/unitree/106a_final/install/navigation_node/lib/python3.8/site-packages:${PYTHONPATH} /usr/bin/python3 setup.py egg_info --egg-base ../../build/navigation_node build --build-base /home/unitree/106a_final/build/navigation_node/build install --record /home/unitree/106a_final/build/navigation_node/install.log --install-scripts $base/lib/navigation_node --single-version-externally-managed
