[4.242s] Invoking command in '/home/unitree/106a_final/src/navigation_node_three': PYTHONPATH=/home/unitree/106a_final/build/navigation_node_three/prefix_override:/home/unitree/106a_final/install/navigation_node_three/lib/python3.8/site-packages: /usr/bin/python3 setup.py egg_info --egg-base ../../build/navigation_node_three build --build-base /home/unitree/106a_final/build/navigation_node_three/build install --record /home/unitree/106a_final/build/navigation_node_three/install.log --install-scripts $base/lib/navigation_node_three --single-version-externally-managed
[5.628s] running egg_info
[5.628s] writing ../../build/navigation_node_three/navigation_node_three.egg-info/PKG-INFO
[5.628s] writing dependency_links to ../../build/navigation_node_three/navigation_node_three.egg-info/dependency_links.txt
[5.628s] writing entry points to ../../build/navigation_node_three/navigation_node_three.egg-info/entry_points.txt
[5.628s] writing requirements to ../../build/navigation_node_three/navigation_node_three.egg-info/requires.txt
[5.629s] writing top-level names to ../../build/navigation_node_three/navigation_node_three.egg-info/top_level.txt
[5.637s] reading manifest file '../../build/navigation_node_three/navigation_node_three.egg-info/SOURCES.txt'
[5.638s] writing manifest file '../../build/navigation_node_three/navigation_node_three.egg-info/SOURCES.txt'
[5.638s] running build
[5.638s] running build_py
[5.638s] running install
[5.638s] running install_lib
[5.638s] running install_data
[5.638s] running install_egg_info
[5.639s] removing '/home/unitree/106a_final/install/navigation_node_three/lib/python3.8/site-packages/navigation_node_three-0.0.0-py3.8.egg-info' (and everything under it)
[5.639s] Copying ../../build/navigation_node_three/navigation_node_three.egg-info to /home/unitree/106a_final/install/navigation_node_three/lib/python3.8/site-packages/navigation_node_three-0.0.0-py3.8.egg-info
[5.639s] running install_scripts
[5.639s] Installing navigator script to /home/unitree/106a_final/install/navigation_node_three/lib/navigation_node_three
[5.639s] writing list of installed files to '/home/unitree/106a_final/build/navigation_node_three/install.log'
[5.665s] Invoked command in '/home/unitree/106a_final/src/navigation_node_three' returned '0': PYTHONPATH=/home/unitree/106a_final/build/navigation_node_three/prefix_override:/home/unitree/106a_final/install/navigation_node_three/lib/python3.8/site-packages: /usr/bin/python3 setup.py egg_info --egg-base ../../build/navigation_node_three build --build-base /home/unitree/106a_final/build/navigation_node_three/build install --record /home/unitree/106a_final/build/navigation_node_three/install.log --install-scripts $base/lib/navigation_node_three --single-version-externally-managed
