[15.532s] Invoking command in '/home/unitree/106a_final/src/navigation_node_three': PYTHONPATH=/home/unitree/106a_final/build/navigation_node_three/prefix_override:/home/unitree/106a_final/install/navigation_node_three/lib/python3.8/site-packages:${PYTHONPATH} /usr/bin/python3 setup.py egg_info --egg-base ../../build/navigation_node_three build --build-base /home/unitree/106a_final/build/navigation_node_three/build install --record /home/unitree/106a_final/build/navigation_node_three/install.log --install-scripts $base/lib/navigation_node_three --single-version-externally-managed
[16.951s] running egg_info
[16.952s] writing ../../build/navigation_node_three/navigation_node_three.egg-info/PKG-INFO
[16.952s] writing dependency_links to ../../build/navigation_node_three/navigation_node_three.egg-info/dependency_links.txt
[16.986s] writing entry points to ../../build/navigation_node_three/navigation_node_three.egg-info/entry_points.txt
[16.986s] writing requirements to ../../build/navigation_node_three/navigation_node_three.egg-info/requires.txt
[16.986s] writing top-level names to ../../build/navigation_node_three/navigation_node_three.egg-info/top_level.txt
[17.162s] reading manifest file '../../build/navigation_node_three/navigation_node_three.egg-info/SOURCES.txt'
[17.163s] writing manifest file '../../build/navigation_node_three/navigation_node_three.egg-info/SOURCES.txt'
[17.163s] running build
[17.164s] running build_py
[17.164s] running install
[17.175s] running install_lib
[17.183s] running install_data
[17.185s] running install_egg_info
[17.194s] removing '/home/unitree/106a_final/install/navigation_node_three/lib/python3.8/site-packages/navigation_node_three-0.0.0-py3.8.egg-info' (and everything under it)
[17.197s] Copying ../../build/navigation_node_three/navigation_node_three.egg-info to /home/unitree/106a_final/install/navigation_node_three/lib/python3.8/site-packages/navigation_node_three-0.0.0-py3.8.egg-info
[17.199s] running install_scripts
[17.402s] Installing navigator script to /home/unitree/106a_final/install/navigation_node_three/lib/navigation_node_three
[17.403s] writing list of installed files to '/home/unitree/106a_final/build/navigation_node_three/install.log'
[17.677s] Invoked command in '/home/unitree/106a_final/src/navigation_node_three' returned '0': PYTHONPATH=/home/unitree/106a_final/build/navigation_node_three/prefix_override:/home/unitree/106a_final/install/navigation_node_three/lib/python3.8/site-packages:${PYTHONPATH} /usr/bin/python3 setup.py egg_info --egg-base ../../build/navigation_node_three build --build-base /home/unitree/106a_final/build/navigation_node_three/build install --record /home/unitree/106a_final/build/navigation_node_three/install.log --install-scripts $base/lib/navigation_node_three --single-version-externally-managed
