[2.460s] Invoking command in '/home/unitree/106a_final/build/base_driver': CMAKE_PREFIX_PATH=${CMAKE_PREFIX_PATH}:/opt/ros/foxy /usr/bin/cmake --build /home/unitree/106a_final/build/base_driver -- -j4 -l4
[2.539s] make: Warning: File 'Makefile' has modification time 1764687575 s in the future
[2.627s] make[1]: Warning: File 'CMakeFiles/Makefile2' has modification time 1764687575 s in the future
[2.649s] make[2]: Warning: File 'CMakeFiles/base_wrapper.dir/flags.make' has modification time 1764687575 s in the future
[2.697s] make[2]: warning:  Clock skew detected.  Your build may be incomplete.
[2.698s] make[2]: Warning: File 'CMakeFiles/base_wrapper.dir/flags.make' has modification time 1764687575 s in the future
[2.698s] make[2]: warning:  Clock skew detected.  Your build may be incomplete.
[2.722s] [ 50%] Built target base_wrapper
[2.732s] make[2]: Warning: File 'CMakeFiles/base_driver.dir/flags.make' has modification time 1764687575 s in the future
[2.782s] make[2]: warning:  Clock skew detected.  Your build may be incomplete.
[2.783s] make[2]: Warning: File 'CMakeFiles/base_driver.dir/flags.make' has modification time 1764687575 s in the future
[2.790s] make[2]: warning:  Clock skew detected.  Your build may be incomplete.
[2.820s] [100%] Built target base_driver
[2.821s] make[1]: warning:  Clock skew detected.  Your build may be incomplete.
[2.857s] make: warning:  Clock skew detected.  Your build may be incomplete.
[4.313s] Invoked command in '/home/unitree/106a_final/build/base_driver' returned '0': CMAKE_PREFIX_PATH=${CMAKE_PREFIX_PATH}:/opt/ros/foxy /usr/bin/cmake --build /home/unitree/106a_final/build/base_driver -- -j4 -l4
[4.328s] Invoking command in '/home/unitree/106a_final/build/base_driver': CMAKE_PREFIX_PATH=${CMAKE_PREFIX_PATH}:/opt/ros/foxy /usr/bin/cmake --install /home/unitree/106a_final/build/base_driver
[4.374s] -- Install configuration: ""
[4.374s] -- Up-to-date: /home/unitree/106a_final/install/base_driver/lib/base_driver/base_driver
[4.375s] -- Up-to-date: /home/unitree/106a_final/install/base_driver/share/ament_index/resource_index/package_run_dependencies/base_driver
[4.375s] -- Up-to-date: /home/unitree/106a_final/install/base_driver/share/ament_index/resource_index/parent_prefix_path/base_driver
[4.375s] -- Up-to-date: /home/unitree/106a_final/install/base_driver/share/base_driver/environment/ament_prefix_path.sh
[4.375s] -- Up-to-date: /home/unitree/106a_final/install/base_driver/share/base_driver/environment/ament_prefix_path.dsv
[4.375s] -- Up-to-date: /home/unitree/106a_final/install/base_driver/share/base_driver/environment/path.sh
[4.375s] -- Up-to-date: /home/unitree/106a_final/install/base_driver/share/base_driver/environment/path.dsv
[4.376s] -- Up-to-date: /home/unitree/106a_final/install/base_driver/share/base_driver/local_setup.bash
[4.376s] -- Up-to-date: /home/unitree/106a_final/install/base_driver/share/base_driver/local_setup.sh
[4.376s] -- Up-to-date: /home/unitree/106a_final/install/base_driver/share/base_driver/local_setup.zsh
[4.376s] -- Up-to-date: /home/unitree/106a_final/install/base_driver/share/base_driver/local_setup.dsv
[4.376s] -- Installing: /home/unitree/106a_final/install/base_driver/share/base_driver/package.dsv
[4.376s] -- Up-to-date: /home/unitree/106a_final/install/base_driver/share/ament_index/resource_index/packages/base_driver
[4.376s] -- Up-to-date: /home/unitree/106a_final/install/base_driver/share/base_driver/cmake/base_driverConfig.cmake
[4.377s] -- Up-to-date: /home/unitree/106a_final/install/base_driver/share/base_driver/cmake/base_driverConfig-version.cmake
[4.377s] -- Up-to-date: /home/unitree/106a_final/install/base_driver/share/base_driver/package.xml
[6.166s] Invoked command in '/home/unitree/106a_final/build/base_driver' returned '0': CMAKE_PREFIX_PATH=${CMAKE_PREFIX_PATH}:/opt/ros/foxy /usr/bin/cmake --install /home/unitree/106a_final/build/base_driver
