[19.468s] Invoking command in '/home/unitree/106a_final/src/navigation_node_three': PYTHONPATH=/home/unitree/106a_final/build/navigation_node_three/prefix_override:/home/unitree/106a_final/install/navigation_node_three/lib/python3.8/site-packages:${PYTHONPATH} /usr/bin/python3 setup.py egg_info --egg-base ../../build/navigation_node_three build --build-base /home/unitree/106a_final/build/navigation_node_three/build install --record /home/unitree/106a_final/build/navigation_node_three/install.log --install-scripts $base/lib/navigation_node_three --single-version-externally-managed
[21.173s] running egg_info
[21.174s] writing ../../build/navigation_node_three/navigation_node_three.egg-info/PKG-INFO
[21.175s] writing dependency_links to ../../build/navigation_node_three/navigation_node_three.egg-info/dependency_links.txt
[21.176s] writing entry points to ../../build/navigation_node_three/navigation_node_three.egg-info/entry_points.txt
[21.176s] writing requirements to ../../build/navigation_node_three/navigation_node_three.egg-info/requires.txt
[21.176s] writing top-level names to ../../build/navigation_node_three/navigation_node_three.egg-info/top_level.txt
[21.396s] reading manifest file '../../build/navigation_node_three/navigation_node_three.egg-info/SOURCES.txt'
[21.398s] writing manifest file '../../build/navigation_node_three/navigation_node_three.egg-info/SOURCES.txt'
[21.398s] running build
[21.398s] running build_py
[21.398s] running install
[21.401s] running install_lib
[21.425s] running install_data
[21.451s] running install_egg_info
[21.456s] removing '/home/unitree/106a_final/install/navigation_node_three/lib/python3.8/site-packages/navigation_node_three-0.0.0-py3.8.egg-info' (and everything under it)
[21.456s] Copying ../../build/navigation_node_three/navigation_node_three.egg-info to /home/unitree/106a_final/install/navigation_node_three/lib/python3.8/site-packages/navigation_node_three-0.0.0-py3.8.egg-info
[21.459s] running install_scripts
[21.511s] Installing navigator script to /home/unitree/106a_final/install/navigation_node_three/lib/navigation_node_three
[21.513s] writing list of installed files to '/home/unitree/106a_final/build/navigation_node_three/install.log'
[21.751s] Invoked command in '/home/unitree/106a_final/src/navigation_node_three' returned '0': PYTHONPATH=/home/unitree/106a_final/build/navigation_node_three/prefix_override:/home/unitree/106a_final/install/navigation_node_three/lib/python3.8/site-packages:${PYTHONPATH} /usr/bin/python3 setup.py egg_info --egg-base ../../build/navigation_node_three build --build-base /home/unitree/106a_final/build/navigation_node_three/build install --record /home/unitree/106a_final/build/navigation_node_three/install.log --install-scripts $base/lib/navigation_node_three --single-version-externally-managed
