[7.496s] Invoking command in '/home/unitree/106a_final/src/navigation_node_three': PYTHONPATH=/home/unitree/106a_final/build/navigation_node_three/prefix_override:/home/unitree/106a_final/install/navigation_node_three/lib/python3.8/site-packages:${PYTHONPATH} /usr/bin/python3 setup.py egg_info --egg-base ../../build/navigation_node_three build --build-base /home/unitree/106a_final/build/navigation_node_three/build install --record /home/unitree/106a_final/build/navigation_node_three/install.log --install-scripts $base/lib/navigation_node_three --single-version-externally-managed
[8.564s] running egg_info
[8.572s] writing ../../build/navigation_node_three/navigation_node_three.egg-info/PKG-INFO
[8.576s] writing dependency_links to ../../build/navigation_node_three/navigation_node_three.egg-info/dependency_links.txt
[8.587s] writing entry points to ../../build/navigation_node_three/navigation_node_three.egg-info/entry_points.txt
[8.589s] writing requirements to ../../build/navigation_node_three/navigation_node_three.egg-info/requires.txt
[8.591s] writing top-level names to ../../build/navigation_node_three/navigation_node_three.egg-info/top_level.txt
[8.680s] reading manifest file '../../build/navigation_node_three/navigation_node_three.egg-info/SOURCES.txt'
[8.683s] writing manifest file '../../build/navigation_node_three/navigation_node_three.egg-info/SOURCES.txt'
[8.685s] running build
[8.686s] running build_py
[8.687s] running install
[8.692s] running install_lib
[8.701s] running install_data
[8.704s] running install_egg_info
[8.721s] removing '/home/unitree/106a_final/install/navigation_node_three/lib/python3.8/site-packages/navigation_node_three-0.0.0-py3.8.egg-info' (and everything under it)
[8.732s] Copying ../../build/navigation_node_three/navigation_node_three.egg-info to /home/unitree/106a_final/install/navigation_node_three/lib/python3.8/site-packages/navigation_node_three-0.0.0-py3.8.egg-info
[8.754s] running install_scripts
[8.850s] Installing navigator script to /home/unitree/106a_final/install/navigation_node_three/lib/navigation_node_three
[8.851s] writing list of installed files to '/home/unitree/106a_final/build/navigation_node_three/install.log'
[10.185s] Invoked command in '/home/unitree/106a_final/src/navigation_node_three' returned '0': PYTHONPATH=/home/unitree/106a_final/build/navigation_node_three/prefix_override:/home/unitree/106a_final/install/navigation_node_three/lib/python3.8/site-packages:${PYTHONPATH} /usr/bin/python3 setup.py egg_info --egg-base ../../build/navigation_node_three build --build-base /home/unitree/106a_final/build/navigation_node_three/build install --record /home/unitree/106a_final/build/navigation_node_three/install.log --install-scripts $base/lib/navigation_node_three --single-version-externally-managed
