[13.443s] Invoking command in '/home/unitree/106a_final/src/navigation_node': PYTHONPATH=/home/unitree/106a_final/build/navigation_node/prefix_override:/home/unitree/106a_final/install/navigation_node/lib/python3.8/site-packages:${PYTHONPATH} /usr/bin/python3 setup.py egg_info --egg-base ../../build/navigation_node build --build-base /home/unitree/106a_final/build/navigation_node/build install --record /home/unitree/106a_final/build/navigation_node/install.log --install-scripts $base/lib/navigation_node --single-version-externally-managed
[14.379s] running egg_info
[14.380s] writing ../../build/navigation_node/navigation_node.egg-info/PKG-INFO
[14.381s] writing dependency_links to ../../build/navigation_node/navigation_node.egg-info/dependency_links.txt
[14.381s] writing entry points to ../../build/navigation_node/navigation_node.egg-info/entry_points.txt
[14.384s] writing requirements to ../../build/navigation_node/navigation_node.egg-info/requires.txt
[14.384s] writing top-level names to ../../build/navigation_node/navigation_node.egg-info/top_level.txt
[14.530s] reading manifest file '../../build/navigation_node/navigation_node.egg-info/SOURCES.txt'
[14.539s] writing manifest file '../../build/navigation_node/navigation_node.egg-info/SOURCES.txt'
[14.539s] running build
[14.539s] running build_py
[14.540s] running install
[14.540s] running install_lib
[14.541s] running install_data
[14.541s] running install_egg_info
[14.550s] removing '/home/unitree/106a_final/install/navigation_node/lib/python3.8/site-packages/navigation_node-0.0.0-py3.8.egg-info' (and everything under it)
[14.567s] Copying ../../build/navigation_node/navigation_node.egg-info to /home/unitree/106a_final/install/navigation_node/lib/python3.8/site-packages/navigation_node-0.0.0-py3.8.egg-info
[14.569s] running install_scripts
[14.687s] Installing nav_node_go script to /home/unitree/106a_final/install/navigation_node/lib/navigation_node
[14.688s] writing list of installed files to '/home/unitree/106a_final/build/navigation_node/install.log'
[16.146s] Invoked command in '/home/unitree/106a_final/src/navigation_node' returned '0': PYTHONPATH=/home/unitree/106a_final/build/navigation_node/prefix_override:/home/unitree/106a_final/install/navigation_node/lib/python3.8/site-packages:${PYTHONPATH} /usr/bin/python3 setup.py egg_info --egg-base ../../build/navigation_node build --build-base /home/unitree/106a_final/build/navigation_node/build install --record /home/unitree/106a_final/build/navigation_node/install.log --install-scripts $base/lib/navigation_node --single-version-externally-managed
