[1.982s] Invoking command in '/home/unitree/106a_final/build/arm_driver': CMAKE_PREFIX_PATH=${CMAKE_PREFIX_PATH}:/opt/ros/foxy /usr/bin/cmake --build /home/unitree/106a_final/build/arm_driver -- -j4 -l4
[2.860s] [ 66%] Built target d1_wrapper
[2.863s] [100%] Built target servo_driver
[2.864s] make: Warning: File 'Makefile' has modification time 1764673755 s in the future
[2.865s] make[1]: Warning: File 'CMakeFiles/Makefile2' has modification time 1764673755 s in the future
[2.866s] make[2]: Warning: File 'CMakeFiles/d1_wrapper.dir/flags.make' has modification time 1764673755 s in the future
[2.869s] make[2]: warning:  Clock skew detected.  Your build may be incomplete.
[2.870s] make[2]: Warning: File 'CMakeFiles/d1_wrapper.dir/flags.make' has modification time 1764673755 s in the future
[2.870s] make[2]: warning:  Clock skew detected.  Your build may be incomplete.
[2.870s] make[2]: Warning: File 'CMakeFiles/servo_driver.dir/flags.make' has modification time 1764673755 s in the future
[2.870s] make[2]: warning:  Clock skew detected.  Your build may be incomplete.
[2.870s] make[2]: Warning: File 'CMakeFiles/servo_driver.dir/flags.make' has modification time 1764673755 s in the future
[2.871s] make[2]: warning:  Clock skew detected.  Your build may be incomplete.
[2.871s] make[1]: warning:  Clock skew detected.  Your build may be incomplete.
[2.871s] make: warning:  Clock skew detected.  Your build may be incomplete.
[2.902s] Invoked command in '/home/unitree/106a_final/build/arm_driver' returned '0': CMAKE_PREFIX_PATH=${CMAKE_PREFIX_PATH}:/opt/ros/foxy /usr/bin/cmake --build /home/unitree/106a_final/build/arm_driver -- -j4 -l4
[2.944s] Invoking command in '/home/unitree/106a_final/build/arm_driver': CMAKE_PREFIX_PATH=${CMAKE_PREFIX_PATH}:/opt/ros/foxy /usr/bin/cmake --install /home/unitree/106a_final/build/arm_driver
[3.003s] -- Install configuration: ""
[3.005s] -- Up-to-date: /home/unitree/106a_final/install/arm_driver/lib/arm_driver/servo_driver
[3.006s] -- Up-to-date: /home/unitree/106a_final/install/arm_driver/share/arm_driver/launch
[3.007s] -- Up-to-date: /home/unitree/106a_final/install/arm_driver/share/arm_driver/launch/arm_driver.launch.py
[3.008s] -- Up-to-date: /home/unitree/106a_final/install/arm_driver/share/ament_index/resource_index/package_run_dependencies/arm_driver
[3.008s] -- Up-to-date: /home/unitree/106a_final/install/arm_driver/share/ament_index/resource_index/parent_prefix_path/arm_driver
[3.009s] -- Up-to-date: /home/unitree/106a_final/install/arm_driver/share/arm_driver/environment/ament_prefix_path.sh
[3.009s] -- Up-to-date: /home/unitree/106a_final/install/arm_driver/share/arm_driver/environment/ament_prefix_path.dsv
[3.009s] -- Up-to-date: /home/unitree/106a_final/install/arm_driver/share/arm_driver/environment/path.sh
[3.010s] -- Up-to-date: /home/unitree/106a_final/install/arm_driver/share/arm_driver/environment/path.dsv
[3.010s] -- Up-to-date: /home/unitree/106a_final/install/arm_driver/share/arm_driver/local_setup.bash
[3.010s] -- Up-to-date: /home/unitree/106a_final/install/arm_driver/share/arm_driver/local_setup.sh
[3.010s] -- Up-to-date: /home/unitree/106a_final/install/arm_driver/share/arm_driver/local_setup.zsh
[3.010s] -- Up-to-date: /home/unitree/106a_final/install/arm_driver/share/arm_driver/local_setup.dsv
[3.010s] -- Installing: /home/unitree/106a_final/install/arm_driver/share/arm_driver/package.dsv
[3.011s] -- Up-to-date: /home/unitree/106a_final/install/arm_driver/share/ament_index/resource_index/packages/arm_driver
[3.011s] -- Up-to-date: /home/unitree/106a_final/install/arm_driver/share/arm_driver/cmake/arm_driverConfig.cmake
[3.011s] -- Up-to-date: /home/unitree/106a_final/install/arm_driver/share/arm_driver/cmake/arm_driverConfig-version.cmake
[3.011s] -- Up-to-date: /home/unitree/106a_final/install/arm_driver/share/arm_driver/package.xml
[3.026s] Invoked command in '/home/unitree/106a_final/build/arm_driver' returned '0': CMAKE_PREFIX_PATH=${CMAKE_PREFIX_PATH}:/opt/ros/foxy /usr/bin/cmake --install /home/unitree/106a_final/build/arm_driver
