[11.448s] Invoking command in '/home/unitree/106a_final/src/arm_control': PYTHONPATH=/home/unitree/106a_final/build/arm_control/prefix_override:/home/unitree/106a_final/install/arm_control/lib/python3.8/site-packages:${PYTHONPATH} /usr/bin/python3 setup.py egg_info --egg-base ../../build/arm_control build --build-base /home/unitree/106a_final/build/arm_control/build install --record /home/unitree/106a_final/build/arm_control/install.log --install-scripts $base/lib/arm_control --single-version-externally-managed
[12.816s] running egg_info
[12.817s] writing ../../build/arm_control/arm_control.egg-info/PKG-INFO
[12.818s] writing dependency_links to ../../build/arm_control/arm_control.egg-info/dependency_links.txt
[12.819s] writing entry points to ../../build/arm_control/arm_control.egg-info/entry_points.txt
[12.838s] writing requirements to ../../build/arm_control/arm_control.egg-info/requires.txt
[12.838s] writing top-level names to ../../build/arm_control/arm_control.egg-info/top_level.txt
[13.008s] reading manifest file '../../build/arm_control/arm_control.egg-info/SOURCES.txt'
[13.008s] writing manifest file '../../build/arm_control/arm_control.egg-info/SOURCES.txt'
[13.008s] running build
[13.008s] running build_py
[13.009s] running install
[13.009s] running install_lib
[13.028s] running install_data
[13.030s] running install_egg_info
[13.035s] removing '/home/unitree/106a_final/install/arm_control/lib/python3.8/site-packages/arm_control-0.0.0-py3.8.egg-info' (and everything under it)
[13.036s] Copying ../../build/arm_control/arm_control.egg-info to /home/unitree/106a_final/install/arm_control/lib/python3.8/site-packages/arm_control-0.0.0-py3.8.egg-info
[13.045s] running install_scripts
[13.128s] Installing arm_node script to /home/unitree/106a_final/install/arm_control/lib/arm_control
[13.129s] Installing servo_driver script to /home/unitree/106a_final/install/arm_control/lib/arm_control
[13.131s] writing list of installed files to '/home/unitree/106a_final/build/arm_control/install.log'
[15.303s] Invoked command in '/home/unitree/106a_final/src/arm_control' returned '0': PYTHONPATH=/home/unitree/106a_final/build/arm_control/prefix_override:/home/unitree/106a_final/install/arm_control/lib/python3.8/site-packages:${PYTHONPATH} /usr/bin/python3 setup.py egg_info --egg-base ../../build/arm_control build --build-base /home/unitree/106a_final/build/arm_control/build install --record /home/unitree/106a_final/build/arm_control/install.log --install-scripts $base/lib/arm_control --single-version-externally-managed
