[9.301s] Invoking command in '/home/unitree/106a_final/src/go2_bringup': PYTHONPATH=/home/unitree/106a_final/build/go2_bringup/prefix_override:/home/unitree/106a_final/install/go2_bringup/lib/python3.8/site-packages:${PYTHONPATH} /usr/bin/python3 setup.py egg_info --egg-base ../../build/go2_bringup build --build-base /home/unitree/106a_final/build/go2_bringup/build install --record /home/unitree/106a_final/build/go2_bringup/install.log --install-scripts $base/lib/go2_bringup --single-version-externally-managed
[10.153s] running egg_info
[10.165s] writing ../../build/go2_bringup/go2_bringup.egg-info/PKG-INFO
[10.171s] writing dependency_links to ../../build/go2_bringup/go2_bringup.egg-info/dependency_links.txt
[10.173s] writing entry points to ../../build/go2_bringup/go2_bringup.egg-info/entry_points.txt
[10.174s] writing requirements to ../../build/go2_bringup/go2_bringup.egg-info/requires.txt
[10.174s] writing top-level names to ../../build/go2_bringup/go2_bringup.egg-info/top_level.txt
[10.299s] reading manifest file '../../build/go2_bringup/go2_bringup.egg-info/SOURCES.txt'
[10.302s] writing manifest file '../../build/go2_bringup/go2_bringup.egg-info/SOURCES.txt'
[10.302s] running build
[10.302s] running build_py
[10.302s] running install
[10.305s] running install_lib
[10.311s] running install_data
[10.313s] creating /home/unitree/106a_final/install/go2_bringup/share/go2_bringup/launch
[10.313s] copying launch/go2_full_bringup.launch.py -> /home/unitree/106a_final/install/go2_bringup/share/go2_bringup/launch
[10.313s] running install_egg_info
[10.325s] removing '/home/unitree/106a_final/install/go2_bringup/lib/python3.8/site-packages/go2_bringup-0.0.0-py3.8.egg-info' (and everything under it)
[10.326s] Copying ../../build/go2_bringup/go2_bringup.egg-info to /home/unitree/106a_final/install/go2_bringup/lib/python3.8/site-packages/go2_bringup-0.0.0-py3.8.egg-info
[10.326s] running install_scripts
[10.375s] writing list of installed files to '/home/unitree/106a_final/build/go2_bringup/install.log'
[10.477s] Invoked command in '/home/unitree/106a_final/src/go2_bringup' returned '0': PYTHONPATH=/home/unitree/106a_final/build/go2_bringup/prefix_override:/home/unitree/106a_final/install/go2_bringup/lib/python3.8/site-packages:${PYTHONPATH} /usr/bin/python3 setup.py egg_info --egg-base ../../build/go2_bringup build --build-base /home/unitree/106a_final/build/go2_bringup/build install --record /home/unitree/106a_final/build/go2_bringup/install.log --install-scripts $base/lib/go2_bringup --single-version-externally-managed
