[1.854s] Invoking command in '/home/unitree/106a_final/build/arm_driver': CMAKE_PREFIX_PATH=${CMAKE_PREFIX_PATH}:/opt/ros/foxy /usr/bin/cmake --build /home/unitree/106a_final/build/arm_driver -- -j4 -l4
[2.639s] make: Warning: File 'Makefile' has modification time 1764653215 s in the future
[2.639s] make[1]: Warning: File 'CMakeFiles/Makefile2' has modification time 1764653215 s in the future
[2.640s] make[2]: Warning: File 'CMakeFiles/d1_wrapper.dir/flags.make' has modification time 1764653215 s in the future
[2.640s] make[2]: warning:  Clock skew detected.  Your build may be incomplete.
[2.641s] make[2]: Warning: File 'CMakeFiles/d1_wrapper.dir/flags.make' has modification time 1764653215 s in the future
[2.641s] make[2]: warning:  Clock skew detected.  Your build may be incomplete.
[2.641s] make[2]: Warning: File 'CMakeFiles/servo_driver.dir/flags.make' has modification time 1764653215 s in the future
[2.641s] make[2]: warning:  Clock skew detected.  Your build may be incomplete.
[2.644s] make[2]: Warning: File 'CMakeFiles/servo_driver.dir/flags.make' has modification time 1764653215 s in the future
[2.645s] make[2]: warning:  Clock skew detected.  Your build may be incomplete.
[2.645s] make[1]: warning:  Clock skew detected.  Your build may be incomplete.
[2.645s] make: warning:  Clock skew detected.  Your build may be incomplete.
[2.645s] [ 66%] Built target d1_wrapper
[2.646s] [100%] Built target servo_driver
[2.650s] Invoked command in '/home/unitree/106a_final/build/arm_driver' returned '0': CMAKE_PREFIX_PATH=${CMAKE_PREFIX_PATH}:/opt/ros/foxy /usr/bin/cmake --build /home/unitree/106a_final/build/arm_driver -- -j4 -l4
[2.676s] Invoking command in '/home/unitree/106a_final/build/arm_driver': CMAKE_PREFIX_PATH=${CMAKE_PREFIX_PATH}:/opt/ros/foxy /usr/bin/cmake --install /home/unitree/106a_final/build/arm_driver
[2.697s] -- Install configuration: ""
[2.697s] -- Up-to-date: /home/unitree/106a_final/install/arm_driver/lib/arm_driver/servo_driver
[2.697s] -- Up-to-date: /home/unitree/106a_final/install/arm_driver/share/arm_driver/launch
[2.698s] -- Up-to-date: /home/unitree/106a_final/install/arm_driver/share/arm_driver/launch/arm_driver.launch.py
[2.698s] -- Up-to-date: /home/unitree/106a_final/install/arm_driver/share/ament_index/resource_index/package_run_dependencies/arm_driver
[2.698s] -- Up-to-date: /home/unitree/106a_final/install/arm_driver/share/ament_index/resource_index/parent_prefix_path/arm_driver
[2.698s] -- Up-to-date: /home/unitree/106a_final/install/arm_driver/share/arm_driver/environment/ament_prefix_path.sh
[2.698s] -- Up-to-date: /home/unitree/106a_final/install/arm_driver/share/arm_driver/environment/ament_prefix_path.dsv
[2.699s] -- Up-to-date: /home/unitree/106a_final/install/arm_driver/share/arm_driver/environment/path.sh
[2.699s] -- Up-to-date: /home/unitree/106a_final/install/arm_driver/share/arm_driver/environment/path.dsv
[2.699s] -- Up-to-date: /home/unitree/106a_final/install/arm_driver/share/arm_driver/local_setup.bash
[2.699s] -- Up-to-date: /home/unitree/106a_final/install/arm_driver/share/arm_driver/local_setup.sh
[2.699s] -- Up-to-date: /home/unitree/106a_final/install/arm_driver/share/arm_driver/local_setup.zsh
[2.699s] -- Up-to-date: /home/unitree/106a_final/install/arm_driver/share/arm_driver/local_setup.dsv
[2.699s] -- Installing: /home/unitree/106a_final/install/arm_driver/share/arm_driver/package.dsv
[2.699s] -- Up-to-date: /home/unitree/106a_final/install/arm_driver/share/ament_index/resource_index/packages/arm_driver
[2.700s] -- Up-to-date: /home/unitree/106a_final/install/arm_driver/share/arm_driver/cmake/arm_driverConfig.cmake
[2.700s] -- Up-to-date: /home/unitree/106a_final/install/arm_driver/share/arm_driver/cmake/arm_driverConfig-version.cmake
[2.700s] -- Up-to-date: /home/unitree/106a_final/install/arm_driver/share/arm_driver/package.xml
[2.705s] Invoked command in '/home/unitree/106a_final/build/arm_driver' returned '0': CMAKE_PREFIX_PATH=${CMAKE_PREFIX_PATH}:/opt/ros/foxy /usr/bin/cmake --install /home/unitree/106a_final/build/arm_driver
