[10.020s] Invoking command in '/home/unitree/106a_final/src/vision_node': PYTHONPATH=/home/unitree/106a_final/build/vision_node/prefix_override:/home/unitree/106a_final/install/vision_node/lib/python3.8/site-packages:${PYTHONPATH} /usr/bin/python3 setup.py egg_info --egg-base ../../build/vision_node build --build-base /home/unitree/106a_final/build/vision_node/build install --record /home/unitree/106a_final/build/vision_node/install.log --install-scripts $base/lib/vision_node --single-version-externally-managed
[11.578s] running egg_info
[11.580s] writing ../../build/vision_node/vision_node.egg-info/PKG-INFO
[11.581s] writing dependency_links to ../../build/vision_node/vision_node.egg-info/dependency_links.txt
[11.582s] writing entry points to ../../build/vision_node/vision_node.egg-info/entry_points.txt
[11.582s] writing requirements to ../../build/vision_node/vision_node.egg-info/requires.txt
[11.583s] writing top-level names to ../../build/vision_node/vision_node.egg-info/top_level.txt
[11.744s] reading manifest file '../../build/vision_node/vision_node.egg-info/SOURCES.txt'
[11.746s] writing manifest file '../../build/vision_node/vision_node.egg-info/SOURCES.txt'
[11.747s] running build
[11.747s] running build_py
[11.748s] running install
[11.751s] running install_lib
[11.755s] running install_data
[11.756s] running install_egg_info
[11.761s] removing '/home/unitree/106a_final/install/vision_node/lib/python3.8/site-packages/vision_node-0.0.0-py3.8.egg-info' (and everything under it)
[11.762s] Copying ../../build/vision_node/vision_node.egg-info to /home/unitree/106a_final/install/vision_node/lib/python3.8/site-packages/vision_node-0.0.0-py3.8.egg-info
[11.765s] running install_scripts
[11.815s] Installing arm_aruco script to /home/unitree/106a_final/install/vision_node/lib/vision_node
[11.815s] Installing pingpong_node script to /home/unitree/106a_final/install/vision_node/lib/vision_node
[11.816s] writing list of installed files to '/home/unitree/106a_final/build/vision_node/install.log'
[12.535s] Invoked command in '/home/unitree/106a_final/src/vision_node' returned '0': PYTHONPATH=/home/unitree/106a_final/build/vision_node/prefix_override:/home/unitree/106a_final/install/vision_node/lib/python3.8/site-packages:${PYTHONPATH} /usr/bin/python3 setup.py egg_info --egg-base ../../build/vision_node build --build-base /home/unitree/106a_final/build/vision_node/build install --record /home/unitree/106a_final/build/vision_node/install.log --install-scripts $base/lib/vision_node --single-version-externally-managed
