[3.679s] Invoking command in '/home/unitree/106a_final/src/aruco_node': PYTHONPATH=/home/unitree/106a_final/build/aruco_node/prefix_override:/home/unitree/106a_final/install/aruco_node/lib/python3.8/site-packages:${PYTHONPATH} /usr/bin/python3 setup.py egg_info --egg-base ../../build/aruco_node build --build-base /home/unitree/106a_final/build/aruco_node/build install --record /home/unitree/106a_final/build/aruco_node/install.log --single-version-externally-managed
[4.165s] running egg_info
[4.167s] writing ../../build/aruco_node/aruco_node.egg-info/PKG-INFO
[4.168s] writing dependency_links to ../../build/aruco_node/aruco_node.egg-info/dependency_links.txt
[4.168s] writing entry points to ../../build/aruco_node/aruco_node.egg-info/entry_points.txt
[4.169s] writing requirements to ../../build/aruco_node/aruco_node.egg-info/requires.txt
[4.169s] writing top-level names to ../../build/aruco_node/aruco_node.egg-info/top_level.txt
[4.232s] reading manifest file '../../build/aruco_node/aruco_node.egg-info/SOURCES.txt'
[4.233s] writing manifest file '../../build/aruco_node/aruco_node.egg-info/SOURCES.txt'
[4.234s] running build
[4.235s] running build_py
[4.235s] running install
[4.237s] running install_lib
[4.241s] running install_data
[4.242s] running install_egg_info
[4.246s] removing '/home/unitree/106a_final/install/aruco_node/lib/python3.8/site-packages/aruco_node-0.0.0-py3.8.egg-info' (and everything under it)
[4.247s] Copying ../../build/aruco_node/aruco_node.egg-info to /home/unitree/106a_final/install/aruco_node/lib/python3.8/site-packages/aruco_node-0.0.0-py3.8.egg-info
[4.249s] running install_scripts
[4.287s] Installing aruco script to /home/unitree/106a_final/install/aruco_node/lib/aruco_node
[4.288s] writing list of installed files to '/home/unitree/106a_final/build/aruco_node/install.log'
[5.384s] Invoked command in '/home/unitree/106a_final/src/aruco_node' returned '0': PYTHONPATH=/home/unitree/106a_final/build/aruco_node/prefix_override:/home/unitree/106a_final/install/aruco_node/lib/python3.8/site-packages:${PYTHONPATH} /usr/bin/python3 setup.py egg_info --egg-base ../../build/aruco_node build --build-base /home/unitree/106a_final/build/aruco_node/build install --record /home/unitree/106a_final/build/aruco_node/install.log --single-version-externally-managed
