[5.793s] Invoking command in '/home/unitree/106a_final/src/navigation_node_three': PYTHONPATH=/home/unitree/106a_final/build/navigation_node_three/prefix_override:/home/unitree/106a_final/install/navigation_node_three/lib/python3.8/site-packages:${PYTHONPATH} /usr/bin/python3 setup.py egg_info --egg-base ../../build/navigation_node_three build --build-base /home/unitree/106a_final/build/navigation_node_three/build install --record /home/unitree/106a_final/build/navigation_node_three/install.log --install-scripts $base/lib/navigation_node_three --single-version-externally-managed
[6.385s] running egg_info
[6.386s] writing ../../build/navigation_node_three/navigation_node_three.egg-info/PKG-INFO
[6.386s] writing dependency_links to ../../build/navigation_node_three/navigation_node_three.egg-info/dependency_links.txt
[6.387s] writing entry points to ../../build/navigation_node_three/navigation_node_three.egg-info/entry_points.txt
[6.387s] writing requirements to ../../build/navigation_node_three/navigation_node_three.egg-info/requires.txt
[6.387s] writing top-level names to ../../build/navigation_node_three/navigation_node_three.egg-info/top_level.txt
[6.462s] reading manifest file '../../build/navigation_node_three/navigation_node_three.egg-info/SOURCES.txt'
[6.463s] writing manifest file '../../build/navigation_node_three/navigation_node_three.egg-info/SOURCES.txt'
[6.464s] running build
[6.464s] running build_py
[6.465s] running install
[6.466s] running install_lib
[6.471s] running install_data
[6.471s] running install_egg_info
[6.480s] removing '/home/unitree/106a_final/install/navigation_node_three/lib/python3.8/site-packages/navigation_node_three-0.0.0-py3.8.egg-info' (and everything under it)
[6.480s] Copying ../../build/navigation_node_three/navigation_node_three.egg-info to /home/unitree/106a_final/install/navigation_node_three/lib/python3.8/site-packages/navigation_node_three-0.0.0-py3.8.egg-info
[6.481s] running install_scripts
[6.524s] Installing navigator script to /home/unitree/106a_final/install/navigation_node_three/lib/navigation_node_three
[6.526s] writing list of installed files to '/home/unitree/106a_final/build/navigation_node_three/install.log'
[7.158s] Invoked command in '/home/unitree/106a_final/src/navigation_node_three' returned '0': PYTHONPATH=/home/unitree/106a_final/build/navigation_node_three/prefix_override:/home/unitree/106a_final/install/navigation_node_three/lib/python3.8/site-packages:${PYTHONPATH} /usr/bin/python3 setup.py egg_info --egg-base ../../build/navigation_node_three build --build-base /home/unitree/106a_final/build/navigation_node_three/build install --record /home/unitree/106a_final/build/navigation_node_three/install.log --install-scripts $base/lib/navigation_node_three --single-version-externally-managed
