[8.150s] Invoking command in '/home/unitree/106a_final/src/aruco_node': PYTHONPATH=/home/unitree/106a_final/build/aruco_node/prefix_override:/home/unitree/106a_final/install/aruco_node/lib/python3.8/site-packages:${PYTHONPATH} /usr/bin/python3 setup.py egg_info --egg-base ../../build/aruco_node build --build-base /home/unitree/106a_final/build/aruco_node/build install --record /home/unitree/106a_final/build/aruco_node/install.log --single-version-externally-managed
[9.798s] running egg_info
[9.798s] writing ../../build/aruco_node/aruco_node.egg-info/PKG-INFO
[9.798s] writing dependency_links to ../../build/aruco_node/aruco_node.egg-info/dependency_links.txt
[9.799s] writing entry points to ../../build/aruco_node/aruco_node.egg-info/entry_points.txt
[9.799s] writing requirements to ../../build/aruco_node/aruco_node.egg-info/requires.txt
[9.799s] writing top-level names to ../../build/aruco_node/aruco_node.egg-info/top_level.txt
[9.799s] reading manifest file '../../build/aruco_node/aruco_node.egg-info/SOURCES.txt'
[9.799s] writing manifest file '../../build/aruco_node/aruco_node.egg-info/SOURCES.txt'
[9.799s] running build
[9.799s] running build_py
[9.800s] running install
[9.800s] running install_lib
[9.800s] running install_data
[9.800s] running install_egg_info
[9.800s] removing '/home/unitree/106a_final/install/aruco_node/lib/python3.8/site-packages/aruco_node-0.0.0-py3.8.egg-info' (and everything under it)
[9.800s] Copying ../../build/aruco_node/aruco_node.egg-info to /home/unitree/106a_final/install/aruco_node/lib/python3.8/site-packages/aruco_node-0.0.0-py3.8.egg-info
[9.800s] running install_scripts
[9.800s] Installing aruco script to /home/unitree/106a_final/install/aruco_node/lib/aruco_node
[9.801s] writing list of installed files to '/home/unitree/106a_final/build/aruco_node/install.log'
[11.351s] Invoked command in '/home/unitree/106a_final/src/aruco_node' returned '0': PYTHONPATH=/home/unitree/106a_final/build/aruco_node/prefix_override:/home/unitree/106a_final/install/aruco_node/lib/python3.8/site-packages:${PYTHONPATH} /usr/bin/python3 setup.py egg_info --egg-base ../../build/aruco_node build --build-base /home/unitree/106a_final/build/aruco_node/build install --record /home/unitree/106a_final/build/aruco_node/install.log --single-version-externally-managed
