[4.326s] Invoking command in '/home/unitree/106a_final/src/arm_control': PYTHONPATH=/home/unitree/106a_final/build/arm_control/prefix_override:/home/unitree/106a_final/install/arm_control/lib/python3.8/site-packages:${PYTHONPATH} /usr/bin/python3 setup.py egg_info --egg-base ../../build/arm_control build --build-base /home/unitree/106a_final/build/arm_control/build install --record /home/unitree/106a_final/build/arm_control/install.log --install-scripts $base/lib/arm_control --single-version-externally-managed
[4.769s] running egg_info
[4.770s] writing ../../build/arm_control/arm_control.egg-info/PKG-INFO
[4.771s] writing dependency_links to ../../build/arm_control/arm_control.egg-info/dependency_links.txt
[4.771s] writing entry points to ../../build/arm_control/arm_control.egg-info/entry_points.txt
[4.771s] writing requirements to ../../build/arm_control/arm_control.egg-info/requires.txt
[4.771s] writing top-level names to ../../build/arm_control/arm_control.egg-info/top_level.txt
[4.842s] reading manifest file '../../build/arm_control/arm_control.egg-info/SOURCES.txt'
[4.843s] writing manifest file '../../build/arm_control/arm_control.egg-info/SOURCES.txt'
[4.843s] running build
[4.844s] running build_py
[4.845s] running install
[4.846s] running install_lib
[4.847s] running install_data
[4.847s] running install_egg_info
[4.848s] removing '/home/unitree/106a_final/install/arm_control/lib/python3.8/site-packages/arm_control-0.0.0-py3.8.egg-info' (and everything under it)
[4.848s] Copying ../../build/arm_control/arm_control.egg-info to /home/unitree/106a_final/install/arm_control/lib/python3.8/site-packages/arm_control-0.0.0-py3.8.egg-info
[4.849s] running install_scripts
[4.887s] Installing arm_node script to /home/unitree/106a_final/install/arm_control/lib/arm_control
[4.887s] Installing servo_driver script to /home/unitree/106a_final/install/arm_control/lib/arm_control
[4.888s] writing list of installed files to '/home/unitree/106a_final/build/arm_control/install.log'
[5.775s] Invoked command in '/home/unitree/106a_final/src/arm_control' returned '0': PYTHONPATH=/home/unitree/106a_final/build/arm_control/prefix_override:/home/unitree/106a_final/install/arm_control/lib/python3.8/site-packages:${PYTHONPATH} /usr/bin/python3 setup.py egg_info --egg-base ../../build/arm_control build --build-base /home/unitree/106a_final/build/arm_control/build install --record /home/unitree/106a_final/build/arm_control/install.log --install-scripts $base/lib/arm_control --single-version-externally-managed
