[5.897s] Invoking command in '/home/unitree/106a_final/src/navigation_node': PYTHONPATH=/home/unitree/106a_final/build/navigation_node/prefix_override:/home/unitree/106a_final/install/navigation_node/lib/python3.8/site-packages:${PYTHONPATH} /usr/bin/python3 setup.py egg_info --egg-base ../../build/navigation_node build --build-base /home/unitree/106a_final/build/navigation_node/build install --record /home/unitree/106a_final/build/navigation_node/install.log --install-scripts $base/lib/navigation_node --single-version-externally-managed
[6.664s] running egg_info
[6.666s] writing ../../build/navigation_node/navigation_node.egg-info/PKG-INFO
[6.666s] writing dependency_links to ../../build/navigation_node/navigation_node.egg-info/dependency_links.txt
[6.666s] writing entry points to ../../build/navigation_node/navigation_node.egg-info/entry_points.txt
[6.667s] writing requirements to ../../build/navigation_node/navigation_node.egg-info/requires.txt
[6.667s] writing top-level names to ../../build/navigation_node/navigation_node.egg-info/top_level.txt
[6.826s] reading manifest file '../../build/navigation_node/navigation_node.egg-info/SOURCES.txt'
[6.828s] writing manifest file '../../build/navigation_node/navigation_node.egg-info/SOURCES.txt'
[6.840s] running build
[6.841s] running build_py
[6.841s] running install
[6.843s] running install_lib
[6.848s] running install_data
[6.849s] running install_egg_info
[6.853s] removing '/home/unitree/106a_final/install/navigation_node/lib/python3.8/site-packages/navigation_node-0.0.0-py3.8.egg-info' (and everything under it)
[6.854s] Copying ../../build/navigation_node/navigation_node.egg-info to /home/unitree/106a_final/install/navigation_node/lib/python3.8/site-packages/navigation_node-0.0.0-py3.8.egg-info
[6.869s] running install_scripts
[6.955s] Installing nav_node_go script to /home/unitree/106a_final/install/navigation_node/lib/navigation_node
[6.956s] writing list of installed files to '/home/unitree/106a_final/build/navigation_node/install.log'
[7.581s] Invoked command in '/home/unitree/106a_final/src/navigation_node' returned '0': PYTHONPATH=/home/unitree/106a_final/build/navigation_node/prefix_override:/home/unitree/106a_final/install/navigation_node/lib/python3.8/site-packages:${PYTHONPATH} /usr/bin/python3 setup.py egg_info --egg-base ../../build/navigation_node build --build-base /home/unitree/106a_final/build/navigation_node/build install --record /home/unitree/106a_final/build/navigation_node/install.log --install-scripts $base/lib/navigation_node --single-version-externally-managed
