[9.214s] Invoking command in '/home/unitree/106a_final/src/navigation_node_three': PYTHONPATH=/home/unitree/106a_final/build/navigation_node_three/prefix_override:/home/unitree/106a_final/install/navigation_node_three/lib/python3.8/site-packages:${PYTHONPATH} /usr/bin/python3 setup.py egg_info --egg-base ../../build/navigation_node_three build --build-base /home/unitree/106a_final/build/navigation_node_three/build install --record /home/unitree/106a_final/build/navigation_node_three/install.log --install-scripts $base/lib/navigation_node_three --single-version-externally-managed
[10.247s] running egg_info
[10.249s] writing ../../build/navigation_node_three/navigation_node_three.egg-info/PKG-INFO
[10.249s] writing dependency_links to ../../build/navigation_node_three/navigation_node_three.egg-info/dependency_links.txt
[10.249s] writing entry points to ../../build/navigation_node_three/navigation_node_three.egg-info/entry_points.txt
[10.250s] writing requirements to ../../build/navigation_node_three/navigation_node_three.egg-info/requires.txt
[10.250s] writing top-level names to ../../build/navigation_node_three/navigation_node_three.egg-info/top_level.txt
[10.439s] reading manifest file '../../build/navigation_node_three/navigation_node_three.egg-info/SOURCES.txt'
[10.441s] writing manifest file '../../build/navigation_node_three/navigation_node_three.egg-info/SOURCES.txt'
[10.441s] running build
[10.441s] running build_py
[10.442s] copying navigation_node_three/navigator.py -> /home/unitree/106a_final/build/navigation_node_three/build/lib/navigation_node_three
[10.442s] running install
[10.444s] running install_lib
[10.447s] copying /home/unitree/106a_final/build/navigation_node_three/build/lib/navigation_node_three/navigator.py -> /home/unitree/106a_final/install/navigation_node_three/lib/python3.8/site-packages/navigation_node_three
[10.448s] byte-compiling /home/unitree/106a_final/install/navigation_node_three/lib/python3.8/site-packages/navigation_node_three/navigator.py to navigator.cpython-38.pyc
[10.465s] running install_data
[10.466s] running install_egg_info
[10.482s] removing '/home/unitree/106a_final/install/navigation_node_three/lib/python3.8/site-packages/navigation_node_three-0.0.0-py3.8.egg-info' (and everything under it)
[10.483s] Copying ../../build/navigation_node_three/navigation_node_three.egg-info to /home/unitree/106a_final/install/navigation_node_three/lib/python3.8/site-packages/navigation_node_three-0.0.0-py3.8.egg-info
[10.497s] running install_scripts
[10.643s] Installing navigator script to /home/unitree/106a_final/install/navigation_node_three/lib/navigation_node_three
[10.656s] writing list of installed files to '/home/unitree/106a_final/build/navigation_node_three/install.log'
[10.834s] Invoked command in '/home/unitree/106a_final/src/navigation_node_three' returned '0': PYTHONPATH=/home/unitree/106a_final/build/navigation_node_three/prefix_override:/home/unitree/106a_final/install/navigation_node_three/lib/python3.8/site-packages:${PYTHONPATH} /usr/bin/python3 setup.py egg_info --egg-base ../../build/navigation_node_three build --build-base /home/unitree/106a_final/build/navigation_node_three/build install --record /home/unitree/106a_final/build/navigation_node_three/install.log --install-scripts $base/lib/navigation_node_three --single-version-externally-managed
