[1.935s] Invoking command in '/home/unitree/106a_final/build/base_driver': CMAKE_PREFIX_PATH=${CMAKE_PREFIX_PATH}:/opt/ros/foxy /usr/bin/cmake --build /home/unitree/106a_final/build/base_driver -- -j4 -l4
[1.971s] make: Warning: File 'Makefile' has modification time 1764694597 s in the future
[2.014s] make[1]: Warning: File 'CMakeFiles/Makefile2' has modification time 1764694597 s in the future
[2.018s] make[2]: Warning: File 'CMakeFiles/base_wrapper.dir/flags.make' has modification time 1764694597 s in the future
[2.042s] make[2]: warning:  Clock skew detected.  Your build may be incomplete.
[2.045s] make[2]: Warning: File 'CMakeFiles/base_wrapper.dir/flags.make' has modification time 1764694597 s in the future
[2.045s] make[2]: warning:  Clock skew detected.  Your build may be incomplete.
[2.067s] [ 50%] Built target base_wrapper
[2.072s] make[2]: Warning: File 'CMakeFiles/base_driver.dir/flags.make' has modification time 1764694597 s in the future
[2.098s] make[2]: warning:  Clock skew detected.  Your build may be incomplete.
[2.102s] make[2]: Warning: File 'CMakeFiles/base_driver.dir/flags.make' has modification time 1764694597 s in the future
[2.118s] make[2]: warning:  Clock skew detected.  Your build may be incomplete.
[2.139s] [100%] Built target base_driver
[2.141s] make[1]: warning:  Clock skew detected.  Your build may be incomplete.
[2.162s] make: warning:  Clock skew detected.  Your build may be incomplete.
[3.211s] Invoked command in '/home/unitree/106a_final/build/base_driver' returned '0': CMAKE_PREFIX_PATH=${CMAKE_PREFIX_PATH}:/opt/ros/foxy /usr/bin/cmake --build /home/unitree/106a_final/build/base_driver -- -j4 -l4
[3.216s] Invoking command in '/home/unitree/106a_final/build/base_driver': CMAKE_PREFIX_PATH=${CMAKE_PREFIX_PATH}:/opt/ros/foxy /usr/bin/cmake --install /home/unitree/106a_final/build/base_driver
[3.240s] -- Install configuration: ""
[3.242s] -- Up-to-date: /home/unitree/106a_final/install/base_driver/lib/base_driver/base_driver
[3.243s] -- Up-to-date: /home/unitree/106a_final/install/base_driver/lib/base_driver/libbase_wrapper.a
[3.243s] -- Up-to-date: /home/unitree/106a_final/install/base_driver/include
[3.244s] -- Up-to-date: /home/unitree/106a_final/install/base_driver/include/base_driver
[3.253s] -- Up-to-date: /home/unitree/106a_final/install/base_driver/share/ament_index/resource_index/package_run_dependencies/base_driver
[3.253s] -- Up-to-date: /home/unitree/106a_final/install/base_driver/share/ament_index/resource_index/parent_prefix_path/base_driver
[3.253s] -- Up-to-date: /home/unitree/106a_final/install/base_driver/share/base_driver/environment/ament_prefix_path.sh
[3.253s] -- Up-to-date: /home/unitree/106a_final/install/base_driver/share/base_driver/environment/ament_prefix_path.dsv
[3.254s] -- Up-to-date: /home/unitree/106a_final/install/base_driver/share/base_driver/environment/path.sh
[3.254s] -- Up-to-date: /home/unitree/106a_final/install/base_driver/share/base_driver/environment/path.dsv
[3.254s] -- Up-to-date: /home/unitree/106a_final/install/base_driver/share/base_driver/local_setup.bash
[3.254s] -- Up-to-date: /home/unitree/106a_final/install/base_driver/share/base_driver/local_setup.sh
[3.254s] -- Up-to-date: /home/unitree/106a_final/install/base_driver/share/base_driver/local_setup.zsh
[3.254s] -- Up-to-date: /home/unitree/106a_final/install/base_driver/share/base_driver/local_setup.dsv
[3.254s] -- Installing: /home/unitree/106a_final/install/base_driver/share/base_driver/package.dsv
[3.254s] -- Up-to-date: /home/unitree/106a_final/install/base_driver/share/ament_index/resource_index/packages/base_driver
[3.255s] -- Up-to-date: /home/unitree/106a_final/install/base_driver/share/base_driver/cmake/base_driverConfig.cmake
[3.255s] -- Up-to-date: /home/unitree/106a_final/install/base_driver/share/base_driver/cmake/base_driverConfig-version.cmake
[3.255s] -- Up-to-date: /home/unitree/106a_final/install/base_driver/share/base_driver/package.xml
[4.090s] Invoked command in '/home/unitree/106a_final/build/base_driver' returned '0': CMAKE_PREFIX_PATH=${CMAKE_PREFIX_PATH}:/opt/ros/foxy /usr/bin/cmake --install /home/unitree/106a_final/build/base_driver
