[11.976s] Invoking command in '/home/unitree/106a_final/src/arm_control': PYTHONPATH=/home/unitree/106a_final/build/arm_control/prefix_override:/home/unitree/106a_final/install/arm_control/lib/python3.8/site-packages:${PYTHONPATH} /usr/bin/python3 setup.py egg_info --egg-base ../../build/arm_control build --build-base /home/unitree/106a_final/build/arm_control/build install --record /home/unitree/106a_final/build/arm_control/install.log --install-scripts $base/lib/arm_control --single-version-externally-managed
[13.718s] running egg_info
[13.743s] writing ../../build/arm_control/arm_control.egg-info/PKG-INFO
[13.744s] writing dependency_links to ../../build/arm_control/arm_control.egg-info/dependency_links.txt
[13.744s] writing entry points to ../../build/arm_control/arm_control.egg-info/entry_points.txt
[13.765s] writing requirements to ../../build/arm_control/arm_control.egg-info/requires.txt
[13.766s] writing top-level names to ../../build/arm_control/arm_control.egg-info/top_level.txt
[13.903s] reading manifest file '../../build/arm_control/arm_control.egg-info/SOURCES.txt'
[13.905s] writing manifest file '../../build/arm_control/arm_control.egg-info/SOURCES.txt'
[13.905s] running build
[13.906s] running build_py
[13.906s] running install
[13.908s] running install_lib
[13.911s] running install_data
[13.912s] running install_egg_info
[13.916s] removing '/home/unitree/106a_final/install/arm_control/lib/python3.8/site-packages/arm_control-0.0.0-py3.8.egg-info' (and everything under it)
[13.917s] Copying ../../build/arm_control/arm_control.egg-info to /home/unitree/106a_final/install/arm_control/lib/python3.8/site-packages/arm_control-0.0.0-py3.8.egg-info
[13.919s] running install_scripts
[13.968s] Installing arm_node script to /home/unitree/106a_final/install/arm_control/lib/arm_control
[13.969s] Installing servo_driver script to /home/unitree/106a_final/install/arm_control/lib/arm_control
[13.970s] writing list of installed files to '/home/unitree/106a_final/build/arm_control/install.log'
[16.847s] Invoked command in '/home/unitree/106a_final/src/arm_control' returned '0': PYTHONPATH=/home/unitree/106a_final/build/arm_control/prefix_override:/home/unitree/106a_final/install/arm_control/lib/python3.8/site-packages:${PYTHONPATH} /usr/bin/python3 setup.py egg_info --egg-base ../../build/arm_control build --build-base /home/unitree/106a_final/build/arm_control/build install --record /home/unitree/106a_final/build/arm_control/install.log --install-scripts $base/lib/arm_control --single-version-externally-managed
