[1.296s] Invoking command in '/home/unitree/106a_final/build/arm_driver': /usr/bin/cmake --build /home/unitree/106a_final/build/arm_driver -- -j4 -l4
[1.903s] [ 66%] Built target d1_wrapper
[1.904s] [100%] Built target servo_driver
[1.913s] make: Warning: File 'Makefile' has modification time 1764673751 s in the future
[1.913s] make[1]: Warning: File 'CMakeFiles/Makefile2' has modification time 1764673751 s in the future
[1.913s] make[2]: Warning: File 'CMakeFiles/d1_wrapper.dir/flags.make' has modification time 1764673751 s in the future
[1.914s] make[2]: warning:  Clock skew detected.  Your build may be incomplete.
[1.914s] make[2]: Warning: File 'CMakeFiles/d1_wrapper.dir/flags.make' has modification time 1764673751 s in the future
[1.914s] make[2]: warning:  Clock skew detected.  Your build may be incomplete.
[1.914s] make[2]: Warning: File 'CMakeFiles/servo_driver.dir/flags.make' has modification time 1764673751 s in the future
[1.914s] make[2]: warning:  Clock skew detected.  Your build may be incomplete.
[1.914s] make[2]: Warning: File 'CMakeFiles/servo_driver.dir/flags.make' has modification time 1764673751 s in the future
[1.914s] make[2]: warning:  Clock skew detected.  Your build may be incomplete.
[1.914s] make[1]: warning:  Clock skew detected.  Your build may be incomplete.
[1.915s] make: warning:  Clock skew detected.  Your build may be incomplete.
[1.922s] Invoked command in '/home/unitree/106a_final/build/arm_driver' returned '0': /usr/bin/cmake --build /home/unitree/106a_final/build/arm_driver -- -j4 -l4
[1.954s] Invoking command in '/home/unitree/106a_final/build/arm_driver': /usr/bin/cmake --install /home/unitree/106a_final/build/arm_driver
[1.984s] -- Install configuration: ""
[1.984s] -- Up-to-date: /home/unitree/106a_final/install/arm_driver/lib/arm_driver/servo_driver
[1.984s] -- Up-to-date: /home/unitree/106a_final/install/arm_driver/share/arm_driver/launch
[1.985s] -- Up-to-date: /home/unitree/106a_final/install/arm_driver/share/arm_driver/launch/arm_driver.launch.py
[1.985s] -- Up-to-date: /home/unitree/106a_final/install/arm_driver/share/ament_index/resource_index/package_run_dependencies/arm_driver
[1.985s] -- Up-to-date: /home/unitree/106a_final/install/arm_driver/share/ament_index/resource_index/parent_prefix_path/arm_driver
[1.985s] -- Up-to-date: /home/unitree/106a_final/install/arm_driver/share/arm_driver/environment/ament_prefix_path.sh
[1.985s] -- Up-to-date: /home/unitree/106a_final/install/arm_driver/share/arm_driver/environment/ament_prefix_path.dsv
[1.985s] -- Up-to-date: /home/unitree/106a_final/install/arm_driver/share/arm_driver/environment/path.sh
[1.985s] -- Up-to-date: /home/unitree/106a_final/install/arm_driver/share/arm_driver/environment/path.dsv
[1.986s] -- Up-to-date: /home/unitree/106a_final/install/arm_driver/share/arm_driver/local_setup.bash
[1.986s] -- Up-to-date: /home/unitree/106a_final/install/arm_driver/share/arm_driver/local_setup.sh
[1.986s] -- Up-to-date: /home/unitree/106a_final/install/arm_driver/share/arm_driver/local_setup.zsh
[1.986s] -- Up-to-date: /home/unitree/106a_final/install/arm_driver/share/arm_driver/local_setup.dsv
[1.987s] -- Installing: /home/unitree/106a_final/install/arm_driver/share/arm_driver/package.dsv
[1.987s] -- Up-to-date: /home/unitree/106a_final/install/arm_driver/share/ament_index/resource_index/packages/arm_driver
[1.987s] -- Up-to-date: /home/unitree/106a_final/install/arm_driver/share/arm_driver/cmake/arm_driverConfig.cmake
[1.987s] -- Up-to-date: /home/unitree/106a_final/install/arm_driver/share/arm_driver/cmake/arm_driverConfig-version.cmake
[1.987s] -- Up-to-date: /home/unitree/106a_final/install/arm_driver/share/arm_driver/package.xml
[2.020s] Invoked command in '/home/unitree/106a_final/build/arm_driver' returned '0': /usr/bin/cmake --install /home/unitree/106a_final/build/arm_driver
