[8.691s] Invoking command in '/home/unitree/106a_final/src/navigation_node_three': PYTHONPATH=/home/unitree/106a_final/build/navigation_node_three/prefix_override:/home/unitree/106a_final/install/navigation_node_three/lib/python3.8/site-packages:${PYTHONPATH} /usr/bin/python3 setup.py egg_info --egg-base ../../build/navigation_node_three build --build-base /home/unitree/106a_final/build/navigation_node_three/build install --record /home/unitree/106a_final/build/navigation_node_three/install.log --install-scripts $base/lib/navigation_node_three --single-version-externally-managed
[9.859s] running egg_info
[9.862s] writing ../../build/navigation_node_three/navigation_node_three.egg-info/PKG-INFO
[9.863s] writing dependency_links to ../../build/navigation_node_three/navigation_node_three.egg-info/dependency_links.txt
[9.864s] writing entry points to ../../build/navigation_node_three/navigation_node_three.egg-info/entry_points.txt
[9.865s] writing requirements to ../../build/navigation_node_three/navigation_node_three.egg-info/requires.txt
[9.865s] writing top-level names to ../../build/navigation_node_three/navigation_node_three.egg-info/top_level.txt
[9.985s] reading manifest file '../../build/navigation_node_three/navigation_node_three.egg-info/SOURCES.txt'
[9.988s] writing manifest file '../../build/navigation_node_three/navigation_node_three.egg-info/SOURCES.txt'
[9.989s] running build
[9.990s] running build_py
[9.991s] running install
[9.994s] running install_lib
[9.997s] running install_data
[10.000s] running install_egg_info
[10.006s] removing '/home/unitree/106a_final/install/navigation_node_three/lib/python3.8/site-packages/navigation_node_three-0.0.0-py3.8.egg-info' (and everything under it)
[10.007s] Copying ../../build/navigation_node_three/navigation_node_three.egg-info to /home/unitree/106a_final/install/navigation_node_three/lib/python3.8/site-packages/navigation_node_three-0.0.0-py3.8.egg-info
[10.011s] running install_scripts
[10.061s] Installing navigator script to /home/unitree/106a_final/install/navigation_node_three/lib/navigation_node_three
[10.063s] writing list of installed files to '/home/unitree/106a_final/build/navigation_node_three/install.log'
[10.167s] Invoked command in '/home/unitree/106a_final/src/navigation_node_three' returned '0': PYTHONPATH=/home/unitree/106a_final/build/navigation_node_three/prefix_override:/home/unitree/106a_final/install/navigation_node_three/lib/python3.8/site-packages:${PYTHONPATH} /usr/bin/python3 setup.py egg_info --egg-base ../../build/navigation_node_three build --build-base /home/unitree/106a_final/build/navigation_node_three/build install --record /home/unitree/106a_final/build/navigation_node_three/install.log --install-scripts $base/lib/navigation_node_three --single-version-externally-managed
