[6.850s] Invoking command in '/home/unitree/106a_final/src/navigation_node': PYTHONPATH=/home/unitree/106a_final/build/navigation_node/prefix_override:/home/unitree/106a_final/install/navigation_node/lib/python3.8/site-packages:${PYTHONPATH} /usr/bin/python3 setup.py egg_info --egg-base ../../build/navigation_node build --build-base /home/unitree/106a_final/build/navigation_node/build install --record /home/unitree/106a_final/build/navigation_node/install.log --install-scripts $base/lib/navigation_node --single-version-externally-managed
[7.972s] running egg_info
[7.972s] writing ../../build/navigation_node/navigation_node.egg-info/PKG-INFO
[7.972s] writing dependency_links to ../../build/navigation_node/navigation_node.egg-info/dependency_links.txt
[7.972s] writing entry points to ../../build/navigation_node/navigation_node.egg-info/entry_points.txt
[7.972s] writing requirements to ../../build/navigation_node/navigation_node.egg-info/requires.txt
[7.972s] writing top-level names to ../../build/navigation_node/navigation_node.egg-info/top_level.txt
[8.039s] reading manifest file '../../build/navigation_node/navigation_node.egg-info/SOURCES.txt'
[8.041s] writing manifest file '../../build/navigation_node/navigation_node.egg-info/SOURCES.txt'
[8.042s] running build
[8.042s] running build_py
[8.056s] running install
[8.056s] running install_lib
[8.057s] running install_data
[8.057s] running install_egg_info
[8.057s] removing '/home/unitree/106a_final/install/navigation_node/lib/python3.8/site-packages/navigation_node-0.0.0-py3.8.egg-info' (and everything under it)
[8.057s] Copying ../../build/navigation_node/navigation_node.egg-info to /home/unitree/106a_final/install/navigation_node/lib/python3.8/site-packages/navigation_node-0.0.0-py3.8.egg-info
[8.058s] running install_scripts
[8.107s] Installing nav_node_go script to /home/unitree/106a_final/install/navigation_node/lib/navigation_node
[8.107s] writing list of installed files to '/home/unitree/106a_final/build/navigation_node/install.log'
[9.851s] Invoked command in '/home/unitree/106a_final/src/navigation_node' returned '0': PYTHONPATH=/home/unitree/106a_final/build/navigation_node/prefix_override:/home/unitree/106a_final/install/navigation_node/lib/python3.8/site-packages:${PYTHONPATH} /usr/bin/python3 setup.py egg_info --egg-base ../../build/navigation_node build --build-base /home/unitree/106a_final/build/navigation_node/build install --record /home/unitree/106a_final/build/navigation_node/install.log --install-scripts $base/lib/navigation_node --single-version-externally-managed
