[1.378s] Invoking command in '/home/unitree/106a_final/build/arm_driver': CMAKE_PREFIX_PATH=${CMAKE_PREFIX_PATH}:/home/unitree/106a_final/install/go2_bringup:/home/unitree/106a_final/install/vision_node:/home/unitree/106a_final/install/navigation_return_node:/home/unitree/106a_final/install/navigation_node_two:/home/unitree/106a_final/install/navigation_node_three:/home/unitree/106a_final/install/navigation_node:/home/unitree/106a_final/install/navigatigation_node_three:/home/unitree/106a_final/install/aruco_node:/home/unitree/106a_final/install/arm_control /usr/bin/cmake --build /home/unitree/106a_final/build/arm_driver -- -j4 -l4
[2.057s] [ 66%] Built target d1_wrapper
[2.058s] [100%] Built target servo_driver
[2.058s] make: Warning: File 'Makefile' has modification time 1764673470 s in the future
[2.058s] make[1]: Warning: File 'CMakeFiles/Makefile2' has modification time 1764673470 s in the future
[2.058s] make[2]: Warning: File 'CMakeFiles/d1_wrapper.dir/flags.make' has modification time 1764673470 s in the future
[2.058s] make[2]: warning:  Clock skew detected.  Your build may be incomplete.
[2.059s] make[2]: Warning: File 'CMakeFiles/d1_wrapper.dir/flags.make' has modification time 1764673470 s in the future
[2.059s] make[2]: warning:  Clock skew detected.  Your build may be incomplete.
[2.059s] make[2]: Warning: File 'CMakeFiles/servo_driver.dir/flags.make' has modification time 1764673470 s in the future
[2.059s] make[2]: warning:  Clock skew detected.  Your build may be incomplete.
[2.059s] make[2]: Warning: File 'CMakeFiles/servo_driver.dir/flags.make' has modification time 1764673470 s in the future
[2.059s] make[2]: warning:  Clock skew detected.  Your build may be incomplete.
[2.059s] make[1]: warning:  Clock skew detected.  Your build may be incomplete.
[2.059s] make: warning:  Clock skew detected.  Your build may be incomplete.
[2.061s] Invoked command in '/home/unitree/106a_final/build/arm_driver' returned '0': CMAKE_PREFIX_PATH=${CMAKE_PREFIX_PATH}:/home/unitree/106a_final/install/go2_bringup:/home/unitree/106a_final/install/vision_node:/home/unitree/106a_final/install/navigation_return_node:/home/unitree/106a_final/install/navigation_node_two:/home/unitree/106a_final/install/navigation_node_three:/home/unitree/106a_final/install/navigation_node:/home/unitree/106a_final/install/navigatigation_node_three:/home/unitree/106a_final/install/aruco_node:/home/unitree/106a_final/install/arm_control /usr/bin/cmake --build /home/unitree/106a_final/build/arm_driver -- -j4 -l4
[2.088s] Invoking command in '/home/unitree/106a_final/build/arm_driver': CMAKE_PREFIX_PATH=${CMAKE_PREFIX_PATH}:/home/unitree/106a_final/install/go2_bringup:/home/unitree/106a_final/install/vision_node:/home/unitree/106a_final/install/navigation_return_node:/home/unitree/106a_final/install/navigation_node_two:/home/unitree/106a_final/install/navigation_node_three:/home/unitree/106a_final/install/navigation_node:/home/unitree/106a_final/install/navigatigation_node_three:/home/unitree/106a_final/install/aruco_node:/home/unitree/106a_final/install/arm_control /usr/bin/cmake --install /home/unitree/106a_final/build/arm_driver
[2.106s] -- Install configuration: ""
[2.110s] -- Up-to-date: /home/unitree/106a_final/install/arm_driver/lib/arm_driver/servo_driver
[2.118s] -- Up-to-date: /home/unitree/106a_final/install/arm_driver/share/arm_driver/launch
[2.118s] -- Up-to-date: /home/unitree/106a_final/install/arm_driver/share/arm_driver/launch/arm_driver.launch.py
[2.118s] -- Up-to-date: /home/unitree/106a_final/install/arm_driver/share/ament_index/resource_index/package_run_dependencies/arm_driver
[2.118s] -- Up-to-date: /home/unitree/106a_final/install/arm_driver/share/ament_index/resource_index/parent_prefix_path/arm_driver
[2.119s] -- Up-to-date: /home/unitree/106a_final/install/arm_driver/share/arm_driver/environment/ament_prefix_path.sh
[2.119s] -- Up-to-date: /home/unitree/106a_final/install/arm_driver/share/arm_driver/environment/ament_prefix_path.dsv
[2.119s] -- Up-to-date: /home/unitree/106a_final/install/arm_driver/share/arm_driver/environment/path.sh
[2.119s] -- Up-to-date: /home/unitree/106a_final/install/arm_driver/share/arm_driver/environment/path.dsv
[2.119s] -- Up-to-date: /home/unitree/106a_final/install/arm_driver/share/arm_driver/local_setup.bash
[2.119s] -- Up-to-date: /home/unitree/106a_final/install/arm_driver/share/arm_driver/local_setup.sh
[2.119s] -- Up-to-date: /home/unitree/106a_final/install/arm_driver/share/arm_driver/local_setup.zsh
[2.119s] -- Up-to-date: /home/unitree/106a_final/install/arm_driver/share/arm_driver/local_setup.dsv
[2.120s] -- Installing: /home/unitree/106a_final/install/arm_driver/share/arm_driver/package.dsv
[2.120s] -- Up-to-date: /home/unitree/106a_final/install/arm_driver/share/ament_index/resource_index/packages/arm_driver
[2.120s] -- Up-to-date: /home/unitree/106a_final/install/arm_driver/share/arm_driver/cmake/arm_driverConfig.cmake
[2.120s] -- Up-to-date: /home/unitree/106a_final/install/arm_driver/share/arm_driver/cmake/arm_driverConfig-version.cmake
[2.120s] -- Up-to-date: /home/unitree/106a_final/install/arm_driver/share/arm_driver/package.xml
[2.146s] Invoked command in '/home/unitree/106a_final/build/arm_driver' returned '0': CMAKE_PREFIX_PATH=${CMAKE_PREFIX_PATH}:/home/unitree/106a_final/install/go2_bringup:/home/unitree/106a_final/install/vision_node:/home/unitree/106a_final/install/navigation_return_node:/home/unitree/106a_final/install/navigation_node_two:/home/unitree/106a_final/install/navigation_node_three:/home/unitree/106a_final/install/navigation_node:/home/unitree/106a_final/install/navigatigation_node_three:/home/unitree/106a_final/install/aruco_node:/home/unitree/106a_final/install/arm_control /usr/bin/cmake --install /home/unitree/106a_final/build/arm_driver
