[11.290s] Invoking command in '/home/unitree/106a_final/src/vision_node': PYTHONPATH=/home/unitree/106a_final/build/vision_node/prefix_override:/home/unitree/106a_final/install/vision_node/lib/python3.8/site-packages:${PYTHONPATH} /usr/bin/python3 setup.py egg_info --egg-base ../../build/vision_node build --build-base /home/unitree/106a_final/build/vision_node/build install --record /home/unitree/106a_final/build/vision_node/install.log --install-scripts $base/lib/vision_node --single-version-externally-managed
[13.226s] running egg_info
[13.226s] writing ../../build/vision_node/vision_node.egg-info/PKG-INFO
[13.226s] writing dependency_links to ../../build/vision_node/vision_node.egg-info/dependency_links.txt
[13.226s] writing entry points to ../../build/vision_node/vision_node.egg-info/entry_points.txt
[13.226s] writing requirements to ../../build/vision_node/vision_node.egg-info/requires.txt
[13.227s] writing top-level names to ../../build/vision_node/vision_node.egg-info/top_level.txt
[13.382s] reading manifest file '../../build/vision_node/vision_node.egg-info/SOURCES.txt'
[13.383s] writing manifest file '../../build/vision_node/vision_node.egg-info/SOURCES.txt'
[13.383s] running build
[13.384s] running build_py
[13.384s] running install
[13.385s] running install_lib
[13.407s] running install_data
[13.409s] running install_egg_info
[13.409s] removing '/home/unitree/106a_final/install/vision_node/lib/python3.8/site-packages/vision_node-0.0.0-py3.8.egg-info' (and everything under it)
[13.409s] Copying ../../build/vision_node/vision_node.egg-info to /home/unitree/106a_final/install/vision_node/lib/python3.8/site-packages/vision_node-0.0.0-py3.8.egg-info
[13.409s] running install_scripts
[13.443s] Installing arm_aruco script to /home/unitree/106a_final/install/vision_node/lib/vision_node
[13.461s] Installing pingpong_node script to /home/unitree/106a_final/install/vision_node/lib/vision_node
[13.461s] writing list of installed files to '/home/unitree/106a_final/build/vision_node/install.log'
[14.270s] Invoked command in '/home/unitree/106a_final/src/vision_node' returned '0': PYTHONPATH=/home/unitree/106a_final/build/vision_node/prefix_override:/home/unitree/106a_final/install/vision_node/lib/python3.8/site-packages:${PYTHONPATH} /usr/bin/python3 setup.py egg_info --egg-base ../../build/vision_node build --build-base /home/unitree/106a_final/build/vision_node/build install --record /home/unitree/106a_final/build/vision_node/install.log --install-scripts $base/lib/vision_node --single-version-externally-managed
