running egg_info
creating ../../build/navigation_return_node/navigation_return_node.egg-info
writing ../../build/navigation_return_node/navigation_return_node.egg-info/PKG-INFO
writing dependency_links to ../../build/navigation_return_node/navigation_return_node.egg-info/dependency_links.txt
writing entry points to ../../build/navigation_return_node/navigation_return_node.egg-info/entry_points.txt
writing requirements to ../../build/navigation_return_node/navigation_return_node.egg-info/requires.txt
writing top-level names to ../../build/navigation_return_node/navigation_return_node.egg-info/top_level.txt
writing manifest file '../../build/navigation_return_node/navigation_return_node.egg-info/SOURCES.txt'
reading manifest file '../../build/navigation_return_node/navigation_return_node.egg-info/SOURCES.txt'
writing manifest file '../../build/navigation_return_node/navigation_return_node.egg-info/SOURCES.txt'
running build
running build_py
creating /home/unitree/106a_final/build/navigation_return_node/build
creating /home/unitree/106a_final/build/navigation_return_node/build/lib
creating /home/unitree/106a_final/build/navigation_return_node/build/lib/navigation_return_node
copying navigation_return_node/return_navigator.py -> /home/unitree/106a_final/build/navigation_return_node/build/lib/navigation_return_node
copying navigation_return_node/__init__.py -> /home/unitree/106a_final/build/navigation_return_node/build/lib/navigation_return_node
running install
running install_lib
creating /home/unitree/106a_final/install/navigation_return_node/lib/python3.8/site-packages/navigation_return_node
copying /home/unitree/106a_final/build/navigation_return_node/build/lib/navigation_return_node/return_navigator.py -> /home/unitree/106a_final/install/navigation_return_node/lib/python3.8/site-packages/navigation_return_node
copying /home/unitree/106a_final/build/navigation_return_node/build/lib/navigation_return_node/__init__.py -> /home/unitree/106a_final/install/navigation_return_node/lib/python3.8/site-packages/navigation_return_node
byte-compiling /home/unitree/106a_final/install/navigation_return_node/lib/python3.8/site-packages/navigation_return_node/return_navigator.py to return_navigator.cpython-38.pyc
byte-compiling /home/unitree/106a_final/install/navigation_return_node/lib/python3.8/site-packages/navigation_return_node/__init__.py to __init__.cpython-38.pyc
running install_data
creating /home/unitree/106a_final/install/navigation_return_node/share/ament_index
creating /home/unitree/106a_final/install/navigation_return_node/share/ament_index/resource_index
creating /home/unitree/106a_final/install/navigation_return_node/share/ament_index/resource_index/packages
copying resource/navigation_return_node -> /home/unitree/106a_final/install/navigation_return_node/share/ament_index/resource_index/packages
copying package.xml -> /home/unitree/106a_final/install/navigation_return_node/share/navigation_return_node
running install_egg_info
Copying ../../build/navigation_return_node/navigation_return_node.egg-info to /home/unitree/106a_final/install/navigation_return_node/lib/python3.8/site-packages/navigation_return_node-0.0.0-py3.8.egg-info
running install_scripts
writing list of installed files to '/home/unitree/106a_final/build/navigation_return_node/install.log'
