[6.975s] Invoking command in '/home/unitree/106a_final/src/navigation_return_node': PYTHONPATH=/home/unitree/106a_final/build/navigation_return_node/prefix_override:/home/unitree/106a_final/install/navigation_return_node/lib/python3.8/site-packages:${PYTHONPATH} /usr/bin/python3 setup.py egg_info --egg-base ../../build/navigation_return_node build --build-base /home/unitree/106a_final/build/navigation_return_node/build install --record /home/unitree/106a_final/build/navigation_return_node/install.log --install-scripts $base/lib/navigation_return_node --single-version-externally-managed
[7.942s] running egg_info
[7.943s] creating ../../build/navigation_return_node/navigation_return_node.egg-info
[7.944s] writing ../../build/navigation_return_node/navigation_return_node.egg-info/PKG-INFO
[7.945s] writing dependency_links to ../../build/navigation_return_node/navigation_return_node.egg-info/dependency_links.txt
[7.945s] writing entry points to ../../build/navigation_return_node/navigation_return_node.egg-info/entry_points.txt
[7.945s] writing requirements to ../../build/navigation_return_node/navigation_return_node.egg-info/requires.txt
[7.945s] writing top-level names to ../../build/navigation_return_node/navigation_return_node.egg-info/top_level.txt
[7.955s] writing manifest file '../../build/navigation_return_node/navigation_return_node.egg-info/SOURCES.txt'
[8.011s] reading manifest file '../../build/navigation_return_node/navigation_return_node.egg-info/SOURCES.txt'
[8.013s] writing manifest file '../../build/navigation_return_node/navigation_return_node.egg-info/SOURCES.txt'
[8.014s] running build
[8.014s] running build_py
[8.014s] creating /home/unitree/106a_final/build/navigation_return_node/build
[8.014s] creating /home/unitree/106a_final/build/navigation_return_node/build/lib
[8.014s] creating /home/unitree/106a_final/build/navigation_return_node/build/lib/navigation_return_node
[8.015s] copying navigation_return_node/return_navigator.py -> /home/unitree/106a_final/build/navigation_return_node/build/lib/navigation_return_node
[8.015s] copying navigation_return_node/__init__.py -> /home/unitree/106a_final/build/navigation_return_node/build/lib/navigation_return_node
[8.015s] running install
[8.018s] running install_lib
[8.026s] creating /home/unitree/106a_final/install/navigation_return_node/lib/python3.8/site-packages/navigation_return_node
[8.028s] copying /home/unitree/106a_final/build/navigation_return_node/build/lib/navigation_return_node/return_navigator.py -> /home/unitree/106a_final/install/navigation_return_node/lib/python3.8/site-packages/navigation_return_node
[8.033s] copying /home/unitree/106a_final/build/navigation_return_node/build/lib/navigation_return_node/__init__.py -> /home/unitree/106a_final/install/navigation_return_node/lib/python3.8/site-packages/navigation_return_node
[8.033s] byte-compiling /home/unitree/106a_final/install/navigation_return_node/lib/python3.8/site-packages/navigation_return_node/return_navigator.py to return_navigator.cpython-38.pyc
[8.033s] byte-compiling /home/unitree/106a_final/install/navigation_return_node/lib/python3.8/site-packages/navigation_return_node/__init__.py to __init__.cpython-38.pyc
[8.033s] running install_data
[8.034s] creating /home/unitree/106a_final/install/navigation_return_node/share/ament_index
[8.034s] creating /home/unitree/106a_final/install/navigation_return_node/share/ament_index/resource_index
[8.034s] creating /home/unitree/106a_final/install/navigation_return_node/share/ament_index/resource_index/packages
[8.034s] copying resource/navigation_return_node -> /home/unitree/106a_final/install/navigation_return_node/share/ament_index/resource_index/packages
[8.034s] copying package.xml -> /home/unitree/106a_final/install/navigation_return_node/share/navigation_return_node
[8.034s] running install_egg_info
[8.035s] Copying ../../build/navigation_return_node/navigation_return_node.egg-info to /home/unitree/106a_final/install/navigation_return_node/lib/python3.8/site-packages/navigation_return_node-0.0.0-py3.8.egg-info
[8.035s] running install_scripts
[8.080s] writing list of installed files to '/home/unitree/106a_final/build/navigation_return_node/install.log'
[8.779s] Invoked command in '/home/unitree/106a_final/src/navigation_return_node' returned '0': PYTHONPATH=/home/unitree/106a_final/build/navigation_return_node/prefix_override:/home/unitree/106a_final/install/navigation_return_node/lib/python3.8/site-packages:${PYTHONPATH} /usr/bin/python3 setup.py egg_info --egg-base ../../build/navigation_return_node build --build-base /home/unitree/106a_final/build/navigation_return_node/build install --record /home/unitree/106a_final/build/navigation_return_node/install.log --install-scripts $base/lib/navigation_return_node --single-version-externally-managed
