[19.976s] Invoking command in '/home/unitree/106a_final/src/navigation_node_three': PYTHONPATH=/home/unitree/106a_final/build/navigation_node_three/prefix_override:/home/unitree/106a_final/install/navigation_node_three/lib/python3.8/site-packages:${PYTHONPATH} /usr/bin/python3 setup.py egg_info --egg-base ../../build/navigation_node_three build --build-base /home/unitree/106a_final/build/navigation_node_three/build install --record /home/unitree/106a_final/build/navigation_node_three/install.log --install-scripts $base/lib/navigation_node_three --single-version-externally-managed
[21.815s] running egg_info
[21.816s] writing ../../build/navigation_node_three/navigation_node_three.egg-info/PKG-INFO
[21.817s] writing dependency_links to ../../build/navigation_node_three/navigation_node_three.egg-info/dependency_links.txt
[21.817s] writing entry points to ../../build/navigation_node_three/navigation_node_three.egg-info/entry_points.txt
[21.818s] writing requirements to ../../build/navigation_node_three/navigation_node_three.egg-info/requires.txt
[21.818s] writing top-level names to ../../build/navigation_node_three/navigation_node_three.egg-info/top_level.txt
[22.218s] reading manifest file '../../build/navigation_node_three/navigation_node_three.egg-info/SOURCES.txt'
[22.235s] writing manifest file '../../build/navigation_node_three/navigation_node_three.egg-info/SOURCES.txt'
[22.237s] running build
[22.237s] running build_py
[22.257s] running install
[22.259s] running install_lib
[22.274s] running install_data
[22.277s] running install_egg_info
[22.282s] removing '/home/unitree/106a_final/install/navigation_node_three/lib/python3.8/site-packages/navigation_node_three-0.0.0-py3.8.egg-info' (and everything under it)
[22.283s] Copying ../../build/navigation_node_three/navigation_node_three.egg-info to /home/unitree/106a_final/install/navigation_node_three/lib/python3.8/site-packages/navigation_node_three-0.0.0-py3.8.egg-info
[22.286s] running install_scripts
[22.399s] Installing navigator script to /home/unitree/106a_final/install/navigation_node_three/lib/navigation_node_three
[22.401s] writing list of installed files to '/home/unitree/106a_final/build/navigation_node_three/install.log'
[22.604s] Invoked command in '/home/unitree/106a_final/src/navigation_node_three' returned '0': PYTHONPATH=/home/unitree/106a_final/build/navigation_node_three/prefix_override:/home/unitree/106a_final/install/navigation_node_three/lib/python3.8/site-packages:${PYTHONPATH} /usr/bin/python3 setup.py egg_info --egg-base ../../build/navigation_node_three build --build-base /home/unitree/106a_final/build/navigation_node_three/build install --record /home/unitree/106a_final/build/navigation_node_three/install.log --install-scripts $base/lib/navigation_node_three --single-version-externally-managed
