make: Warning: File 'Makefile' has modification time 1764689065 s in the future
make[1]: Warning: File 'CMakeFiles/Makefile2' has modification time 1764689065 s in the future
make[2]: Warning: File 'CMakeFiles/base_wrapper.dir/flags.make' has modification time 1764689065 s in the future
make[2]: warning:  Clock skew detected.  Your build may be incomplete.
make[2]: Warning: File 'CMakeFiles/base_wrapper.dir/flags.make' has modification time 1764689065 s in the future
make[2]: warning:  Clock skew detected.  Your build may be incomplete.
[ 50%] Built target base_wrapper
make[2]: Warning: File 'CMakeFiles/base_driver.dir/flags.make' has modification time 1764689065 s in the future
make[2]: warning:  Clock skew detected.  Your build may be incomplete.
make[2]: Warning: File 'CMakeFiles/base_driver.dir/flags.make' has modification time 1764689065 s in the future
make[2]: warning:  Clock skew detected.  Your build may be incomplete.
make[1]: warning:  Clock skew detected.  Your build may be incomplete.
[100%] Built target base_driver
make: warning:  Clock skew detected.  Your build may be incomplete.
-- Install configuration: ""
-- Up-to-date: /home/unitree/106a_final/install/base_driver/lib/base_driver/base_driver
-- Up-to-date: /home/unitree/106a_final/install/base_driver/share/ament_index/resource_index/package_run_dependencies/base_driver
-- Up-to-date: /home/unitree/106a_final/install/base_driver/share/ament_index/resource_index/parent_prefix_path/base_driver
-- Up-to-date: /home/unitree/106a_final/install/base_driver/share/base_driver/environment/ament_prefix_path.sh
-- Up-to-date: /home/unitree/106a_final/install/base_driver/share/base_driver/environment/ament_prefix_path.dsv
-- Up-to-date: /home/unitree/106a_final/install/base_driver/share/base_driver/environment/path.sh
-- Up-to-date: /home/unitree/106a_final/install/base_driver/share/base_driver/environment/path.dsv
-- Up-to-date: /home/unitree/106a_final/install/base_driver/share/base_driver/local_setup.bash
-- Up-to-date: /home/unitree/106a_final/install/base_driver/share/base_driver/local_setup.sh
-- Up-to-date: /home/unitree/106a_final/install/base_driver/share/base_driver/local_setup.zsh
-- Up-to-date: /home/unitree/106a_final/install/base_driver/share/base_driver/local_setup.dsv
-- Installing: /home/unitree/106a_final/install/base_driver/share/base_driver/package.dsv
-- Up-to-date: /home/unitree/106a_final/install/base_driver/share/ament_index/resource_index/packages/base_driver
-- Up-to-date: /home/unitree/106a_final/install/base_driver/share/base_driver/cmake/base_driverConfig.cmake
-- Up-to-date: /home/unitree/106a_final/install/base_driver/share/base_driver/cmake/base_driverConfig-version.cmake
-- Up-to-date: /home/unitree/106a_final/install/base_driver/share/base_driver/package.xml
