[2.019s] Invoking command in '/home/unitree/106a_final/build/base_driver': CMAKE_PREFIX_PATH=${CMAKE_PREFIX_PATH}:/opt/ros/foxy /usr/bin/cmake --build /home/unitree/106a_final/build/base_driver -- -j4 -l4
[2.052s] make: Warning: File 'Makefile' has modification time 1764689065 s in the future
[2.191s] make[1]: Warning: File 'CMakeFiles/Makefile2' has modification time 1764689065 s in the future
[2.211s] make[2]: Warning: File 'CMakeFiles/base_wrapper.dir/flags.make' has modification time 1764689065 s in the future
[2.280s] make[2]: warning:  Clock skew detected.  Your build may be incomplete.
[2.301s] make[2]: Warning: File 'CMakeFiles/base_wrapper.dir/flags.make' has modification time 1764689065 s in the future
[2.301s] make[2]: warning:  Clock skew detected.  Your build may be incomplete.
[2.354s] [ 50%] Built target base_wrapper
[2.383s] make[2]: Warning: File 'CMakeFiles/base_driver.dir/flags.make' has modification time 1764689065 s in the future
[2.459s] make[2]: warning:  Clock skew detected.  Your build may be incomplete.
[2.479s] make[2]: Warning: File 'CMakeFiles/base_driver.dir/flags.make' has modification time 1764689065 s in the future
[2.496s] make[2]: warning:  Clock skew detected.  Your build may be incomplete.
[2.522s] make[1]: warning:  Clock skew detected.  Your build may be incomplete.
[2.522s] [100%] Built target base_driver
[2.542s] make: warning:  Clock skew detected.  Your build may be incomplete.
[3.795s] Invoked command in '/home/unitree/106a_final/build/base_driver' returned '0': CMAKE_PREFIX_PATH=${CMAKE_PREFIX_PATH}:/opt/ros/foxy /usr/bin/cmake --build /home/unitree/106a_final/build/base_driver -- -j4 -l4
[3.802s] Invoking command in '/home/unitree/106a_final/build/base_driver': CMAKE_PREFIX_PATH=${CMAKE_PREFIX_PATH}:/opt/ros/foxy /usr/bin/cmake --install /home/unitree/106a_final/build/base_driver
[3.834s] -- Install configuration: ""
[3.835s] -- Up-to-date: /home/unitree/106a_final/install/base_driver/lib/base_driver/base_driver
[3.835s] -- Up-to-date: /home/unitree/106a_final/install/base_driver/share/ament_index/resource_index/package_run_dependencies/base_driver
[3.835s] -- Up-to-date: /home/unitree/106a_final/install/base_driver/share/ament_index/resource_index/parent_prefix_path/base_driver
[3.835s] -- Up-to-date: /home/unitree/106a_final/install/base_driver/share/base_driver/environment/ament_prefix_path.sh
[3.835s] -- Up-to-date: /home/unitree/106a_final/install/base_driver/share/base_driver/environment/ament_prefix_path.dsv
[3.835s] -- Up-to-date: /home/unitree/106a_final/install/base_driver/share/base_driver/environment/path.sh
[3.835s] -- Up-to-date: /home/unitree/106a_final/install/base_driver/share/base_driver/environment/path.dsv
[3.836s] -- Up-to-date: /home/unitree/106a_final/install/base_driver/share/base_driver/local_setup.bash
[3.836s] -- Up-to-date: /home/unitree/106a_final/install/base_driver/share/base_driver/local_setup.sh
[3.836s] -- Up-to-date: /home/unitree/106a_final/install/base_driver/share/base_driver/local_setup.zsh
[3.836s] -- Up-to-date: /home/unitree/106a_final/install/base_driver/share/base_driver/local_setup.dsv
[3.836s] -- Installing: /home/unitree/106a_final/install/base_driver/share/base_driver/package.dsv
[3.836s] -- Up-to-date: /home/unitree/106a_final/install/base_driver/share/ament_index/resource_index/packages/base_driver
[3.836s] -- Up-to-date: /home/unitree/106a_final/install/base_driver/share/base_driver/cmake/base_driverConfig.cmake
[3.836s] -- Up-to-date: /home/unitree/106a_final/install/base_driver/share/base_driver/cmake/base_driverConfig-version.cmake
[3.837s] -- Up-to-date: /home/unitree/106a_final/install/base_driver/share/base_driver/package.xml
[4.914s] Invoked command in '/home/unitree/106a_final/build/base_driver' returned '0': CMAKE_PREFIX_PATH=${CMAKE_PREFIX_PATH}:/opt/ros/foxy /usr/bin/cmake --install /home/unitree/106a_final/build/base_driver
