[8.489s] Invoking command in '/home/unitree/106a_final/src/aruco_node': PYTHONPATH=/home/unitree/106a_final/build/aruco_node/prefix_override:/home/unitree/106a_final/install/aruco_node/lib/python3.8/site-packages:${PYTHONPATH} /usr/bin/python3 setup.py egg_info --egg-base ../../build/aruco_node build --build-base /home/unitree/106a_final/build/aruco_node/build install --record /home/unitree/106a_final/build/aruco_node/install.log --single-version-externally-managed
[9.965s] running egg_info
[9.966s] writing ../../build/aruco_node/aruco_node.egg-info/PKG-INFO
[9.967s] writing dependency_links to ../../build/aruco_node/aruco_node.egg-info/dependency_links.txt
[9.968s] writing entry points to ../../build/aruco_node/aruco_node.egg-info/entry_points.txt
[9.968s] writing requirements to ../../build/aruco_node/aruco_node.egg-info/requires.txt
[9.968s] writing top-level names to ../../build/aruco_node/aruco_node.egg-info/top_level.txt
[10.064s] reading manifest file '../../build/aruco_node/aruco_node.egg-info/SOURCES.txt'
[10.065s] writing manifest file '../../build/aruco_node/aruco_node.egg-info/SOURCES.txt'
[10.066s] running build
[10.066s] running build_py
[10.066s] running install
[10.069s] running install_lib
[10.073s] running install_data
[10.075s] running install_egg_info
[10.080s] removing '/home/unitree/106a_final/install/aruco_node/lib/python3.8/site-packages/aruco_node-0.0.0-py3.8.egg-info' (and everything under it)
[10.082s] Copying ../../build/aruco_node/aruco_node.egg-info to /home/unitree/106a_final/install/aruco_node/lib/python3.8/site-packages/aruco_node-0.0.0-py3.8.egg-info
[10.083s] running install_scripts
[10.140s] Installing aruco script to /home/unitree/106a_final/install/aruco_node/lib/aruco_node
[10.141s] writing list of installed files to '/home/unitree/106a_final/build/aruco_node/install.log'
[11.598s] Invoked command in '/home/unitree/106a_final/src/aruco_node' returned '0': PYTHONPATH=/home/unitree/106a_final/build/aruco_node/prefix_override:/home/unitree/106a_final/install/aruco_node/lib/python3.8/site-packages:${PYTHONPATH} /usr/bin/python3 setup.py egg_info --egg-base ../../build/aruco_node build --build-base /home/unitree/106a_final/build/aruco_node/build install --record /home/unitree/106a_final/build/aruco_node/install.log --single-version-externally-managed
