[4.310s] Invoking command in '/home/unitree/106a_final/src/arm_control': PYTHONPATH=/home/unitree/106a_final/build/arm_control/prefix_override:/home/unitree/106a_final/install/arm_control/lib/python3.8/site-packages:${PYTHONPATH} /usr/bin/python3 setup.py egg_info --egg-base ../../build/arm_control build --build-base /home/unitree/106a_final/build/arm_control/build install --record /home/unitree/106a_final/build/arm_control/install.log --install-scripts $base/lib/arm_control --single-version-externally-managed
[4.755s] running egg_info
[4.756s] writing ../../build/arm_control/arm_control.egg-info/PKG-INFO
[4.757s] writing dependency_links to ../../build/arm_control/arm_control.egg-info/dependency_links.txt
[4.757s] writing entry points to ../../build/arm_control/arm_control.egg-info/entry_points.txt
[4.757s] writing requirements to ../../build/arm_control/arm_control.egg-info/requires.txt
[4.758s] writing top-level names to ../../build/arm_control/arm_control.egg-info/top_level.txt
[4.828s] reading manifest file '../../build/arm_control/arm_control.egg-info/SOURCES.txt'
[4.829s] writing manifest file '../../build/arm_control/arm_control.egg-info/SOURCES.txt'
[4.830s] running build
[4.831s] running build_py
[4.833s] running install
[4.833s] running install_lib
[4.835s] running install_data
[4.836s] running install_egg_info
[4.838s] removing '/home/unitree/106a_final/install/arm_control/lib/python3.8/site-packages/arm_control-0.0.0-py3.8.egg-info' (and everything under it)
[4.839s] Copying ../../build/arm_control/arm_control.egg-info to /home/unitree/106a_final/install/arm_control/lib/python3.8/site-packages/arm_control-0.0.0-py3.8.egg-info
[4.841s] running install_scripts
[4.874s] Installing arm_node script to /home/unitree/106a_final/install/arm_control/lib/arm_control
[4.875s] Installing servo_driver script to /home/unitree/106a_final/install/arm_control/lib/arm_control
[4.876s] writing list of installed files to '/home/unitree/106a_final/build/arm_control/install.log'
[5.772s] Invoked command in '/home/unitree/106a_final/src/arm_control' returned '0': PYTHONPATH=/home/unitree/106a_final/build/arm_control/prefix_override:/home/unitree/106a_final/install/arm_control/lib/python3.8/site-packages:${PYTHONPATH} /usr/bin/python3 setup.py egg_info --egg-base ../../build/arm_control build --build-base /home/unitree/106a_final/build/arm_control/build install --record /home/unitree/106a_final/build/arm_control/install.log --install-scripts $base/lib/arm_control --single-version-externally-managed
