[1.915s] Invoking command in '/home/unitree/106a_final/build/base_driver': CMAKE_PREFIX_PATH=${CMAKE_PREFIX_PATH}:/opt/ros/foxy /usr/bin/cmake --build /home/unitree/106a_final/build/base_driver -- -j4 -l4
[1.934s] make: Warning: File 'Makefile' has modification time 1764698773 s in the future
[1.994s] make[1]: Warning: File 'CMakeFiles/Makefile2' has modification time 1764698773 s in the future
[1.998s] make[2]: Warning: File 'CMakeFiles/base_wrapper.dir/flags.make' has modification time 1764698773 s in the future
[2.021s] make[2]: warning:  Clock skew detected.  Your build may be incomplete.
[2.024s] make[2]: Warning: File 'CMakeFiles/base_wrapper.dir/flags.make' has modification time 1764698773 s in the future
[2.024s] make[2]: warning:  Clock skew detected.  Your build may be incomplete.
[2.044s] [ 50%] Built target base_wrapper
[2.051s] make[2]: Warning: File 'CMakeFiles/base_driver.dir/flags.make' has modification time 1764698773 s in the future
[2.076s] make[2]: warning:  Clock skew detected.  Your build may be incomplete.
[2.080s] make[2]: Warning: File 'CMakeFiles/base_driver.dir/flags.make' has modification time 1764698773 s in the future
[2.097s] make[2]: warning:  Clock skew detected.  Your build may be incomplete.
[2.115s] [100%] Built target base_driver
[2.117s] make[1]: warning:  Clock skew detected.  Your build may be incomplete.
[2.136s] make: warning:  Clock skew detected.  Your build may be incomplete.
[3.139s] Invoked command in '/home/unitree/106a_final/build/base_driver' returned '0': CMAKE_PREFIX_PATH=${CMAKE_PREFIX_PATH}:/opt/ros/foxy /usr/bin/cmake --build /home/unitree/106a_final/build/base_driver -- -j4 -l4
[3.144s] Invoking command in '/home/unitree/106a_final/build/base_driver': CMAKE_PREFIX_PATH=${CMAKE_PREFIX_PATH}:/opt/ros/foxy /usr/bin/cmake --install /home/unitree/106a_final/build/base_driver
[3.165s] -- Install configuration: ""
[3.166s] -- Up-to-date: /home/unitree/106a_final/install/base_driver/lib/base_driver/base_driver
[3.167s] -- Up-to-date: /home/unitree/106a_final/install/base_driver/lib/base_driver/libbase_wrapper.a
[3.167s] -- Up-to-date: /home/unitree/106a_final/install/base_driver/include
[3.167s] -- Up-to-date: /home/unitree/106a_final/install/base_driver/include/base_driver
[3.168s] -- Up-to-date: /home/unitree/106a_final/install/base_driver/share/ament_index/resource_index/package_run_dependencies/base_driver
[3.169s] -- Up-to-date: /home/unitree/106a_final/install/base_driver/share/ament_index/resource_index/parent_prefix_path/base_driver
[3.169s] -- Up-to-date: /home/unitree/106a_final/install/base_driver/share/base_driver/environment/ament_prefix_path.sh
[3.169s] -- Up-to-date: /home/unitree/106a_final/install/base_driver/share/base_driver/environment/ament_prefix_path.dsv
[3.169s] -- Up-to-date: /home/unitree/106a_final/install/base_driver/share/base_driver/environment/path.sh
[3.170s] -- Up-to-date: /home/unitree/106a_final/install/base_driver/share/base_driver/environment/path.dsv
[3.170s] -- Up-to-date: /home/unitree/106a_final/install/base_driver/share/base_driver/local_setup.bash
[3.170s] -- Up-to-date: /home/unitree/106a_final/install/base_driver/share/base_driver/local_setup.sh
[3.170s] -- Up-to-date: /home/unitree/106a_final/install/base_driver/share/base_driver/local_setup.zsh
[3.171s] -- Up-to-date: /home/unitree/106a_final/install/base_driver/share/base_driver/local_setup.dsv
[3.171s] -- Installing: /home/unitree/106a_final/install/base_driver/share/base_driver/package.dsv
[3.172s] -- Up-to-date: /home/unitree/106a_final/install/base_driver/share/ament_index/resource_index/packages/base_driver
[3.172s] -- Up-to-date: /home/unitree/106a_final/install/base_driver/share/base_driver/cmake/base_driverConfig.cmake
[3.172s] -- Up-to-date: /home/unitree/106a_final/install/base_driver/share/base_driver/cmake/base_driverConfig-version.cmake
[3.172s] -- Up-to-date: /home/unitree/106a_final/install/base_driver/share/base_driver/package.xml
[4.005s] Invoked command in '/home/unitree/106a_final/build/base_driver' returned '0': CMAKE_PREFIX_PATH=${CMAKE_PREFIX_PATH}:/opt/ros/foxy /usr/bin/cmake --install /home/unitree/106a_final/build/base_driver
