[4.217s] Invoking command in '/home/unitree/106a_final/src/navigation_node': PYTHONPATH=/home/unitree/106a_final/build/navigation_node/prefix_override:/home/unitree/106a_final/install/navigation_node/lib/python3.8/site-packages:${PYTHONPATH} /usr/bin/python3 setup.py egg_info --egg-base ../../build/navigation_node build --build-base /home/unitree/106a_final/build/navigation_node/build install --record /home/unitree/106a_final/build/navigation_node/install.log --install-scripts $base/lib/navigation_node --single-version-externally-managed
[4.672s] running egg_info
[4.674s] writing ../../build/navigation_node/navigation_node.egg-info/PKG-INFO
[4.674s] writing dependency_links to ../../build/navigation_node/navigation_node.egg-info/dependency_links.txt
[4.674s] writing entry points to ../../build/navigation_node/navigation_node.egg-info/entry_points.txt
[4.675s] writing requirements to ../../build/navigation_node/navigation_node.egg-info/requires.txt
[4.675s] writing top-level names to ../../build/navigation_node/navigation_node.egg-info/top_level.txt
[4.740s] reading manifest file '../../build/navigation_node/navigation_node.egg-info/SOURCES.txt'
[4.742s] writing manifest file '../../build/navigation_node/navigation_node.egg-info/SOURCES.txt'
[4.742s] running build
[4.743s] running build_py
[4.743s] running install
[4.746s] running install_lib
[4.750s] running install_data
[4.751s] running install_egg_info
[4.756s] removing '/home/unitree/106a_final/install/navigation_node/lib/python3.8/site-packages/navigation_node-0.0.0-py3.8.egg-info' (and everything under it)
[4.757s] Copying ../../build/navigation_node/navigation_node.egg-info to /home/unitree/106a_final/install/navigation_node/lib/python3.8/site-packages/navigation_node-0.0.0-py3.8.egg-info
[4.759s] running install_scripts
[4.796s] Installing nav_node_go script to /home/unitree/106a_final/install/navigation_node/lib/navigation_node
[4.797s] writing list of installed files to '/home/unitree/106a_final/build/navigation_node/install.log'
[5.128s] Invoked command in '/home/unitree/106a_final/src/navigation_node' returned '0': PYTHONPATH=/home/unitree/106a_final/build/navigation_node/prefix_override:/home/unitree/106a_final/install/navigation_node/lib/python3.8/site-packages:${PYTHONPATH} /usr/bin/python3 setup.py egg_info --egg-base ../../build/navigation_node build --build-base /home/unitree/106a_final/build/navigation_node/build install --record /home/unitree/106a_final/build/navigation_node/install.log --install-scripts $base/lib/navigation_node --single-version-externally-managed
