[1.556s] Invoking command in '/home/unitree/106a_final/build/base_driver': CMAKE_PREFIX_PATH=${CMAKE_PREFIX_PATH}:/home/unitree/106a_final/install/go2_bringup:/home/unitree/106a_final/install/vision_node:/home/unitree/106a_final/install/navigation_return_node:/home/unitree/106a_final/install/navigation_node_two:/home/unitree/106a_final/install/navigation_node_three:/home/unitree/106a_final/install/navigation_node:/home/unitree/106a_final/install/navigatigation_node_three:/home/unitree/106a_final/install/aruco_node:/home/unitree/106a_final/install/arm_control /usr/bin/cmake --build /home/unitree/106a_final/build/base_driver -- -j4 -l4
[1.576s] make: Warning: File 'Makefile' has modification time 1764688781 s in the future
[1.615s] make[1]: Warning: File 'CMakeFiles/Makefile2' has modification time 1764688781 s in the future
[1.615s] make[2]: Warning: File 'CMakeFiles/base_wrapper.dir/flags.make' has modification time 1764688781 s in the future
[1.637s] make[2]: warning:  Clock skew detected.  Your build may be incomplete.
[1.644s] make[2]: Warning: File 'CMakeFiles/base_wrapper.dir/flags.make' has modification time 1764688781 s in the future
[1.645s] make[2]: warning:  Clock skew detected.  Your build may be incomplete.
[1.695s] [ 50%] Built target base_wrapper
[1.722s] make[2]: Warning: File 'CMakeFiles/base_driver.dir/flags.make' has modification time 1764688780 s in the future
[1.779s] make[2]: warning:  Clock skew detected.  Your build may be incomplete.
[1.794s] make[2]: Warning: File 'CMakeFiles/base_driver.dir/flags.make' has modification time 1764688780 s in the future
[1.823s] make[2]: warning:  Clock skew detected.  Your build may be incomplete.
[1.870s] [100%] Built target base_driver
[1.872s] make[1]: warning:  Clock skew detected.  Your build may be incomplete.
[1.891s] make: warning:  Clock skew detected.  Your build may be incomplete.
[2.620s] Invoked command in '/home/unitree/106a_final/build/base_driver' returned '0': CMAKE_PREFIX_PATH=${CMAKE_PREFIX_PATH}:/home/unitree/106a_final/install/go2_bringup:/home/unitree/106a_final/install/vision_node:/home/unitree/106a_final/install/navigation_return_node:/home/unitree/106a_final/install/navigation_node_two:/home/unitree/106a_final/install/navigation_node_three:/home/unitree/106a_final/install/navigation_node:/home/unitree/106a_final/install/navigatigation_node_three:/home/unitree/106a_final/install/aruco_node:/home/unitree/106a_final/install/arm_control /usr/bin/cmake --build /home/unitree/106a_final/build/base_driver -- -j4 -l4
[2.626s] Invoking command in '/home/unitree/106a_final/build/base_driver': CMAKE_PREFIX_PATH=${CMAKE_PREFIX_PATH}:/home/unitree/106a_final/install/go2_bringup:/home/unitree/106a_final/install/vision_node:/home/unitree/106a_final/install/navigation_return_node:/home/unitree/106a_final/install/navigation_node_two:/home/unitree/106a_final/install/navigation_node_three:/home/unitree/106a_final/install/navigation_node:/home/unitree/106a_final/install/navigatigation_node_three:/home/unitree/106a_final/install/aruco_node:/home/unitree/106a_final/install/arm_control /usr/bin/cmake --install /home/unitree/106a_final/build/base_driver
[2.653s] -- Install configuration: ""
[2.654s] -- Up-to-date: /home/unitree/106a_final/install/base_driver/lib/base_driver/base_driver
[2.654s] -- Up-to-date: /home/unitree/106a_final/install/base_driver/share/ament_index/resource_index/package_run_dependencies/base_driver
[2.654s] -- Up-to-date: /home/unitree/106a_final/install/base_driver/share/ament_index/resource_index/parent_prefix_path/base_driver
[2.654s] -- Up-to-date: /home/unitree/106a_final/install/base_driver/share/base_driver/environment/ament_prefix_path.sh
[2.654s] -- Up-to-date: /home/unitree/106a_final/install/base_driver/share/base_driver/environment/ament_prefix_path.dsv
[2.655s] -- Up-to-date: /home/unitree/106a_final/install/base_driver/share/base_driver/environment/path.sh
[2.655s] -- Up-to-date: /home/unitree/106a_final/install/base_driver/share/base_driver/environment/path.dsv
[2.655s] -- Up-to-date: /home/unitree/106a_final/install/base_driver/share/base_driver/local_setup.bash
[2.655s] -- Up-to-date: /home/unitree/106a_final/install/base_driver/share/base_driver/local_setup.sh
[2.655s] -- Up-to-date: /home/unitree/106a_final/install/base_driver/share/base_driver/local_setup.zsh
[2.655s] -- Up-to-date: /home/unitree/106a_final/install/base_driver/share/base_driver/local_setup.dsv
[2.655s] -- Installing: /home/unitree/106a_final/install/base_driver/share/base_driver/package.dsv
[2.655s] -- Up-to-date: /home/unitree/106a_final/install/base_driver/share/ament_index/resource_index/packages/base_driver
[2.655s] -- Up-to-date: /home/unitree/106a_final/install/base_driver/share/base_driver/cmake/base_driverConfig.cmake
[2.656s] -- Up-to-date: /home/unitree/106a_final/install/base_driver/share/base_driver/cmake/base_driverConfig-version.cmake
[2.656s] -- Up-to-date: /home/unitree/106a_final/install/base_driver/share/base_driver/package.xml
[3.363s] Invoked command in '/home/unitree/106a_final/build/base_driver' returned '0': CMAKE_PREFIX_PATH=${CMAKE_PREFIX_PATH}:/home/unitree/106a_final/install/go2_bringup:/home/unitree/106a_final/install/vision_node:/home/unitree/106a_final/install/navigation_return_node:/home/unitree/106a_final/install/navigation_node_two:/home/unitree/106a_final/install/navigation_node_three:/home/unitree/106a_final/install/navigation_node:/home/unitree/106a_final/install/navigatigation_node_three:/home/unitree/106a_final/install/aruco_node:/home/unitree/106a_final/install/arm_control /usr/bin/cmake --install /home/unitree/106a_final/build/base_driver
