[5.424s] Invoking command in '/home/unitree/106a_final/src/vision_node': PYTHONPATH=/home/unitree/106a_final/build/vision_node/prefix_override:/home/unitree/106a_final/install/vision_node/lib/python3.8/site-packages:${PYTHONPATH} /usr/bin/python3 setup.py egg_info --egg-base ../../build/vision_node build --build-base /home/unitree/106a_final/build/vision_node/build install --record /home/unitree/106a_final/build/vision_node/install.log --install-scripts $base/lib/vision_node --single-version-externally-managed
[5.929s] running egg_info
[5.931s] writing ../../build/vision_node/vision_node.egg-info/PKG-INFO
[5.931s] writing dependency_links to ../../build/vision_node/vision_node.egg-info/dependency_links.txt
[5.932s] writing entry points to ../../build/vision_node/vision_node.egg-info/entry_points.txt
[5.932s] writing requirements to ../../build/vision_node/vision_node.egg-info/requires.txt
[5.932s] writing top-level names to ../../build/vision_node/vision_node.egg-info/top_level.txt
[5.996s] reading manifest file '../../build/vision_node/vision_node.egg-info/SOURCES.txt'
[5.998s] writing manifest file '../../build/vision_node/vision_node.egg-info/SOURCES.txt'
[5.998s] running build
[5.998s] running build_py
[5.999s] copying vision_node/arm_aruco.py -> /home/unitree/106a_final/build/vision_node/build/lib/vision_node
[5.999s] running install
[6.001s] running install_lib
[6.004s] copying /home/unitree/106a_final/build/vision_node/build/lib/vision_node/arm_aruco.py -> /home/unitree/106a_final/install/vision_node/lib/python3.8/site-packages/vision_node
[6.005s] byte-compiling /home/unitree/106a_final/install/vision_node/lib/python3.8/site-packages/vision_node/arm_aruco.py to arm_aruco.cpython-38.pyc
[6.008s] running install_data
[6.010s] running install_egg_info
[6.013s] removing '/home/unitree/106a_final/install/vision_node/lib/python3.8/site-packages/vision_node-0.0.0-py3.8.egg-info' (and everything under it)
[6.015s] Copying ../../build/vision_node/vision_node.egg-info to /home/unitree/106a_final/install/vision_node/lib/python3.8/site-packages/vision_node-0.0.0-py3.8.egg-info
[6.016s] running install_scripts
[6.056s] Installing arm_aruco script to /home/unitree/106a_final/install/vision_node/lib/vision_node
[6.057s] Installing pingpong_node script to /home/unitree/106a_final/install/vision_node/lib/vision_node
[6.057s] writing list of installed files to '/home/unitree/106a_final/build/vision_node/install.log'
[6.714s] Invoked command in '/home/unitree/106a_final/src/vision_node' returned '0': PYTHONPATH=/home/unitree/106a_final/build/vision_node/prefix_override:/home/unitree/106a_final/install/vision_node/lib/python3.8/site-packages:${PYTHONPATH} /usr/bin/python3 setup.py egg_info --egg-base ../../build/vision_node build --build-base /home/unitree/106a_final/build/vision_node/build install --record /home/unitree/106a_final/build/vision_node/install.log --install-scripts $base/lib/vision_node --single-version-externally-managed
