[2.017s] Invoking command in '/home/unitree/106a_final/src/arm_control': PYTHONPATH=/home/unitree/106a_final/build/arm_control/prefix_override:/home/unitree/106a_final/install/arm_control/lib/python3.8/site-packages:${PYTHONPATH} /usr/bin/python3 setup.py egg_info --egg-base ../../build/arm_control build --build-base /home/unitree/106a_final/build/arm_control/build install --record /home/unitree/106a_final/build/arm_control/install.log --install-scripts $base/lib/arm_control --single-version-externally-managed
[2.445s] running egg_info
[2.446s] writing ../../build/arm_control/arm_control.egg-info/PKG-INFO
[2.446s] writing dependency_links to ../../build/arm_control/arm_control.egg-info/dependency_links.txt
[2.446s] writing entry points to ../../build/arm_control/arm_control.egg-info/entry_points.txt
[2.447s] writing requirements to ../../build/arm_control/arm_control.egg-info/requires.txt
[2.447s] writing top-level names to ../../build/arm_control/arm_control.egg-info/top_level.txt
[2.504s] reading manifest file '../../build/arm_control/arm_control.egg-info/SOURCES.txt'
[2.506s] writing manifest file '../../build/arm_control/arm_control.egg-info/SOURCES.txt'
[2.506s] running build
[2.506s] running build_py
[2.507s] running install
[2.508s] running install_lib
[2.511s] running install_data
[2.511s] running install_egg_info
[2.514s] removing '/home/unitree/106a_final/install/arm_control/lib/python3.8/site-packages/arm_control-0.0.0-py3.8.egg-info' (and everything under it)
[2.515s] Copying ../../build/arm_control/arm_control.egg-info to /home/unitree/106a_final/install/arm_control/lib/python3.8/site-packages/arm_control-0.0.0-py3.8.egg-info
[2.517s] running install_scripts
[2.550s] Installing arm_node script to /home/unitree/106a_final/install/arm_control/lib/arm_control
[2.550s] Installing servo_driver script to /home/unitree/106a_final/install/arm_control/lib/arm_control
[2.551s] writing list of installed files to '/home/unitree/106a_final/build/arm_control/install.log'
[2.606s] Invoked command in '/home/unitree/106a_final/src/arm_control' returned '0': PYTHONPATH=/home/unitree/106a_final/build/arm_control/prefix_override:/home/unitree/106a_final/install/arm_control/lib/python3.8/site-packages:${PYTHONPATH} /usr/bin/python3 setup.py egg_info --egg-base ../../build/arm_control build --build-base /home/unitree/106a_final/build/arm_control/build install --record /home/unitree/106a_final/build/arm_control/install.log --install-scripts $base/lib/arm_control --single-version-externally-managed
