[14.923s] Invoking command in '/home/unitree/106a_final/src/navigation_node_three': PYTHONPATH=/home/unitree/106a_final/build/navigation_node_three/prefix_override:/home/unitree/106a_final/install/navigation_node_three/lib/python3.8/site-packages:${PYTHONPATH} /usr/bin/python3 setup.py egg_info --egg-base ../../build/navigation_node_three build --build-base /home/unitree/106a_final/build/navigation_node_three/build install --record /home/unitree/106a_final/build/navigation_node_three/install.log --install-scripts $base/lib/navigation_node_three --single-version-externally-managed
[16.767s] running egg_info
[16.767s] writing ../../build/navigation_node_three/navigation_node_three.egg-info/PKG-INFO
[16.767s] writing dependency_links to ../../build/navigation_node_three/navigation_node_three.egg-info/dependency_links.txt
[16.768s] writing entry points to ../../build/navigation_node_three/navigation_node_three.egg-info/entry_points.txt
[16.768s] writing requirements to ../../build/navigation_node_three/navigation_node_three.egg-info/requires.txt
[16.768s] writing top-level names to ../../build/navigation_node_three/navigation_node_three.egg-info/top_level.txt
[16.768s] reading manifest file '../../build/navigation_node_three/navigation_node_three.egg-info/SOURCES.txt'
[16.768s] writing manifest file '../../build/navigation_node_three/navigation_node_three.egg-info/SOURCES.txt'
[16.769s] running build
[16.769s] running build_py
[16.769s] running install
[16.769s] running install_lib
[16.769s] running install_data
[16.769s] running install_egg_info
[16.769s] removing '/home/unitree/106a_final/install/navigation_node_three/lib/python3.8/site-packages/navigation_node_three-0.0.0-py3.8.egg-info' (and everything under it)
[16.770s] Copying ../../build/navigation_node_three/navigation_node_three.egg-info to /home/unitree/106a_final/install/navigation_node_three/lib/python3.8/site-packages/navigation_node_three-0.0.0-py3.8.egg-info
[16.770s] running install_scripts
[16.770s] Installing navigator script to /home/unitree/106a_final/install/navigation_node_three/lib/navigation_node_three
[16.770s] writing list of installed files to '/home/unitree/106a_final/build/navigation_node_three/install.log'
[18.093s] Invoked command in '/home/unitree/106a_final/src/navigation_node_three' returned '0': PYTHONPATH=/home/unitree/106a_final/build/navigation_node_three/prefix_override:/home/unitree/106a_final/install/navigation_node_three/lib/python3.8/site-packages:${PYTHONPATH} /usr/bin/python3 setup.py egg_info --egg-base ../../build/navigation_node_three build --build-base /home/unitree/106a_final/build/navigation_node_three/build install --record /home/unitree/106a_final/build/navigation_node_three/install.log --install-scripts $base/lib/navigation_node_three --single-version-externally-managed
