[10.966s] Invoking command in '/home/unitree/106a_final/src/aruco_node': PYTHONPATH=/home/unitree/106a_final/build/aruco_node/prefix_override:/home/unitree/106a_final/install/aruco_node/lib/python3.8/site-packages:${PYTHONPATH} /usr/bin/python3 setup.py egg_info --egg-base ../../build/aruco_node build --build-base /home/unitree/106a_final/build/aruco_node/build install --record /home/unitree/106a_final/build/aruco_node/install.log --single-version-externally-managed
[12.182s] running egg_info
[12.183s] writing ../../build/aruco_node/aruco_node.egg-info/PKG-INFO
[12.184s] writing dependency_links to ../../build/aruco_node/aruco_node.egg-info/dependency_links.txt
[12.184s] writing entry points to ../../build/aruco_node/aruco_node.egg-info/entry_points.txt
[12.185s] writing requirements to ../../build/aruco_node/aruco_node.egg-info/requires.txt
[12.185s] writing top-level names to ../../build/aruco_node/aruco_node.egg-info/top_level.txt
[12.253s] reading manifest file '../../build/aruco_node/aruco_node.egg-info/SOURCES.txt'
[12.255s] writing manifest file '../../build/aruco_node/aruco_node.egg-info/SOURCES.txt'
[12.255s] running build
[12.255s] running build_py
[12.255s] running install
[12.257s] running install_lib
[12.261s] running install_data
[12.261s] running install_egg_info
[12.266s] removing '/home/unitree/106a_final/install/aruco_node/lib/python3.8/site-packages/aruco_node-0.0.0-py3.8.egg-info' (and everything under it)
[12.266s] Copying ../../build/aruco_node/aruco_node.egg-info to /home/unitree/106a_final/install/aruco_node/lib/python3.8/site-packages/aruco_node-0.0.0-py3.8.egg-info
[12.269s] running install_scripts
[12.311s] Installing aruco script to /home/unitree/106a_final/install/aruco_node/lib/aruco_node
[12.312s] writing list of installed files to '/home/unitree/106a_final/build/aruco_node/install.log'
[14.982s] Invoked command in '/home/unitree/106a_final/src/aruco_node' returned '0': PYTHONPATH=/home/unitree/106a_final/build/aruco_node/prefix_override:/home/unitree/106a_final/install/aruco_node/lib/python3.8/site-packages:${PYTHONPATH} /usr/bin/python3 setup.py egg_info --egg-base ../../build/aruco_node build --build-base /home/unitree/106a_final/build/aruco_node/build install --record /home/unitree/106a_final/build/aruco_node/install.log --single-version-externally-managed
