[3.522s] Invoking command in '/home/unitree/106a_final/src/navigation_node': PYTHONPATH=/home/unitree/106a_final/build/navigation_node/prefix_override:/home/unitree/106a_final/install/navigation_node/lib/python3.8/site-packages:${PYTHONPATH} /usr/bin/python3 setup.py egg_info --egg-base ../../build/navigation_node build --build-base /home/unitree/106a_final/build/navigation_node/build install --record /home/unitree/106a_final/build/navigation_node/install.log --install-scripts $base/lib/navigation_node --single-version-externally-managed
[3.960s] running egg_info
[3.961s] writing ../../build/navigation_node/navigation_node.egg-info/PKG-INFO
[3.961s] writing dependency_links to ../../build/navigation_node/navigation_node.egg-info/dependency_links.txt
[3.961s] writing entry points to ../../build/navigation_node/navigation_node.egg-info/entry_points.txt
[3.961s] writing requirements to ../../build/navigation_node/navigation_node.egg-info/requires.txt
[3.961s] writing top-level names to ../../build/navigation_node/navigation_node.egg-info/top_level.txt
[4.024s] reading manifest file '../../build/navigation_node/navigation_node.egg-info/SOURCES.txt'
[4.025s] writing manifest file '../../build/navigation_node/navigation_node.egg-info/SOURCES.txt'
[4.026s] running build
[4.026s] running build_py
[4.026s] running install
[4.028s] running install_lib
[4.031s] running install_data
[4.032s] running install_egg_info
[4.036s] removing '/home/unitree/106a_final/install/navigation_node/lib/python3.8/site-packages/navigation_node-0.0.0-py3.8.egg-info' (and everything under it)
[4.037s] Copying ../../build/navigation_node/navigation_node.egg-info to /home/unitree/106a_final/install/navigation_node/lib/python3.8/site-packages/navigation_node-0.0.0-py3.8.egg-info
[4.039s] running install_scripts
[4.078s] Installing nav_node_go script to /home/unitree/106a_final/install/navigation_node/lib/navigation_node
[4.078s] writing list of installed files to '/home/unitree/106a_final/build/navigation_node/install.log'
[4.664s] Invoked command in '/home/unitree/106a_final/src/navigation_node' returned '0': PYTHONPATH=/home/unitree/106a_final/build/navigation_node/prefix_override:/home/unitree/106a_final/install/navigation_node/lib/python3.8/site-packages:${PYTHONPATH} /usr/bin/python3 setup.py egg_info --egg-base ../../build/navigation_node build --build-base /home/unitree/106a_final/build/navigation_node/build install --record /home/unitree/106a_final/build/navigation_node/install.log --install-scripts $base/lib/navigation_node --single-version-externally-managed
