[9.121s] Invoking command in '/home/unitree/106a_final/src/navigation_node': PYTHONPATH=/home/unitree/106a_final/build/navigation_node/prefix_override:/home/unitree/106a_final/install/navigation_node/lib/python3.8/site-packages:${PYTHONPATH} /usr/bin/python3 setup.py egg_info --egg-base ../../build/navigation_node build --build-base /home/unitree/106a_final/build/navigation_node/build install --record /home/unitree/106a_final/build/navigation_node/install.log --install-scripts $base/lib/navigation_node --single-version-externally-managed
[11.837s] running egg_info
[11.838s] writing ../../build/navigation_node/navigation_node.egg-info/PKG-INFO
[11.838s] writing dependency_links to ../../build/navigation_node/navigation_node.egg-info/dependency_links.txt
[11.838s] writing entry points to ../../build/navigation_node/navigation_node.egg-info/entry_points.txt
[11.838s] writing requirements to ../../build/navigation_node/navigation_node.egg-info/requires.txt
[11.838s] writing top-level names to ../../build/navigation_node/navigation_node.egg-info/top_level.txt
[11.839s] reading manifest file '../../build/navigation_node/navigation_node.egg-info/SOURCES.txt'
[11.839s] writing manifest file '../../build/navigation_node/navigation_node.egg-info/SOURCES.txt'
[11.839s] running build
[11.839s] running build_py
[11.839s] running install
[11.839s] running install_lib
[11.839s] running install_data
[11.839s] running install_egg_info
[11.839s] removing '/home/unitree/106a_final/install/navigation_node/lib/python3.8/site-packages/navigation_node-0.0.0-py3.8.egg-info' (and everything under it)
[11.840s] Copying ../../build/navigation_node/navigation_node.egg-info to /home/unitree/106a_final/install/navigation_node/lib/python3.8/site-packages/navigation_node-0.0.0-py3.8.egg-info
[11.840s] running install_scripts
[11.840s] Installing nav_node_go script to /home/unitree/106a_final/install/navigation_node/lib/navigation_node
[11.840s] writing list of installed files to '/home/unitree/106a_final/build/navigation_node/install.log'
[13.567s] Invoked command in '/home/unitree/106a_final/src/navigation_node' returned '0': PYTHONPATH=/home/unitree/106a_final/build/navigation_node/prefix_override:/home/unitree/106a_final/install/navigation_node/lib/python3.8/site-packages:${PYTHONPATH} /usr/bin/python3 setup.py egg_info --egg-base ../../build/navigation_node build --build-base /home/unitree/106a_final/build/navigation_node/build install --record /home/unitree/106a_final/build/navigation_node/install.log --install-scripts $base/lib/navigation_node --single-version-externally-managed
