[1.888s] Invoking command in '/home/unitree/106a_final/build/base_driver': CMAKE_PREFIX_PATH=${CMAKE_PREFIX_PATH}:/opt/ros/foxy /usr/bin/cmake --build /home/unitree/106a_final/build/base_driver -- -j4 -l4
[1.907s] make: Warning: File 'Makefile' has modification time 1764694498 s in the future
[1.955s] make[1]: Warning: File 'CMakeFiles/Makefile2' has modification time 1764694498 s in the future
[1.958s] make[2]: Warning: File 'CMakeFiles/base_wrapper.dir/flags.make' has modification time 1764694498 s in the future
[1.999s] make[2]: warning:  Clock skew detected.  Your build may be incomplete.
[2.002s] make[2]: Warning: File 'CMakeFiles/base_wrapper.dir/flags.make' has modification time 1764694498 s in the future
[2.003s] make[2]: warning:  Clock skew detected.  Your build may be incomplete.
[2.022s] [ 50%] Built target base_wrapper
[2.028s] make[2]: Warning: File 'CMakeFiles/base_driver.dir/flags.make' has modification time 1764694498 s in the future
[2.053s] make[2]: warning:  Clock skew detected.  Your build may be incomplete.
[2.057s] make[2]: Warning: File 'CMakeFiles/base_driver.dir/flags.make' has modification time 1764694498 s in the future
[2.073s] make[2]: warning:  Clock skew detected.  Your build may be incomplete.
[2.094s] [100%] Built target base_driver
[2.095s] make[1]: warning:  Clock skew detected.  Your build may be incomplete.
[2.116s] make: warning:  Clock skew detected.  Your build may be incomplete.
[3.047s] Invoked command in '/home/unitree/106a_final/build/base_driver' returned '0': CMAKE_PREFIX_PATH=${CMAKE_PREFIX_PATH}:/opt/ros/foxy /usr/bin/cmake --build /home/unitree/106a_final/build/base_driver -- -j4 -l4
[3.051s] Invoking command in '/home/unitree/106a_final/build/base_driver': CMAKE_PREFIX_PATH=${CMAKE_PREFIX_PATH}:/opt/ros/foxy /usr/bin/cmake --install /home/unitree/106a_final/build/base_driver
[3.073s] -- Install configuration: ""
[3.074s] -- Up-to-date: /home/unitree/106a_final/install/base_driver/lib/base_driver/base_driver
[3.074s] -- Up-to-date: /home/unitree/106a_final/install/base_driver/lib/base_driver/libbase_wrapper.a
[3.074s] -- Up-to-date: /home/unitree/106a_final/install/base_driver/include
[3.074s] -- Up-to-date: /home/unitree/106a_final/install/base_driver/include/base_driver
[3.075s] -- Up-to-date: /home/unitree/106a_final/install/base_driver/share/ament_index/resource_index/package_run_dependencies/base_driver
[3.076s] -- Up-to-date: /home/unitree/106a_final/install/base_driver/share/ament_index/resource_index/parent_prefix_path/base_driver
[3.076s] -- Up-to-date: /home/unitree/106a_final/install/base_driver/share/base_driver/environment/ament_prefix_path.sh
[3.076s] -- Up-to-date: /home/unitree/106a_final/install/base_driver/share/base_driver/environment/ament_prefix_path.dsv
[3.076s] -- Up-to-date: /home/unitree/106a_final/install/base_driver/share/base_driver/environment/path.sh
[3.076s] -- Up-to-date: /home/unitree/106a_final/install/base_driver/share/base_driver/environment/path.dsv
[3.076s] -- Up-to-date: /home/unitree/106a_final/install/base_driver/share/base_driver/local_setup.bash
[3.077s] -- Up-to-date: /home/unitree/106a_final/install/base_driver/share/base_driver/local_setup.sh
[3.077s] -- Up-to-date: /home/unitree/106a_final/install/base_driver/share/base_driver/local_setup.zsh
[3.077s] -- Up-to-date: /home/unitree/106a_final/install/base_driver/share/base_driver/local_setup.dsv
[3.077s] -- Installing: /home/unitree/106a_final/install/base_driver/share/base_driver/package.dsv
[3.077s] -- Up-to-date: /home/unitree/106a_final/install/base_driver/share/ament_index/resource_index/packages/base_driver
[3.077s] -- Up-to-date: /home/unitree/106a_final/install/base_driver/share/base_driver/cmake/base_driverConfig.cmake
[3.078s] -- Up-to-date: /home/unitree/106a_final/install/base_driver/share/base_driver/cmake/base_driverConfig-version.cmake
[3.078s] -- Up-to-date: /home/unitree/106a_final/install/base_driver/share/base_driver/package.xml
[3.935s] Invoked command in '/home/unitree/106a_final/build/base_driver' returned '0': CMAKE_PREFIX_PATH=${CMAKE_PREFIX_PATH}:/opt/ros/foxy /usr/bin/cmake --install /home/unitree/106a_final/build/base_driver
