[10.127s] Invoking command in '/home/unitree/106a_final/src/arm_control': PYTHONPATH=/home/unitree/106a_final/build/arm_control/prefix_override:/home/unitree/106a_final/install/arm_control/lib/python3.8/site-packages:${PYTHONPATH} /usr/bin/python3 setup.py egg_info --egg-base ../../build/arm_control build --build-base /home/unitree/106a_final/build/arm_control/build install --record /home/unitree/106a_final/build/arm_control/install.log --install-scripts $base/lib/arm_control --single-version-externally-managed
[11.312s] running egg_info
[11.312s] writing ../../build/arm_control/arm_control.egg-info/PKG-INFO
[11.312s] writing dependency_links to ../../build/arm_control/arm_control.egg-info/dependency_links.txt
[11.313s] writing entry points to ../../build/arm_control/arm_control.egg-info/entry_points.txt
[11.313s] writing requirements to ../../build/arm_control/arm_control.egg-info/requires.txt
[11.313s] writing top-level names to ../../build/arm_control/arm_control.egg-info/top_level.txt
[11.385s] reading manifest file '../../build/arm_control/arm_control.egg-info/SOURCES.txt'
[11.388s] writing manifest file '../../build/arm_control/arm_control.egg-info/SOURCES.txt'
[11.388s] running build
[11.388s] running build_py
[11.388s] running install
[11.391s] running install_lib
[11.397s] running install_data
[11.399s] running install_egg_info
[11.405s] removing '/home/unitree/106a_final/install/arm_control/lib/python3.8/site-packages/arm_control-0.0.0-py3.8.egg-info' (and everything under it)
[11.405s] Copying ../../build/arm_control/arm_control.egg-info to /home/unitree/106a_final/install/arm_control/lib/python3.8/site-packages/arm_control-0.0.0-py3.8.egg-info
[11.408s] running install_scripts
[11.457s] Installing arm_node script to /home/unitree/106a_final/install/arm_control/lib/arm_control
[11.458s] Installing servo_driver script to /home/unitree/106a_final/install/arm_control/lib/arm_control
[11.459s] writing list of installed files to '/home/unitree/106a_final/build/arm_control/install.log'
[14.090s] Invoked command in '/home/unitree/106a_final/src/arm_control' returned '0': PYTHONPATH=/home/unitree/106a_final/build/arm_control/prefix_override:/home/unitree/106a_final/install/arm_control/lib/python3.8/site-packages:${PYTHONPATH} /usr/bin/python3 setup.py egg_info --egg-base ../../build/arm_control build --build-base /home/unitree/106a_final/build/arm_control/build install --record /home/unitree/106a_final/build/arm_control/install.log --install-scripts $base/lib/arm_control --single-version-externally-managed
