[3.948s] Invoking command in '/home/unitree/106a_final/src/navigation_node_three': PYTHONPATH=/home/unitree/106a_final/build/navigation_node_three/prefix_override:/home/unitree/106a_final/install/navigation_node_three/lib/python3.8/site-packages:${PYTHONPATH} /usr/bin/python3 setup.py egg_info --egg-base ../../build/navigation_node_three build --build-base /home/unitree/106a_final/build/navigation_node_three/build install --record /home/unitree/106a_final/build/navigation_node_three/install.log --install-scripts $base/lib/navigation_node_three --single-version-externally-managed
[4.882s] running egg_info
[4.886s] writing ../../build/navigation_node_three/navigation_node_three.egg-info/PKG-INFO
[4.886s] writing dependency_links to ../../build/navigation_node_three/navigation_node_three.egg-info/dependency_links.txt
[4.886s] writing entry points to ../../build/navigation_node_three/navigation_node_three.egg-info/entry_points.txt
[4.887s] writing requirements to ../../build/navigation_node_three/navigation_node_three.egg-info/requires.txt
[4.887s] writing top-level names to ../../build/navigation_node_three/navigation_node_three.egg-info/top_level.txt
[4.970s] reading manifest file '../../build/navigation_node_three/navigation_node_three.egg-info/SOURCES.txt'
[4.973s] writing manifest file '../../build/navigation_node_three/navigation_node_three.egg-info/SOURCES.txt'
[4.974s] running build
[4.974s] running build_py
[4.975s] copying navigation_node_three/navigator.py -> /home/unitree/106a_final/build/navigation_node_three/build/lib/navigation_node_three
[4.977s] running install
[4.980s] running install_lib
[4.985s] copying /home/unitree/106a_final/build/navigation_node_three/build/lib/navigation_node_three/navigator.py -> /home/unitree/106a_final/install/navigation_node_three/lib/python3.8/site-packages/navigation_node_three
[4.999s] byte-compiling /home/unitree/106a_final/install/navigation_node_three/lib/python3.8/site-packages/navigation_node_three/navigator.py to navigator.cpython-38.pyc
[5.006s]   File "/home/unitree/106a_final/install/navigation_node_three/lib/python3.8/site-packages/navigation_node_three/navigator.py", line 39
[5.007s]     self.sub_vision = self->create_subscription(
[5.007s]                           ^
[5.007s] SyntaxError: invalid syntax
[5.007s] 
[5.008s] running install_data
[5.008s] running install_egg_info
[5.015s] removing '/home/unitree/106a_final/install/navigation_node_three/lib/python3.8/site-packages/navigation_node_three-0.0.0-py3.8.egg-info' (and everything under it)
[5.015s] Copying ../../build/navigation_node_three/navigation_node_three.egg-info to /home/unitree/106a_final/install/navigation_node_three/lib/python3.8/site-packages/navigation_node_three-0.0.0-py3.8.egg-info
[5.017s] running install_scripts
[5.108s] Installing navigator script to /home/unitree/106a_final/install/navigation_node_three/lib/navigation_node_three
[5.108s] writing list of installed files to '/home/unitree/106a_final/build/navigation_node_three/install.log'
[5.241s] Invoked command in '/home/unitree/106a_final/src/navigation_node_three' returned '0': PYTHONPATH=/home/unitree/106a_final/build/navigation_node_three/prefix_override:/home/unitree/106a_final/install/navigation_node_three/lib/python3.8/site-packages:${PYTHONPATH} /usr/bin/python3 setup.py egg_info --egg-base ../../build/navigation_node_three build --build-base /home/unitree/106a_final/build/navigation_node_three/build install --record /home/unitree/106a_final/build/navigation_node_three/install.log --install-scripts $base/lib/navigation_node_three --single-version-externally-managed
