[9.574s] Invoking command in '/home/unitree/106a_final/src/aruco_node': PYTHONPATH=/home/unitree/106a_final/build/aruco_node/prefix_override:/home/unitree/106a_final/install/aruco_node/lib/python3.8/site-packages:${PYTHONPATH} /usr/bin/python3 setup.py egg_info --egg-base ../../build/aruco_node build --build-base /home/unitree/106a_final/build/aruco_node/build install --record /home/unitree/106a_final/build/aruco_node/install.log --single-version-externally-managed
[10.525s] running egg_info
[10.526s] writing ../../build/aruco_node/aruco_node.egg-info/PKG-INFO
[10.527s] writing dependency_links to ../../build/aruco_node/aruco_node.egg-info/dependency_links.txt
[10.527s] writing entry points to ../../build/aruco_node/aruco_node.egg-info/entry_points.txt
[10.527s] writing requirements to ../../build/aruco_node/aruco_node.egg-info/requires.txt
[10.528s] writing top-level names to ../../build/aruco_node/aruco_node.egg-info/top_level.txt
[10.641s] reading manifest file '../../build/aruco_node/aruco_node.egg-info/SOURCES.txt'
[10.643s] writing manifest file '../../build/aruco_node/aruco_node.egg-info/SOURCES.txt'
[10.643s] running build
[10.643s] running build_py
[10.650s] running install
[10.652s] running install_lib
[10.663s] running install_data
[10.674s] running install_egg_info
[10.680s] removing '/home/unitree/106a_final/install/aruco_node/lib/python3.8/site-packages/aruco_node-0.0.0-py3.8.egg-info' (and everything under it)
[10.680s] Copying ../../build/aruco_node/aruco_node.egg-info to /home/unitree/106a_final/install/aruco_node/lib/python3.8/site-packages/aruco_node-0.0.0-py3.8.egg-info
[10.695s] running install_scripts
[10.769s] Installing aruco script to /home/unitree/106a_final/install/aruco_node/lib/aruco_node
[10.777s] writing list of installed files to '/home/unitree/106a_final/build/aruco_node/install.log'
[15.153s] Invoked command in '/home/unitree/106a_final/src/aruco_node' returned '0': PYTHONPATH=/home/unitree/106a_final/build/aruco_node/prefix_override:/home/unitree/106a_final/install/aruco_node/lib/python3.8/site-packages:${PYTHONPATH} /usr/bin/python3 setup.py egg_info --egg-base ../../build/aruco_node build --build-base /home/unitree/106a_final/build/aruco_node/build install --record /home/unitree/106a_final/build/aruco_node/install.log --single-version-externally-managed
