running egg_info
writing ../../build/navigation_return_node/navigation_return_node.egg-info/PKG-INFO
writing dependency_links to ../../build/navigation_return_node/navigation_return_node.egg-info/dependency_links.txt
writing entry points to ../../build/navigation_return_node/navigation_return_node.egg-info/entry_points.txt
writing requirements to ../../build/navigation_return_node/navigation_return_node.egg-info/requires.txt
writing top-level names to ../../build/navigation_return_node/navigation_return_node.egg-info/top_level.txt
reading manifest file '../../build/navigation_return_node/navigation_return_node.egg-info/SOURCES.txt'
writing manifest file '../../build/navigation_return_node/navigation_return_node.egg-info/SOURCES.txt'
running build
running build_py
copying navigation_return_node/return_navigator.py -> /home/unitree/106a_final/build/navigation_return_node/build/lib/navigation_return_node
running install
running install_lib
copying /home/unitree/106a_final/build/navigation_return_node/build/lib/navigation_return_node/return_navigator.py -> /home/unitree/106a_final/install/navigation_return_node/lib/python3.8/site-packages/navigation_return_node
byte-compiling /home/unitree/106a_final/install/navigation_return_node/lib/python3.8/site-packages/navigation_return_node/return_navigator.py to return_navigator.cpython-38.pyc
running install_data
running install_egg_info
removing '/home/unitree/106a_final/install/navigation_return_node/lib/python3.8/site-packages/navigation_return_node-0.0.0-py3.8.egg-info' (and everything under it)
Copying ../../build/navigation_return_node/navigation_return_node.egg-info to /home/unitree/106a_final/install/navigation_return_node/lib/python3.8/site-packages/navigation_return_node-0.0.0-py3.8.egg-info
running install_scripts
Installing gripper_release_node script to /home/unitree/106a_final/install/navigation_return_node/lib/navigation_return_node
Installing return_navigator script to /home/unitree/106a_final/install/navigation_return_node/lib/navigation_return_node
writing list of installed files to '/home/unitree/106a_final/build/navigation_return_node/install.log'
