[16.548s] Invoking command in '/home/unitree/106a_final/src/navigation_return_node': PYTHONPATH=/home/unitree/106a_final/build/navigation_return_node/prefix_override:/home/unitree/106a_final/install/navigation_return_node/lib/python3.8/site-packages:${PYTHONPATH} /usr/bin/python3 setup.py egg_info --egg-base ../../build/navigation_return_node build --build-base /home/unitree/106a_final/build/navigation_return_node/build install --record /home/unitree/106a_final/build/navigation_return_node/install.log --install-scripts $base/lib/navigation_return_node --single-version-externally-managed
[18.007s] running egg_info
[18.010s] writing ../../build/navigation_return_node/navigation_return_node.egg-info/PKG-INFO
[18.012s] writing dependency_links to ../../build/navigation_return_node/navigation_return_node.egg-info/dependency_links.txt
[18.017s] writing entry points to ../../build/navigation_return_node/navigation_return_node.egg-info/entry_points.txt
[18.018s] writing requirements to ../../build/navigation_return_node/navigation_return_node.egg-info/requires.txt
[18.018s] writing top-level names to ../../build/navigation_return_node/navigation_return_node.egg-info/top_level.txt
[18.170s] reading manifest file '../../build/navigation_return_node/navigation_return_node.egg-info/SOURCES.txt'
[18.173s] writing manifest file '../../build/navigation_return_node/navigation_return_node.egg-info/SOURCES.txt'
[18.173s] running build
[18.173s] running build_py
[18.173s] copying navigation_return_node/return_navigator.py -> /home/unitree/106a_final/build/navigation_return_node/build/lib/navigation_return_node
[18.174s] running install
[18.177s] running install_lib
[18.192s] copying /home/unitree/106a_final/build/navigation_return_node/build/lib/navigation_return_node/return_navigator.py -> /home/unitree/106a_final/install/navigation_return_node/lib/python3.8/site-packages/navigation_return_node
[18.198s] byte-compiling /home/unitree/106a_final/install/navigation_return_node/lib/python3.8/site-packages/navigation_return_node/return_navigator.py to return_navigator.cpython-38.pyc
[18.219s] running install_data
[18.239s] running install_egg_info
[18.259s] removing '/home/unitree/106a_final/install/navigation_return_node/lib/python3.8/site-packages/navigation_return_node-0.0.0-py3.8.egg-info' (and everything under it)
[18.264s] Copying ../../build/navigation_return_node/navigation_return_node.egg-info to /home/unitree/106a_final/install/navigation_return_node/lib/python3.8/site-packages/navigation_return_node-0.0.0-py3.8.egg-info
[18.279s] running install_scripts
[18.456s] Installing gripper_release_node script to /home/unitree/106a_final/install/navigation_return_node/lib/navigation_return_node
[18.457s] Installing return_navigator script to /home/unitree/106a_final/install/navigation_return_node/lib/navigation_return_node
[18.459s] writing list of installed files to '/home/unitree/106a_final/build/navigation_return_node/install.log'
[19.558s] Invoked command in '/home/unitree/106a_final/src/navigation_return_node' returned '0': PYTHONPATH=/home/unitree/106a_final/build/navigation_return_node/prefix_override:/home/unitree/106a_final/install/navigation_return_node/lib/python3.8/site-packages:${PYTHONPATH} /usr/bin/python3 setup.py egg_info --egg-base ../../build/navigation_return_node build --build-base /home/unitree/106a_final/build/navigation_return_node/build install --record /home/unitree/106a_final/build/navigation_return_node/install.log --install-scripts $base/lib/navigation_return_node --single-version-externally-managed
